Archive member included to satisfy reference by file (symbol)

/opt/work/e2_studio_v2/toolchains/gcc_arm/12_2_MPACBTI-Rel1/arm-gnu-toolchain-12.2.mpacbti-rel1-x86_64-arm-none-eabi/bin/../lib/gcc/arm-none-eabi/12.2.1/thumb/v8-m.base/nofp/libgcc.a(_clzsi2.o)
                              ./src/lfs.o (__clzsi2)
/opt/work/e2_studio_v2/toolchains/gcc_arm/12_2_MPACBTI-Rel1/arm-gnu-toolchain-12.2.mpacbti-rel1-x86_64-arm-none-eabi/bin/../lib/gcc/arm-none-eabi/12.2.1/thumb/v8-m.base/nofp/libgcc.a(_ctzsi2.o)
                              ./src/lfs.o (__ctzsi2)
/opt/work/e2_studio_v2/toolchains/gcc_arm/12_2_MPACBTI-Rel1/arm-gnu-toolchain-12.2.mpacbti-rel1-x86_64-arm-none-eabi/bin/../lib/gcc/arm-none-eabi/12.2.1/thumb/v8-m.base/nofp/libgcc.a(_muldi3.o)
                              ./ra/fsp/src/bsp/mcu/all/bsp_delay.o (__aeabi_lmul)
/opt/work/e2_studio_v2/toolchains/gcc_arm/12_2_MPACBTI-Rel1/arm-gnu-toolchain-12.2.mpacbti-rel1-x86_64-arm-none-eabi/bin/../lib/gcc/arm-none-eabi/12.2.1/thumb/v8-m.base/nofp/libgcc.a(_popcountsi2.o)
                              ./src/lfs.o (__popcountsi2)
/opt/work/e2_studio_v2/toolchains/gcc_arm/12_2_MPACBTI-Rel1/arm-gnu-toolchain-12.2.mpacbti-rel1-x86_64-arm-none-eabi/bin/../lib/gcc/arm-none-eabi/12.2.1/../../../../arm-none-eabi/lib/thumb/v8-m.base/nofp/libg_nano.a(libc_a-exit.o)
                              /opt/work/e2_studio_v2/toolchains/gcc_arm/12_2_MPACBTI-Rel1/arm-gnu-toolchain-12.2.mpacbti-rel1-x86_64-arm-none-eabi/bin/../lib/gcc/arm-none-eabi/12.2.1/../../../../arm-none-eabi/lib/thumb/v8-m.base/nofp/rdimon-crt0.o (exit)
/opt/work/e2_studio_v2/toolchains/gcc_arm/12_2_MPACBTI-Rel1/arm-gnu-toolchain-12.2.mpacbti-rel1-x86_64-arm-none-eabi/bin/../lib/gcc/arm-none-eabi/12.2.1/../../../../arm-none-eabi/lib/thumb/v8-m.base/nofp/libg_nano.a(libc_a-init.o)
                              /opt/work/e2_studio_v2/toolchains/gcc_arm/12_2_MPACBTI-Rel1/arm-gnu-toolchain-12.2.mpacbti-rel1-x86_64-arm-none-eabi/bin/../lib/gcc/arm-none-eabi/12.2.1/../../../../arm-none-eabi/lib/thumb/v8-m.base/nofp/rdimon-crt0.o (__libc_init_array)
/opt/work/e2_studio_v2/toolchains/gcc_arm/12_2_MPACBTI-Rel1/arm-gnu-toolchain-12.2.mpacbti-rel1-x86_64-arm-none-eabi/bin/../lib/gcc/arm-none-eabi/12.2.1/../../../../arm-none-eabi/lib/thumb/v8-m.base/nofp/libg_nano.a(libc_a-printf.o)
                              ./src/lfs.o (printf)
/opt/work/e2_studio_v2/toolchains/gcc_arm/12_2_MPACBTI-Rel1/arm-gnu-toolchain-12.2.mpacbti-rel1-x86_64-arm-none-eabi/bin/../lib/gcc/arm-none-eabi/12.2.1/../../../../arm-none-eabi/lib/thumb/v8-m.base/nofp/libg_nano.a(libc_a-nano-vfprintf.o)
                              /opt/work/e2_studio_v2/toolchains/gcc_arm/12_2_MPACBTI-Rel1/arm-gnu-toolchain-12.2.mpacbti-rel1-x86_64-arm-none-eabi/bin/../lib/gcc/arm-none-eabi/12.2.1/../../../../arm-none-eabi/lib/thumb/v8-m.base/nofp/libg_nano.a(libc_a-printf.o) (_vfprintf_r)
/opt/work/e2_studio_v2/toolchains/gcc_arm/12_2_MPACBTI-Rel1/arm-gnu-toolchain-12.2.mpacbti-rel1-x86_64-arm-none-eabi/bin/../lib/gcc/arm-none-eabi/12.2.1/../../../../arm-none-eabi/lib/thumb/v8-m.base/nofp/libg_nano.a(libc_a-wbuf.o)
                              /opt/work/e2_studio_v2/toolchains/gcc_arm/12_2_MPACBTI-Rel1/arm-gnu-toolchain-12.2.mpacbti-rel1-x86_64-arm-none-eabi/bin/../lib/gcc/arm-none-eabi/12.2.1/../../../../arm-none-eabi/lib/thumb/v8-m.base/nofp/libg_nano.a(libc_a-nano-vfprintf.o) (__swbuf_r)
/opt/work/e2_studio_v2/toolchains/gcc_arm/12_2_MPACBTI-Rel1/arm-gnu-toolchain-12.2.mpacbti-rel1-x86_64-arm-none-eabi/bin/../lib/gcc/arm-none-eabi/12.2.1/../../../../arm-none-eabi/lib/thumb/v8-m.base/nofp/libg_nano.a(libc_a-wsetup.o)
                              /opt/work/e2_studio_v2/toolchains/gcc_arm/12_2_MPACBTI-Rel1/arm-gnu-toolchain-12.2.mpacbti-rel1-x86_64-arm-none-eabi/bin/../lib/gcc/arm-none-eabi/12.2.1/../../../../arm-none-eabi/lib/thumb/v8-m.base/nofp/libg_nano.a(libc_a-nano-vfprintf.o) (__swsetup_r)
/opt/work/e2_studio_v2/toolchains/gcc_arm/12_2_MPACBTI-Rel1/arm-gnu-toolchain-12.2.mpacbti-rel1-x86_64-arm-none-eabi/bin/../lib/gcc/arm-none-eabi/12.2.1/../../../../arm-none-eabi/lib/thumb/v8-m.base/nofp/libg_nano.a(libc_a-strchr.o)
                              ./src/lfs.o (strchr)
/opt/work/e2_studio_v2/toolchains/gcc_arm/12_2_MPACBTI-Rel1/arm-gnu-toolchain-12.2.mpacbti-rel1-x86_64-arm-none-eabi/bin/../lib/gcc/arm-none-eabi/12.2.1/../../../../arm-none-eabi/lib/thumb/v8-m.base/nofp/libg_nano.a(libc_a-strcspn.o)
                              ./src/lfs.o (strcspn)
/opt/work/e2_studio_v2/toolchains/gcc_arm/12_2_MPACBTI-Rel1/arm-gnu-toolchain-12.2.mpacbti-rel1-x86_64-arm-none-eabi/bin/../lib/gcc/arm-none-eabi/12.2.1/../../../../arm-none-eabi/lib/thumb/v8-m.base/nofp/libg_nano.a(libc_a-nano-vfprintf_i.o)
                              /opt/work/e2_studio_v2/toolchains/gcc_arm/12_2_MPACBTI-Rel1/arm-gnu-toolchain-12.2.mpacbti-rel1-x86_64-arm-none-eabi/bin/../lib/gcc/arm-none-eabi/12.2.1/../../../../arm-none-eabi/lib/thumb/v8-m.base/nofp/libg_nano.a(libc_a-nano-vfprintf.o) (_printf_i)
[...]
Memory Configuration

Name             Origin             Length             Attributes
ITCM             0x00000000         0x00000000         xr
DTCM             0x00000000         0x00000000         xrw
FLASH            0x00000000         0x00040000         xr
RAM              0x20000000         0x00008000         xrw
DATA_FLASH       0x40100000         0x00002000         xr
QSPI_FLASH       0x60000000         0x00000000         xr
OSPI_DEVICE_0    0x80020000         0x00000000         xr
OSPI_DEVICE_1    0x80030000         0x00000000         xr
OSPI_DEVICE_0_RAM 0x80020000         0x00000000         xrw
OSPI_DEVICE_1_RAM 0x80030000         0x00000000         xrw
SDRAM            0x80010000         0x00000000         xrw
OPTION_SETTING   0x00000000         0x00000000         r
OPTION_SETTING_OFS 0x00000000         0x00000018         r
OPTION_SETTING_SAS 0x00000034         0xffffffcc         r
OPTION_SETTING_S 0x80000000         0x00000000         r
ID_CODE          0x01010018         0x00000020         xr
*default*        0x00000000         0xffffffff

Linker script and memory map

LOAD /opt/work/e2_studio_v2/toolchains/gcc_arm/12_2_MPACBTI-Rel1/arm-gnu-toolchain-12.2.mpacbti-rel1-x86_64-arm-none-eabi/bin/../lib/gcc/arm-none-eabi/12.2.1/thumb/v8-m.base/nofp/crti.o
LOAD /opt/work/e2_studio_v2/toolchains/gcc_arm/12_2_MPACBTI-Rel1/arm-gnu-toolchain-12.2.mpacbti-rel1-x86_64-arm-none-eabi/bin/../lib/gcc/arm-none-eabi/12.2.1/thumb/v8-m.base/nofp/crtbegin.o
LOAD /opt/work/e2_studio_v2/toolchains/gcc_arm/12_2_MPACBTI-Rel1/arm-gnu-toolchain-12.2.mpacbti-rel1-x86_64-arm-none-eabi/bin/../lib/gcc/arm-none-eabi/12.2.1/../../../../arm-none-eabi/lib/thumb/v8-m.base/nofp/rdimon-crt0.o
START GROUP
LOAD ./src/RTT/SEGGER_RTT.o
LOAD ./src/RTT/SEGGER_RTT_ASM_ARMv7M.o
LOAD ./src/RTT/SEGGER_RTT_printf.o
LOAD ./src/hal_entry.o
LOAD ./src/lfs.o
LOAD ./src/lfs_util.o
LOAD ./src/nor.o
LOAD ./src/nor_ids.o
LOAD ./ra_gen/common_data.o
LOAD ./ra_gen/hal_data.o
LOAD ./ra_gen/main.o
LOAD ./ra_gen/pin_data.o
LOAD ./ra_gen/vector_data.o
LOAD ./ra/fsp/src/r_spi/r_spi.o
LOAD ./ra/fsp/src/r_ioport/r_ioport.o
LOAD ./ra/fsp/src/r_dtc/r_dtc.o
LOAD ./ra/fsp/src/bsp/mcu/ra2l1/bsp_power.o
LOAD ./ra/fsp/src/bsp/mcu/all/bsp_clocks.o
LOAD ./ra/fsp/src/bsp/mcu/all/bsp_common.o
LOAD ./ra/fsp/src/bsp/mcu/all/bsp_delay.o
LOAD ./ra/fsp/src/bsp/mcu/all/bsp_group_irq.o
LOAD ./ra/fsp/src/bsp/mcu/all/bsp_guard.o
LOAD ./ra/fsp/src/bsp/mcu/all/bsp_io.o
LOAD ./ra/fsp/src/bsp/mcu/all/bsp_irq.o
LOAD ./ra/fsp/src/bsp/mcu/all/bsp_register_protection.o
LOAD ./ra/fsp/src/bsp/mcu/all/bsp_rom_registers.o
LOAD ./ra/fsp/src/bsp/mcu/all/bsp_sbrk.o
LOAD ./ra/fsp/src/bsp/mcu/all/bsp_security.o
LOAD ./ra/fsp/src/bsp/cmsis/Device/RENESAS/Source/startup.o
LOAD ./ra/fsp/src/bsp/cmsis/Device/RENESAS/Source/system.o
END GROUP
START GROUP
LOAD /opt/work/e2_studio_v2/toolchains/gcc_arm/12_2_MPACBTI-Rel1/arm-gnu-toolchain-12.2.mpacbti-rel1-x86_64-arm-none-eabi/bin/../lib/gcc/arm-none-eabi/12.2.1/thumb/v8-m.base/nofp/libgcc.a
LOAD /opt/work/e2_studio_v2/toolchains/gcc_arm/12_2_MPACBTI-Rel1/arm-gnu-toolchain-12.2.mpacbti-rel1-x86_64-arm-none-eabi/bin/../lib/gcc/arm-none-eabi/12.2.1/../../../../arm-none-eabi/lib/thumb/v8-m.base/nofp/libg_nano.a
LOAD /opt/work/e2_studio_v2/toolchains/gcc_arm/12_2_MPACBTI-Rel1/arm-gnu-toolchain-12.2.mpacbti-rel1-x86_64-arm-none-eabi/bin/../lib/gcc/arm-none-eabi/12.2.1/../../../../arm-none-eabi/lib/thumb/v8-m.base/nofp/libc_nano.a
END GROUP
START GROUP
LOAD /opt/work/e2_studio_v2/toolchains/gcc_arm/12_2_MPACBTI-Rel1/arm-gnu-toolchain-12.2.mpacbti-rel1-x86_64-arm-none-eabi/bin/../lib/gcc/arm-none-eabi/12.2.1/thumb/v8-m.base/nofp/libgcc.a
LOAD /opt/work/e2_studio_v2/toolchains/gcc_arm/12_2_MPACBTI-Rel1/arm-gnu-toolchain-12.2.mpacbti-rel1-x86_64-arm-none-eabi/bin/../lib/gcc/arm-none-eabi/12.2.1/../../../../arm-none-eabi/lib/thumb/v8-m.base/nofp/libc_nano.a
LOAD /opt/work/e2_studio_v2/toolchains/gcc_arm/12_2_MPACBTI-Rel1/arm-gnu-toolchain-12.2.mpacbti-rel1-x86_64-arm-none-eabi/bin/../lib/gcc/arm-none-eabi/12.2.1/../../../../arm-none-eabi/lib/thumb/v8-m.base/nofp/librdimon_nano.a
END GROUP
START GROUP
LOAD /opt/work/e2_studio_v2/toolchains/gcc_arm/12_2_MPACBTI-Rel1/arm-gnu-toolchain-12.2.mpacbti-rel1-x86_64-arm-none-eabi/bin/../lib/gcc/arm-none-eabi/12.2.1/thumb/v8-m.base/nofp/libgcc.a
LOAD /opt/work/e2_studio_v2/toolchains/gcc_arm/12_2_MPACBTI-Rel1/arm-gnu-toolchain-12.2.mpacbti-rel1-x86_64-arm-none-eabi/bin/../lib/gcc/arm-none-eabi/12.2.1/../../../../arm-none-eabi/lib/thumb/v8-m.base/nofp/libc_nano.a
LOAD /opt/work/e2_studio_v2/toolchains/gcc_arm/12_2_MPACBTI-Rel1/arm-gnu-toolchain-12.2.mpacbti-rel1-x86_64-arm-none-eabi/bin/../lib/gcc/arm-none-eabi/12.2.1/../../../../arm-none-eabi/lib/thumb/v8-m.base/nofp/librdimon_nano.a
END GROUP
LOAD /opt/work/e2_studio_v2/toolchains/gcc_arm/12_2_MPACBTI-Rel1/arm-gnu-toolchain-12.2.mpacbti-rel1-x86_64-arm-none-eabi/bin/../lib/gcc/arm-none-eabi/12.2.1/thumb/v8-m.base/nofp/crtend.o
LOAD /opt/work/e2_studio_v2/toolchains/gcc_arm/12_2_MPACBTI-Rel1/arm-gnu-toolchain-12.2.mpacbti-rel1-x86_64-arm-none-eabi/bin/../lib/gcc/arm-none-eabi/12.2.1/thumb/v8-m.base/nofp/crtn.o
                0x20000000                        RAM_START = 0x20000000
                0x00008000                        RAM_LENGTH = 0x8000
                0x00000000                        FLASH_START = 0x0
                0x00040000                        FLASH_LENGTH = 0x40000
                0x40100000                        DATA_FLASH_START = 0x40100000
                0x00002000                        DATA_FLASH_LENGTH = 0x2000
                0x00000000                        OPTION_SETTING_START = 0x0
                0x00000000                        OPTION_SETTING_LENGTH = 0x0
                0x80000000                        OPTION_SETTING_S_START = 0x80000000
                0x00000000                        OPTION_SETTING_S_LENGTH = 0x0
                0x01010018                        ID_CODE_START = 0x1010018
                0x00000020                        ID_CODE_LENGTH = 0x20
                0x80010000                        SDRAM_START = 0x80010000
                0x00000000                        SDRAM_LENGTH = 0x0
                0x60000000                        QSPI_FLASH_START = 0x60000000
                0x00000000                        QSPI_FLASH_LENGTH = 0x0
                0x80020000                        OSPI_DEVICE_0_START = 0x80020000
                0x00000000                        OSPI_DEVICE_0_LENGTH = 0x0
                0x80030000                        OSPI_DEVICE_1_START = 0x80030000
                0x00000000                        OSPI_DEVICE_1_LENGTH = 0x0
                0x00000000                        QSPI_FLASH_PRV_LENGTH = DEFINED (QSPI_FLASH_SIZE)?ABSOLUTE (QSPI_FLASH_SIZE):ABSOLUTE (QSPI_FLASH_LENGTH)
                0x00000000                        OSPI_DEVICE_0_PRV_LENGTH = DEFINED (OSPI_DEVICE_0_SIZE)?ABSOLUTE (OSPI_DEVICE_0_SIZE):ABSOLUTE (OSPI_DEVICE_0_LENGTH)
                0x00000000                        OSPI_DEVICE_1_PRV_LENGTH = DEFINED (OSPI_DEVICE_1_SIZE)?ABSOLUTE (OSPI_DEVICE_1_SIZE):ABSOLUTE (OSPI_DEVICE_1_LENGTH)
                0x00000000                        __RESERVE_NS_RAM = ((! (DEFINED (PROJECT_NONSECURE)) && DEFINED (RAM_NS_BUFFER_LENGTH)) && (OPTION_SETTING_S_LENGTH != 0x0))
                0x00000000                        ITCM_START = DEFINED (ITCM_START)?ITCM_START:0x0
                0x00000000                        ITCM_LENGTH = DEFINED (ITCM_LENGTH)?ITCM_LENGTH:0x0
                0x00000000                        DTCM_START = DEFINED (DTCM_START)?DTCM_START:0x0
                0x00000000                        DTCM_LENGTH = DEFINED (DTCM_LENGTH)?DTCM_LENGTH:0x0
                0x00000000                        NS_OFFSET_START = DEFINED (NS_OFFSET_START)?NS_OFFSET_START:0x0
                0x00000000                        NS_IMAGE_OFFSET = DEFINED (PROJECT_NONSECURE)?NS_OFFSET_START:0x0
                0x00000000                        RAM_NS_BUFFER_BLOCK_LENGTH = DEFINED (RAM_NS_BUFFER_LENGTH)?ALIGN (RAM_NS_BUFFER_LENGTH, 0x2000):0x0
                0x00000000                        RAM_NS_BUFFER_LENGTH = DEFINED (RAM_NS_BUFFER_LENGTH)?RAM_NS_BUFFER_LENGTH:0x0
                0x20008000                        RAM_NS_BUFFER_START = ((RAM_START + RAM_LENGTH) - RAM_NS_BUFFER_LENGTH)
                0x20008000                        RAM_NS_BUFFER_BLOCK_START = ((RAM_START + RAM_LENGTH) - RAM_NS_BUFFER_BLOCK_LENGTH)
                0x00000080                        OPTION_SETTING_START_NS = DEFINED (PROJECT_NONSECURE)?OPTION_SETTING_START:(OPTION_SETTING_START + 0x80)
                0x00000001                        __bl_FSP_BOOTABLE_IMAGE = 0x1
                0x00000001                        __bln_FSP_BOOTABLE_IMAGE = 0x1
                0x00000000                        PROJECT_SECURE_OR_FLAT = (((! (DEFINED (PROJECT_NONSECURE)) || DEFINED (PROJECT_SECURE)) && OPTION_SETTING_LENGTH) && ! (DEFINED (FSP_BOOTABLE_IMAGE)))
                0x00000000                        USE_OPTION_SETTING_NS = (DEFINED (PROJECT_NONSECURE) && ! (DEFINED (FSP_BOOTABLE_IMAGE)))
                0x00000000                        __bl_FLASH_IMAGE_START = ! (DEFINED (FLASH_BOOTLOADER_LENGTH))?0x0:(FLASH_APPLICATION_IMAGE_NUMBER == 0x1)?(FLASH_BOOTLOADER_LENGTH + FLASH_BOOTLOADER_HEADER_LENGTH):(((FLASH_BOOTLOADER_LENGTH + FLASH_BOOTLOADER_SCRATCH_LENGTH) + FLASH_APPLICATION_S_LENGTH) + FLASH_BOOTLOADER_HEADER_LENGTH)
                0x00000000                        __bl_FLASH_IMAGE_LENGTH = ! (DEFINED (FLASH_BOOTLOADER_LENGTH))?0x0:(FLASH_APPLICATION_S_LENGTH - FLASH_BOOTLOADER_HEADER_LENGTH)
                0x00000000                        __bl_FLASH_IMAGE_END = (__bl_FLASH_IMAGE_START + __bl_FLASH_IMAGE_LENGTH)
                0x00000000                        __bl_XIP_SECONDARY_FLASH_IMAGE_START = ! (DEFINED (FLASH_BOOTLOADER_LENGTH))?0x0:((FLASH_BOOTLOADER_LENGTH + FLASH_APPLICATION_S_LENGTH) + FLASH_BOOTLOADER_HEADER_LENGTH)
                0x00000000                        __bl_XIP_SECONDARY_FLASH_IMAGE_END = (__bl_XIP_SECONDARY_FLASH_IMAGE_START + __bl_FLASH_IMAGE_LENGTH)
                0x00000000                        __bl_FLASH_NS_START = ! (DEFINED (FLASH_BOOTLOADER_LENGTH))?0x0:(FLASH_APPLICATION_NS_LENGTH == 0x0)?__bl_FLASH_IMAGE_END:((__bl_FLASH_IMAGE_START - FLASH_BOOTLOADER_HEADER_LENGTH) + FLASH_APPLICATION_S_LENGTH)
                0x00000000                        __bl_FLASH_NSC_START = ! (DEFINED (FLASH_BOOTLOADER_LENGTH))?0x0:(FLASH_APPLICATION_NS_LENGTH == 0x0)?__bl_FLASH_IMAGE_END:(__bl_FLASH_NS_START - FLASH_APPLICATION_NSC_LENGTH)
                0x00000000                        __bl_RAM_NS_START = ! (DEFINED (FLASH_BOOTLOADER_LENGTH))?0x0:(FLASH_APPLICATION_NS_LENGTH == 0x0)?(RAM_START + RAM_LENGTH):((RAM_START + RAM_LENGTH) - RAM_APPLICATION_NS_LENGTH)
                0x00000000                        __bl_RAM_NSC_START = ! (DEFINED (FLASH_BOOTLOADER_LENGTH))?0x0:(FLASH_APPLICATION_NS_LENGTH == 0x0)?(RAM_START + RAM_LENGTH):(__bl_RAM_NS_START - RAM_APPLICATION_NSC_LENGTH)
                0x00000000                        __bl_FLASH_NS_IMAGE_START = ! (DEFINED (FLASH_BOOTLOADER_LENGTH))?0x0:(FLASH_APPLICATION_NS_LENGTH == 0x0)?__bl_FLASH_IMAGE_END:(__bl_FLASH_NS_START + FLASH_BOOTLOADER_HEADER_LENGTH_2)
                0x00000000                        __bln_FLASH_IMAGE_START = __bl_FLASH_NS_IMAGE_START
                0x00000000                        __bln_FLASH_IMAGE_LENGTH = ! (DEFINED (FLASH_BOOTLOADER_LENGTH))?0x0:(FLASH_APPLICATION_NS_LENGTH == 0x0)?__bl_FLASH_IMAGE_END:(FLASH_APPLICATION_NS_LENGTH - FLASH_BOOTLOADER_HEADER_LENGTH_2)
                0x00000000                        XIP_SECONDARY_SLOT_IMAGE = DEFINED (XIP_SECONDARY_SLOT_IMAGE)?XIP_SECONDARY_SLOT_IMAGE:0x0
                0x00000000                        FLASH_ORIGIN = ! (DEFINED (FLASH_IMAGE_START))?FLASH_START:(XIP_SECONDARY_SLOT_IMAGE == 0x1)?XIP_SECONDARY_FLASH_IMAGE_START:FLASH_IMAGE_START
                0x00040000                        LIMITED_FLASH_LENGTH = DEFINED (FLASH_IMAGE_LENGTH)?FLASH_IMAGE_LENGTH:DEFINED (FLASH_BOOTLOADER_LENGTH)?FLASH_BOOTLOADER_LENGTH:FLASH_LENGTH
START GROUP
LOAD /opt/work/e2_studio_v2/toolchains/gcc_arm/12_2_MPACBTI-Rel1/arm-gnu-toolchain-12.2.mpacbti-rel1-x86_64-arm-none-eabi/bin/../lib/gcc/arm-none-eabi/12.2.1/thumb/v8-m.base/nofp/libgcc.a
LOAD /opt/work/e2_studio_v2/toolchains/gcc_arm/12_2_MPACBTI-Rel1/arm-gnu-toolchain-12.2.mpacbti-rel1-x86_64-arm-none-eabi/bin/../lib/gcc/arm-none-eabi/12.2.1/../../../../arm-none-eabi/lib/thumb/v8-m.base/nofp/libc.a
LOAD /opt/work/e2_studio_v2/toolchains/gcc_arm/12_2_MPACBTI-Rel1/arm-gnu-toolchain-12.2.mpacbti-rel1-x86_64-arm-none-eabi/bin/../lib/gcc/arm-none-eabi/12.2.1/../../../../arm-none-eabi/lib/thumb/v8-m.base/nofp/libm.a
LOAD /opt/work/e2_studio_v2/toolchains/gcc_arm/12_2_MPACBTI-Rel1/arm-gnu-toolchain-12.2.mpacbti-rel1-x86_64-arm-none-eabi/bin/../lib/gcc/arm-none-eabi/12.2.1/../../../../arm-none-eabi/lib/thumb/v8-m.base/nofp/libnosys.a
END GROUP

.itcm_data      0x00000000        0x0
                0x00000000                        __tz_ITCM_S = ABSOLUTE (ITCM_START)
                0x00000000                        __itcm_data_start__ = .
 *(.itcm_data*)
                0x00000000                        __itcm_data_end__ = .
                0x00000000                        __tz_ITCM_N = DEFINED (ITCM_NS_START)?ABSOLUTE (ITCM_NS_START):ALIGN (__itcm_data_end__, 0x2000)

.text           0x00000000     0x4a5c
                0x00000000                        __tz_FLASH_S = ABSOLUTE (FLASH_START)
                0x00000000                        __ROM_Start = .
 *(.fixed_vectors*)
 .fixed_vectors
                0x00000000       0x40 ./ra/fsp/src/bsp/cmsis/Device/RENESAS/Source/startup.o
                0x00000000                __Vectors
 *(.application_vectors*)
 .application_vectors
                0x00000040       0x80 ./ra_gen/vector_data.o
                0x00000040                g_vector_table
                0x000000c0                        __Vectors_End = .
                0x00000400                        . = (OPTION_SETTING_LENGTH > 0x0)?.:(__ROM_Start + 0x400)
 *fill*         0x000000c0      0x340 ff
 *(.rom_registers*)
 .rom_registers
                0x00000400       0x3c ./ra/fsp/src/bsp/mcu/all/bsp_rom_registers.o
                0x00000500                        . = (OPTION_SETTING_LENGTH > 0x0)?.:(__ROM_Start + 0x500)
 *fill*         0x0000043c       0xc4 ff
                0x00000500                        . = ALIGN (0x80)
 *(.mcuboot_sce9_key*)
 *(.text*)
 .text.deregister_tm_clones
                0x00000500       0x24 /opt/work/e2_studio_v2/toolchains/gcc_arm/12_2_MPACBTI-Rel1/arm-gnu-toolchain-12.2.mpacbti-rel1-x86_64-arm-none-eabi/bin/../lib/gcc/arm-none-eabi/12.2.1/thumb/v8-m.base/nofp/crtbegin.o
 .text.register_tm_clones
                0x00000524       0x2c /opt/work/e2_studio_v2/toolchains/gcc_arm/12_2_MPACBTI-Rel1/arm-gnu-toolchain-12.2.mpacbti-rel1-x86_64-arm-none-eabi/bin/../lib/gcc/arm-none-eabi/12.2.1/thumb/v8-m.base/nofp/crtbegin.o
 .text.__do_global_dtors_aux
                0x00000550       0x30 /opt/work/e2_studio_v2/toolchains/gcc_arm/12_2_MPACBTI-Rel1/arm-gnu-toolchain-12.2.mpacbti-rel1-x86_64-arm-none-eabi/bin/../lib/gcc/arm-none-eabi/12.2.1/thumb/v8-m.base/nofp/crtbegin.o
 .text.frame_dummy
                0x00000580       0x28 /opt/work/e2_studio_v2/toolchains/gcc_arm/12_2_MPACBTI-Rel1/arm-gnu-toolchain-12.2.mpacbti-rel1-x86_64-arm-none-eabi/bin/../lib/gcc/arm-none-eabi/12.2.1/thumb/v8-m.base/nofp/crtbegin.o
 .text._DoInit  0x000005a8       0xc6 ./src/RTT/SEGGER_RTT.o
 .text._WriteBlocking
                0x0000066e       0xbc ./src/RTT/SEGGER_RTT.o
 .text._WriteNoCheck
                0x0000072a       0x94 ./src/RTT/SEGGER_RTT.o
 .text._GetAvailWriteSpace
                0x000007be       0x42 ./src/RTT/SEGGER_RTT.o
 .text.SEGGER_RTT_WriteNoLock
                0x00000800       0xae ./src/RTT/SEGGER_RTT.o
                0x00000800                SEGGER_RTT_WriteNoLock
 .text.SEGGER_RTT_Write
                0x000008ae       0x50 ./src/RTT/SEGGER_RTT.o
                0x000008ae                SEGGER_RTT_Write
 .text._StoreChar
                0x000008fe       0x80 ./src/RTT/SEGGER_RTT_printf.o
 .text._PrintUnsigned
                0x0000097e      0x15a ./src/RTT/SEGGER_RTT_printf.o
 .text._PrintInt
                0x00000ad8      0x13e ./src/RTT/SEGGER_RTT_printf.o
 *fill*         0x00000c16        0x2 ff
 .text.SEGGER_RTT_vprintf
                0x00000c18      0x35c ./src/RTT/SEGGER_RTT_printf.o
                0x00000c18                SEGGER_RTT_vprintf
 .text.SEGGER_RTT_printf
                0x00000f74       0x32 ./src/RTT/SEGGER_RTT_printf.o
                0x00000f74                SEGGER_RTT_printf
 .text.nor_cs_assert
                0x00000fa6       0x1e ./src/hal_entry.o
                0x00000fa6                nor_cs_assert
 .text.nor_cs_Deassert
                0x00000fc4       0x1e ./src/hal_entry.o
                0x00000fc4                nor_cs_Deassert
 .text.nor_rx   0x00000fe2       0x5e ./src/hal_entry.o
                0x00000fe2                nor_rx
 .text.nor_tx   0x00001040       0x5e ./src/hal_entry.o
                0x00001040                nor_tx
 .text.nor_delay
                0x0000109e       0x1a ./src/hal_entry.o
                0x0000109e                nor_delay
 .text.init_nor
                0x000010b8       0x9e ./src/hal_entry.o
                0x000010b8                init_nor
 .text.__read_nor_reg1
                0x00001156       0x24 ./src/hal_entry.o
                0x00001156                __read_nor_reg1
 .text.__read_nor_reg2
                0x0000117a       0x26 ./src/hal_entry.o
                0x0000117a                __read_nor_reg2
 .text.__write_nor_reg1
                0x000011a0       0x54 ./src/hal_entry.o
                0x000011a0                __write_nor_reg1
 .text.__write_nor_reg2
                0x000011f4       0x68 ./src/hal_entry.o
                0x000011f4                __write_nor_reg2
 .text.spi_callback
                0x0000125c       0x24 ./src/hal_entry.o
                0x0000125c                spi_callback
 .text.hal_entry
                0x00001280       0xb8 ./src/hal_entry.o
                0x00001280                hal_entry
 .text.R_BSP_WarmStart
                0x00001338       0x4a ./src/hal_entry.o
                0x00001338                R_BSP_WarmStart
 .text._nor_cs_assert
                0x00001382       0x16 ./src/nor.o
 .text._nor_cs_deassert
                0x00001398       0x16 ./src/nor.o
 .text._nor_spi_tx
                0x000013ae       0x20 ./src/nor.o
 .text._nor_spi_rx
                0x000013ce       0x20 ./src/nor.o
 .text._nor_delay_us
                0x000013ee       0x1c ./src/nor.o
 .text._nor_ReadID
                0x0000140a       0x50 ./src/nor.o
 .text._nor_ReadUniqID
                0x0000145a       0x64 ./src/nor.o
 .text._nor_WriteEnable
                0x000014be       0x34 ./src/nor.o
 .text._nor_ReadStatusRegister
                0x000014f2       0x9e ./src/nor.o
                0x000014f2                _nor_ReadStatusRegister
 .text._nor_WaitForWriteEnd
                0x00001590       0x80 ./src/nor.o
                0x00001590                _nor_WaitForWriteEnd
 .text._nor_check_buff_is_empty
                0x00001610       0x38 ./src/nor.o
                0x00001610                _nor_check_buff_is_empty
 .text.NOR_Init
                0x00001648      0x2a8 ./src/nor.o
                0x00001648                NOR_Init
 .text.NOR_EraseAddress
                0x000018f0      0x138 ./src/nor.o
                0x000018f0                NOR_EraseAddress
 .text.NOR_IsEmptyAddress
                0x00001a28       0x98 ./src/nor.o
                0x00001a28                NOR_IsEmptyAddress
 .text.NOR_IsEmptyPage
                0x00001ac0       0x4e ./src/nor.o
                0x00001ac0                NOR_IsEmptyPage
 .text.NOR_WriteBytes
                0x00001b0e      0x198 ./src/nor.o
                0x00001b0e                NOR_WriteBytes
 .text.NOR_ReadBytes
                0x00001ca6      0x182 ./src/nor.o
                0x00001ca6                NOR_ReadBytes
 .text.NOR_IDS_Interpret_Manufacturer
                0x00001e28       0x14 ./src/nor_ids.o
                0x00001e28                NOR_IDS_Interpret_Manufacturer
 .text.NOR_IDS_Interpret_Model
                0x00001e3c       0x46 ./src/nor_ids.o
                0x00001e3c                NOR_IDS_Interpret_Model
 .text.NOR_IDS_GetQtdBlocks
                0x00001e82       0x8a ./src/nor_ids.o
                0x00001e82                NOR_IDS_GetQtdBlocks
 .text.main     0x00001f0c       0x10 ./ra_gen/main.o
                0x00001f0c                main
 .text.R_FSP_CurrentIrqGet
                0x00001f1c       0x2a ./ra/fsp/src/r_spi/r_spi.o
 .text.R_FSP_IsrContextSet
                0x00001f46       0x2a ./ra/fsp/src/r_spi/r_spi.o
 .text.R_BSP_IrqStatusClear
                0x00001f70       0x48 ./ra/fsp/src/r_spi/r_spi.o
 .text.R_BSP_IrqClearPending
                0x00001fb8       0x52 ./ra/fsp/src/r_spi/r_spi.o
 .text.R_BSP_IrqCfg
                0x0000200a       0x88 ./ra/fsp/src/r_spi/r_spi.o
 .text.R_BSP_IrqEnableNoClear
                0x00002092       0x3a ./ra/fsp/src/r_spi/r_spi.o
 .text.R_BSP_IrqEnable
                0x000020cc       0x2c ./ra/fsp/src/r_spi/r_spi.o
 .text.R_BSP_IrqDisable
                0x000020f8       0x4c ./ra/fsp/src/r_spi/r_spi.o
 .text.R_BSP_IrqCfgEnable
                0x00002144       0x36 ./ra/fsp/src/r_spi/r_spi.o
 .text.R_FSP_IsrContextGet
                0x0000217a       0x26 ./ra/fsp/src/r_spi/r_spi.o
 .text.R_SPI_Open
                0x000021a0       0x80 ./ra/fsp/src/r_spi/r_spi.o
                0x000021a0                R_SPI_Open
 .text.R_SPI_Read
                0x00002220       0x30 ./ra/fsp/src/r_spi/r_spi.o
                0x00002220                R_SPI_Read
 .text.R_SPI_Write
                0x00002250       0x30 ./ra/fsp/src/r_spi/r_spi.o
                0x00002250                R_SPI_Write
 .text.R_SPI_Close
                0x00002280       0xc2 ./ra/fsp/src/r_spi/r_spi.o
                0x00002280                R_SPI_Close
 .text.r_spi_transfer_config
                0x00002342       0xb4 ./ra/fsp/src/r_spi/r_spi.o
 .text.r_spi_hw_config
                0x000023f6      0x270 ./ra/fsp/src/r_spi/r_spi.o
 .text.r_spi_nvic_config
                0x00002666       0x88 ./ra/fsp/src/r_spi/r_spi.o
 *fill*         0x000026ee        0x2 ff
 .text.r_spi_bit_width_config
                0x000026f0       0xa0 ./ra/fsp/src/r_spi/r_spi.o
 .text.r_spi_start_transfer
                0x00002790       0x24 ./ra/fsp/src/r_spi/r_spi.o
 .text.r_spi_write_read_common
                0x000027b4      0x266 ./ra/fsp/src/r_spi/r_spi.o
 .text.r_spi_receive
                0x00002a1a       0x88 ./ra/fsp/src/r_spi/r_spi.o
 .text.r_spi_transmit
                0x00002aa2       0x86 ./ra/fsp/src/r_spi/r_spi.o
 .text.r_spi_call_callback
                0x00002b28       0x6a ./ra/fsp/src/r_spi/r_spi.o
 .text.spi_rxi_isr
                0x00002b92       0x56 ./ra/fsp/src/r_spi/r_spi.o
                0x00002b92                spi_rxi_isr
 .text.spi_txi_isr
                0x00002be8       0x86 ./ra/fsp/src/r_spi/r_spi.o
                0x00002be8                spi_txi_isr
 .text.spi_tei_isr
                0x00002c6e       0xa2 ./ra/fsp/src/r_spi/r_spi.o
                0x00002c6e                spi_tei_isr
 .text.spi_eri_isr
                0x00002d10       0xd8 ./ra/fsp/src/r_spi/r_spi.o
                0x00002d10                spi_eri_isr
 .text.R_BSP_PinRead
                0x00002de8       0x3c ./ra/fsp/src/r_ioport/r_ioport.o
 .text.R_BSP_PinAccessEnable
                0x00002e24       0x6e ./ra/fsp/src/r_ioport/r_ioport.o
 .text.R_BSP_PinAccessDisable
                0x00002e92       0x7a ./ra/fsp/src/r_ioport/r_ioport.o
 .text.R_IOPORT_Open
                0x00002f0c       0x2c ./ra/fsp/src/r_ioport/r_ioport.o
                0x00002f0c                R_IOPORT_Open
 .text.R_IOPORT_Close
                0x00002f38       0x1c ./ra/fsp/src/r_ioport/r_ioport.o
                0x00002f38                R_IOPORT_Close
 .text.R_IOPORT_PinsCfg
                0x00002f54       0x1c ./ra/fsp/src/r_ioport/r_ioport.o
                0x00002f54                R_IOPORT_PinsCfg
 .text.R_IOPORT_PinCfg
                0x00002f70       0x32 ./ra/fsp/src/r_ioport/r_ioport.o
                0x00002f70                R_IOPORT_PinCfg
 .text.R_IOPORT_PinRead
                0x00002fa2       0x2e ./ra/fsp/src/r_ioport/r_ioport.o
                0x00002fa2                R_IOPORT_PinRead
 .text.R_IOPORT_PortRead
                0x00002fd0       0x42 ./ra/fsp/src/r_ioport/r_ioport.o
                0x00002fd0                R_IOPORT_PortRead
 .text.R_IOPORT_PortWrite
                0x00003012       0x86 ./ra/fsp/src/r_ioport/r_ioport.o
                0x00003012                R_IOPORT_PortWrite
 .text.R_IOPORT_PinWrite
                0x00003098       0xaa ./ra/fsp/src/r_ioport/r_ioport.o
                0x00003098                R_IOPORT_PinWrite
 .text.R_IOPORT_PortDirectionSet
                0x00003142       0x88 ./ra/fsp/src/r_ioport/r_ioport.o
                0x00003142                R_IOPORT_PortDirectionSet
 .text.R_IOPORT_PortEventInputRead
                0x000031ca       0x44 ./ra/fsp/src/r_ioport/r_ioport.o
                0x000031ca                R_IOPORT_PortEventInputRead
 .text.R_IOPORT_PinEventInputRead
                0x0000320e       0x7a ./ra/fsp/src/r_ioport/r_ioport.o
                0x0000320e                R_IOPORT_PinEventInputRead
 .text.R_IOPORT_PortEventOutputWrite
                0x00003288       0x86 ./ra/fsp/src/r_ioport/r_ioport.o
                0x00003288                R_IOPORT_PortEventOutputWrite
 .text.R_IOPORT_PinEventOutputWrite
                0x0000330e       0x9a ./ra/fsp/src/r_ioport/r_ioport.o
                0x0000330e                R_IOPORT_PinEventOutputWrite
 .text.r_ioport_pins_config
                0x000033a8       0x64 ./ra/fsp/src/r_ioport/r_ioport.o
 .text.r_ioport_hw_pin_event_output_data_write
                0x0000340c       0xa0 ./ra/fsp/src/r_ioport/r_ioport.o
 .text.r_ioport_pfs_write
                0x000034ac       0x98 ./ra/fsp/src/r_ioport/r_ioport.o
 .text.R_DTC_Open
                0x00003544       0x76 ./ra/fsp/src/r_dtc/r_dtc.o
                0x00003544                R_DTC_Open
 *fill*         0x000035ba        0x2 ff
 .text.R_DTC_Reconfigure
                0x000035bc       0x8c ./ra/fsp/src/r_dtc/r_dtc.o
                0x000035bc                R_DTC_Reconfigure
 .text.R_DTC_Reset
                0x00003648      0x14c ./ra/fsp/src/r_dtc/r_dtc.o
                0x00003648                R_DTC_Reset
 .text.R_DTC_SoftwareStart
                0x00003794       0x18 ./ra/fsp/src/r_dtc/r_dtc.o
                0x00003794                R_DTC_SoftwareStart
 .text.R_DTC_SoftwareStop
                0x000037ac       0x12 ./ra/fsp/src/r_dtc/r_dtc.o
                0x000037ac                R_DTC_SoftwareStop
 .text.R_DTC_Enable
                0x000037be       0x1e ./ra/fsp/src/r_dtc/r_dtc.o
                0x000037be                R_DTC_Enable
 .text.R_DTC_Disable
                0x000037dc       0x34 ./ra/fsp/src/r_dtc/r_dtc.o
                0x000037dc                R_DTC_Disable
 .text.R_DTC_InfoGet
                0x00003810       0x96 ./ra/fsp/src/r_dtc/r_dtc.o
                0x00003810                R_DTC_InfoGet
 *fill*         0x000038a6        0x2 ff
 .text.R_DTC_Close
                0x000038a8       0x54 ./ra/fsp/src/r_dtc/r_dtc.o
                0x000038a8                R_DTC_Close
 .text.r_dtc_prv_enable
                0x000038fc       0x2e ./ra/fsp/src/r_dtc/r_dtc.o
 *fill*         0x0000392a        0x2 ff
 .text.r_dtc_state_initialize
                0x0000392c       0xac ./ra/fsp/src/r_dtc/r_dtc.o
 .text.r_dtc_set_info
                0x000039d8       0x48 ./ra/fsp/src/r_dtc/r_dtc.o
 .text.r_dtc_block_repeat_initialize
                0x00003a20       0x70 ./ra/fsp/src/r_dtc/r_dtc.o
 .text.bsp_prv_operating_mode_opccr_set
                0x00003a90       0x8e ./ra/fsp/src/bsp/mcu/all/bsp_clocks.o
 .text.SystemCoreClockUpdate
                0x00003b1e       0x48 ./ra/fsp/src/bsp/mcu/all/bsp_clocks.o
                0x00003b1e                SystemCoreClockUpdate
 .text.bsp_prv_clock_set_hard_reset
                0x00003b66       0x44 ./ra/fsp/src/bsp/mcu/all/bsp_clocks.o
 .text.bsp_clock_freq_var_init
                0x00003baa       0x60 ./ra/fsp/src/bsp/mcu/all/bsp_clocks.o
 *fill*         0x00003c0a        0x2 ff
 .text.bsp_clock_init
                0x00003c0c       0xf0 ./ra/fsp/src/bsp/mcu/all/bsp_clocks.o
                0x00003c0c                bsp_clock_init
 .text.bsp_init_internal
                0x00003cfc       0x10 ./ra/fsp/src/bsp/mcu/all/bsp_common.o
                0x00003cfc                bsp_init
                0x00003cfc                bsp_init_internal
 .text.R_BSP_SoftwareDelay
                0x00003d0c       0xb2 ./ra/fsp/src/bsp/mcu/all/bsp_delay.o
                0x00003d0c                R_BSP_SoftwareDelay
 .text.bsp_prv_software_delay_loop
                0x00003dbe        0xa ./ra/fsp/src/bsp/mcu/all/bsp_delay.o
                0x00003dbe                bsp_prv_software_delay_loop
 .text.bsp_group_irq_call
                0x00003dc8       0x3e ./ra/fsp/src/bsp/mcu/all/bsp_group_irq.o
 .text.NMI_Handler
                0x00003e06       0x68 ./ra/fsp/src/bsp/mcu/all/bsp_group_irq.o
                0x00003e06                NMI_Handler
 .text.bsp_irq_cfg
                0x00003e6e       0x42 ./ra/fsp/src/bsp/mcu/all/bsp_irq.o
                0x00003e6e                bsp_irq_cfg
 .text.R_BSP_RegisterProtectEnable
                0x00003eb0       0xc4 ./ra/fsp/src/bsp/mcu/all/bsp_register_protection.o
                0x00003eb0                R_BSP_RegisterProtectEnable
 .text.R_BSP_RegisterProtectDisable
                0x00003f74       0xac ./ra/fsp/src/bsp/mcu/all/bsp_register_protection.o
                0x00003f74                R_BSP_RegisterProtectDisable
 .text.Reset_Handler
                0x00004020       0x10 ./ra/fsp/src/bsp/cmsis/Device/RENESAS/Source/startup.o
                0x00004020                Reset_Handler
 .text.Default_Handler
                0x00004030        0xc ./ra/fsp/src/bsp/cmsis/Device/RENESAS/Source/startup.o
                0x00004030                DebugMon_Handler
                0x00004030                HardFault_Handler
                0x00004030                SysTick_Handler
                0x00004030                PendSV_Handler
                0x00004030                UsageFault_Handler
                0x00004030                SecureFault_Handler
                0x00004030                Default_Handler
                0x00004030                MemManage_Handler
                0x00004030                SVC_Handler
                0x00004030                BusFault_Handler
 .text.SystemInit
                0x0000403c      0x13c ./ra/fsp/src/bsp/cmsis/Device/RENESAS/Source/system.o
                0x0000403c                SystemInit
 .text.bsp_reset_trng_circuit
                0x00004178       0xfc ./ra/fsp/src/bsp/cmsis/Device/RENESAS/Source/system.o
 .text.__muldi3
                0x00004274       0x5c /opt/work/e2_studio_v2/toolchains/gcc_arm/12_2_MPACBTI-Rel1/arm-gnu-toolchain-12.2.mpacbti-rel1-x86_64-arm-none-eabi/bin/../lib/gcc/arm-none-eabi/12.2.1/thumb/v8-m.base/nofp/libgcc.a(_muldi3.o)
                0x00004274                __aeabi_lmul
                0x00004274                __muldi3
 .text.memcpy   0x000042d0       0x12 /opt/work/e2_studio_v2/toolchains/gcc_arm/12_2_MPACBTI-Rel1/arm-gnu-toolchain-12.2.mpacbti-rel1-x86_64-arm-none-eabi/bin/../lib/gcc/arm-none-eabi/12.2.1/../../../../arm-none-eabi/lib/thumb/v8-m.base/nofp/libg_nano.a(libc_a-memcpy-stub.o)
                0x000042d0                memcpy
 .text.memset   0x000042e2       0x10 /opt/work/e2_studio_v2/toolchains/gcc_arm/12_2_MPACBTI-Rel1/arm-gnu-toolchain-12.2.mpacbti-rel1-x86_64-arm-none-eabi/bin/../lib/gcc/arm-none-eabi/12.2.1/../../../../arm-none-eabi/lib/thumb/v8-m.base/nofp/libg_nano.a(libc_a-memset.o)
                0x000042e2                memset
 *(.version)
 *fill*         0x000042f2        0x2 ff
 .version       0x000042f4       0x50 ./ra/fsp/src/bsp/mcu/all/bsp_common.o
 *(.init)
 .init          0x00004344        0x4 /opt/work/e2_studio_v2/toolchains/gcc_arm/12_2_MPACBTI-Rel1/arm-gnu-toolchain-12.2.mpacbti-rel1-x86_64-arm-none-eabi/bin/../lib/gcc/arm-none-eabi/12.2.1/thumb/v8-m.base/nofp/crti.o
                0x00004344                _init
 .init          0x00004348        0x8 /opt/work/e2_studio_v2/toolchains/gcc_arm/12_2_MPACBTI-Rel1/arm-gnu-toolchain-12.2.mpacbti-rel1-x86_64-arm-none-eabi/bin/../lib/gcc/arm-none-eabi/12.2.1/thumb/v8-m.base/nofp/crtn.o
 *(.fini)
 .fini          0x00004350        0x4 /opt/work/e2_studio_v2/toolchains/gcc_arm/12_2_MPACBTI-Rel1/arm-gnu-toolchain-12.2.mpacbti-rel1-x86_64-arm-none-eabi/bin/../lib/gcc/arm-none-eabi/12.2.1/thumb/v8-m.base/nofp/crti.o
                0x00004350                _fini
 .fini          0x00004354        0x8 /opt/work/e2_studio_v2/toolchains/gcc_arm/12_2_MPACBTI-Rel1/arm-gnu-toolchain-12.2.mpacbti-rel1-x86_64-arm-none-eabi/bin/../lib/gcc/arm-none-eabi/12.2.1/thumb/v8-m.base/nofp/crtn.o
 *crtbegin.o(.ctors)
 *crtbegin?.o(.ctors)
 *(EXCLUDE_FILE(*crtend.o *crtend?.o) .ctors)
 *(SORT_BY_NAME(.ctors.*))
 *(.ctors)
 *crtbegin.o(.dtors)
 *crtbegin?.o(.dtors)
 *(EXCLUDE_FILE(*crtend.o *crtend?.o) .dtors)
 *(SORT_BY_NAME(.dtors.*))
 *(.dtors)
 *(.rodata*)
 .rodata        0x0000435c        0x9 ./src/RTT/SEGGER_RTT.o
 *fill*         0x00004365        0x3 ff
 .rodata._aInitStr.0
                0x00004368       0x11 ./src/RTT/SEGGER_RTT.o
 *fill*         0x00004379        0x3 ff
 .rodata.SEGGER_RTT_vprintf
                0x0000437c       0x84 ./src/RTT/SEGGER_RTT_printf.o
 .rodata._aV2C.0
                0x00004400       0x10 ./src/RTT/SEGGER_RTT_printf.o
 .rodata        0x00004410      0x50d ./src/nor.o
 *fill*         0x0000491d        0x3 ff
 .rodata.__func__.0
                0x00004920        0x9 ./src/nor.o
 *fill*         0x00004929        0x3 ff
 .rodata.g_ioport
                0x0000492c        0xc ./ra_gen/common_data.o
                0x0000492c                g_ioport
 .rodata.g_transfer1_cfg_extend
                0x00004938        0x1 ./ra_gen/hal_data.o
                0x00004938                g_transfer1_cfg_extend
 *fill*         0x00004939        0x3 ff
 .rodata.g_transfer1_cfg
                0x0000493c        0x8 ./ra_gen/hal_data.o
                0x0000493c                g_transfer1_cfg
 .rodata.g_transfer1
                0x00004944        0xc ./ra_gen/hal_data.o
                0x00004944                g_transfer1
 .rodata.g_transfer0_cfg_extend
                0x00004950        0x1 ./ra_gen/hal_data.o
                0x00004950                g_transfer0_cfg_extend
 *fill*         0x00004951        0x3 ff
 .rodata.g_transfer0_cfg
                0x00004954        0x8 ./ra_gen/hal_data.o
                0x00004954                g_transfer0_cfg
 .rodata.g_transfer0
                0x0000495c        0xc ./ra_gen/hal_data.o
                0x0000495c                g_transfer0
 .rodata.g_spi0_ext_cfg
                0x00004968        0xc ./ra_gen/hal_data.o
                0x00004968                g_spi0_ext_cfg
 .rodata.g_spi0_cfg
                0x00004974       0x24 ./ra_gen/hal_data.o
                0x00004974                g_spi0_cfg
 .rodata.g_bsp_pin_cfg_data
                0x00004998       0x38 ./ra_gen/pin_data.o
                0x00004998                g_bsp_pin_cfg_data
 .rodata.g_bsp_pin_cfg
                0x000049d0        0x8 ./ra_gen/pin_data.o
                0x000049d0                g_bsp_pin_cfg
 .rodata.g_interrupt_event_link_select
                0x000049d8       0x20 ./ra_gen/vector_data.o
                0x000049d8                g_interrupt_event_link_select
 .rodata.g_ioport_on_ioport
                0x000049f8       0x34 ./ra/fsp/src/r_ioport/r_ioport.o
                0x000049f8                g_ioport_on_ioport
 .rodata.g_transfer_on_dtc
                0x00004a2c       0x24 ./ra/fsp/src/r_dtc/r_dtc.o
                0x00004a2c                g_transfer_on_dtc
 .rodata.g_prcr_masks
                0x00004a50        0x8 ./ra/fsp/src/bsp/mcu/all/bsp_register_protection.o
                0x00004a58                        __usb_dev_descriptor_start_fs = .
 *(.usb_device_desc_fs*)
                0x00004a58                        __usb_cfg_descriptor_start_fs = .
 *(.usb_config_desc_fs*)
                0x00004a58                        __usb_interface_descriptor_start_fs = .
 *(.usb_interface_desc_fs*)
                0x00004a58                        __usb_descriptor_end_fs = .
                0x00004a58                        __usb_dev_descriptor_start_hs = .
 *(.usb_device_desc_hs*)
                0x00004a58                        __usb_cfg_descriptor_start_hs = .
 *(.usb_config_desc_hs*)
                0x00004a58                        __usb_interface_descriptor_start_hs = .
 *(.usb_interface_desc_hs*)
                0x00004a58                        __usb_descriptor_end_hs = .
 *(.eh_frame*)
 .eh_frame      0x00004a58        0x0 /opt/work/e2_studio_v2/toolchains/gcc_arm/12_2_MPACBTI-Rel1/arm-gnu-toolchain-12.2.mpacbti-rel1-x86_64-arm-none-eabi/bin/../lib/gcc/arm-none-eabi/12.2.1/thumb/v8-m.base/nofp/crtbegin.o
 .eh_frame      0x00004a58        0x4 /opt/work/e2_studio_v2/toolchains/gcc_arm/12_2_MPACBTI-Rel1/arm-gnu-toolchain-12.2.mpacbti-rel1-x86_64-arm-none-eabi/bin/../lib/gcc/arm-none-eabi/12.2.1/thumb/v8-m.base/nofp/crtend.o
                0x00004a5c                        __ROM_End = .
                0x000000c0                        __Vectors_Size = (__Vectors_End - __Vectors)

.glue_7         0x00004a5c        0x0
 .glue_7        0x00004a5c        0x0 linker stubs

.glue_7t        0x00004a5c        0x0
 .glue_7t       0x00004a5c        0x0 linker stubs

.vfp11_veneer   0x00004a5c        0x0
 .vfp11_veneer  0x00004a5c        0x0 linker stubs

.v4_bx          0x00004a5c        0x0
 .v4_bx         0x00004a5c        0x0 linker stubs

.iplt           0x00004a5c        0x0
 .iplt          0x00004a5c        0x0 /opt/work/e2_studio_v2/toolchains/gcc_arm/12_2_MPACBTI-Rel1/arm-gnu-toolchain-12.2.mpacbti-rel1-x86_64-arm-none-eabi/bin/../lib/gcc/arm-none-eabi/12.2.1/thumb/v8-m.base/nofp/crtbegin.o

.ARM.extab
 *(.ARM.extab* .gnu.linkonce.armextab.*)
                0x00004a5c                        __exidx_start = .

.ARM.exidx
 *(.ARM.exidx* .gnu.linkonce.armexidx.*)
                0x00004a5c                        __exidx_end = .
                0x00004a5c                        __etext = .
                0x20000000                        __tz_RAM_S = ORIGIN (RAM)

.fsp_dtc_vector_table
                0x20000000       0x80
                0x20000000                        . = ORIGIN (RAM)
 *(.fsp_dtc_vector_table)
 .fsp_dtc_vector_table
                0x20000000       0x80 ./ra/fsp/src/r_dtc/r_dtc.o

.data           0x20000080       0x28 load address 0x00004a5c
                0x20000080                        __data_start__ = .
                0x20000080                        . = ALIGN (0x4)
                0x20000080                        __Code_In_RAM_Start = .
 *(.code_in_ram*)
                0x20000080                        __Code_In_RAM_End = .
 *(vtable)
 *(.data.*)
 .data.g_transfer1_info
                0x20000080       0x10 ./ra_gen/hal_data.o
                0x20000080                g_transfer1_info
 .data.g_transfer0_info
                0x20000090       0x10 ./ra_gen/hal_data.o
                0x20000090                g_transfer0_info
 *(.data)
                0x200000a0                        . = ALIGN (0x4)
                0x200000a0                        PROVIDE (__preinit_array_start = .)
 *(.preinit_array)
                0x200000a0                        PROVIDE (__preinit_array_end = .)
                0x200000a0                        . = ALIGN (0x4)
                0x200000a0                        PROVIDE (__init_array_start = .)
 *(SORT_BY_NAME(.init_array.*))
 *(.init_array)
 .init_array    0x200000a0        0x4 /opt/work/e2_studio_v2/toolchains/gcc_arm/12_2_MPACBTI-Rel1/arm-gnu-toolchain-12.2.mpacbti-rel1-x86_64-arm-none-eabi/bin/../lib/gcc/arm-none-eabi/12.2.1/thumb/v8-m.base/nofp/crtbegin.o
                0x200000a4                        PROVIDE (__init_array_end = .)
                0x200000a4                        . = ALIGN (0x4)
                [!provide]                        PROVIDE (__fini_array_start = .)
 *(SORT_BY_NAME(.fini_array.*))
 *(.fini_array)
 .fini_array    0x200000a4        0x4 /opt/work/e2_studio_v2/toolchains/gcc_arm/12_2_MPACBTI-Rel1/arm-gnu-toolchain-12.2.mpacbti-rel1-x86_64-arm-none-eabi/bin/../lib/gcc/arm-none-eabi/12.2.1/thumb/v8-m.base/nofp/crtbegin.o
                [!provide]                        PROVIDE (__fini_array_end = .)
 *(.jcr*)
                0x200000a8                        . = ALIGN (0x4)
                0x200000a8                        __data_end__ = .
                0x00004a84                        __dtcm_data_init_start = ((__etext + __data_end__) - __data_start__)

.tm_clone_table
                0x200000a8        0x0 load address 0x00004a84
 .tm_clone_table
                0x200000a8        0x0 /opt/work/e2_studio_v2/toolchains/gcc_arm/12_2_MPACBTI-Rel1/arm-gnu-toolchain-12.2.mpacbti-rel1-x86_64-arm-none-eabi/bin/../lib/gcc/arm-none-eabi/12.2.1/thumb/v8-m.base/nofp/crtbegin.o
 .tm_clone_table
                0x200000a8        0x0 /opt/work/e2_studio_v2/toolchains/gcc_arm/12_2_MPACBTI-Rel1/arm-gnu-toolchain-12.2.mpacbti-rel1-x86_64-arm-none-eabi/bin/../lib/gcc/arm-none-eabi/12.2.1/thumb/v8-m.base/nofp/crtend.o

.igot.plt       0x200000a8        0x0 load address 0x00004a84
 .igot.plt      0x200000a8        0x0 /opt/work/e2_studio_v2/toolchains/gcc_arm/12_2_MPACBTI-Rel1/arm-gnu-toolchain-12.2.mpacbti-rel1-x86_64-arm-none-eabi/bin/../lib/gcc/arm-none-eabi/12.2.1/thumb/v8-m.base/nofp/crtbegin.o

.dtcm_data      0x00000000        0x0 load address 0x00004a84
                0x00000000                        __tz_DTCM_S = ABSOLUTE (DTCM_START)
                0x00000000                        __dtcm_data_start__ = .
 *(.dtcm_data*)
                0x00000000                        __dtcm_data_end__ = .

.dtcm_noinit    0x00000000        0x0 load address 0x00004a84
                0x00000000                        __dtcm_noinit_start = .
 *(.dtcm_noinit*)
                0x00000000                        __dtcm_noinit_end = .
                0x00000000                        __tz_DTCM_N = DEFINED (DTCM_NS_START)?ABSOLUTE (DTCM_NS_START):ALIGN (__dtcm_noinit_end, 0x2000)
                0x00004a84                        DATA_END = (LOADADDR (.data) + SIZEOF (.data))
                0x00004c00                        SGSTUBS_LOC = (DEFINED (PROJECT_SECURE) && DEFINED (FLASH_NSC_START))?ABSOLUTE (FLASH_NSC_START):ALIGN (DATA_END, 0x400)

.gnu.sgstubs    0x00004c00        0x0
                0x00004c00                        __tz_FLASH_C = DEFINED (FLASH_NSC_START)?ABSOLUTE (FLASH_NSC_START):__RESERVE_NS_RAM?ABSOLUTE ((FLASH_START + FLASH_LENGTH)):ALIGN (0x400)
                0x00004c00                        _start_sg = .
 *(.gnu.sgstubs*)
                0x00004c00                        . = ALIGN (0x20)
                0x00004c00                        _end_sg = .
                0x00008000                        __tz_FLASH_N = DEFINED (FLASH_NS_START)?ABSOLUTE (FLASH_NS_START):__RESERVE_NS_RAM?ABSOLUTE ((FLASH_START + FLASH_LENGTH)):(FLASH_LENGTH < 0x8000)?FLASH_LENGTH:ALIGN (0x8000)
                0x00008000                        FLASH_NS_IMAGE_START = DEFINED (FLASH_NS_IMAGE_START)?FLASH_NS_IMAGE_START:__tz_FLASH_N
                0x60000000                        __tz_QSPI_FLASH_S = ORIGIN (QSPI_FLASH)

.qspi_flash     0x60000000        0x0
                0x60000000                        __qspi_flash_start__ = .
 *(.qspi_flash*)
 *(.code_in_qspi*)
                0x60000000                        __qspi_flash_end__ = .
                0x00000000                        __qspi_flash_code_size__ = (__qspi_flash_end__ - __qspi_flash_start__)
                0x00004a84                        __qspi_flash_code_addr__ = (__etext + (__data_end__ - __data_start__))

.qspi_non_retentive
                0x60000000        0x0 load address 0x00004a84
                0x60000000                        __qspi_non_retentive_start__ = .
 *(.qspi_non_retentive*)
                0x60000000                        __qspi_non_retentive_end__ = .
                0x00000000                        __qspi_non_retentive_size__ = (__qspi_non_retentive_end__ - __qspi_non_retentive_start__)
                0x04000000                        __qspi_region_max_size__ = 0x4000000
                0x60000000                        __qspi_region_start_address__ = __qspi_flash_start__
                0x64000000                        __qspi_region_end_address__ = (__qspi_flash_start__ + __qspi_region_max_size__)
                0x60000000                        __tz_QSPI_FLASH_N = __qspi_non_retentive_end__

.OSPI_DEVICE_0_NO_LOAD
                0x80020000        0x0
                0x80020000                        . = ALIGN (0x4)
                0x80020000                        __ospi_device_0_start__ = .
 *(.ospi_device_0_no_load*)
                0x80020000                        . = ALIGN (0x4)
                0x80020000                        __ospi_device_0_end__ = .

.OSPI_DEVICE_1_NO_LOAD
                0x80030000        0x0
                0x80030000                        . = ALIGN (0x4)
                0x80030000                        __ospi_device_1_start__ = .
 *(.ospi_device_1_no_load*)
                0x80030000                        . = ALIGN (0x4)
                0x80030000                        __ospi_device_1_end__ = .
                0x80020000                        __tz_OSPI_DEVICE_0_S = ORIGIN (OSPI_DEVICE_0)

.OSPI_DEVICE_0  0x80020000        0x0
                0x80020000                        __ospi_device_0_start__ = .
 *(.ospi_device_0*)
 *(.code_in_ospi_device_0*)
                0x80020000                        __ospi_device_0_end__ = .
                0x00000000                        __ospi_device_0_code_size__ = (__ospi_device_0_end__ - __ospi_device_0_start__)
                0x00004a84                        __ospi_device_0_code_addr__ = (__etext + (__data_end__ - __data_start__))

.ospi_device_0_non_retentive
                0x80020000        0x0 load address 0x00004a84
                0x80020000                        __ospi_device_0_non_retentive_start__ = .
 *(.ospi_device_0_non_retentive*)
                0x80020000                        __ospi_device_0_non_retentive_end__ = .
                0x00000000                        __ospi_device_0_non_retentive_size__ = (__ospi_device_0_non_retentive_end__ - __ospi_device_0_non_retentive_start__)
                0x08000000                        __ospi_device_0_region_max_size__ = 0x8000000
                0x80020000                        __ospi_device_0_region_start_address__ = __ospi_device_0_start__
                0x88020000                        __ospi_device_0_region_end_address__ = (__ospi_device_0_start__ + __ospi_device_0_region_max_size__)
                0x80020000                        __tz_OSPI_DEVICE_0_N = __ospi_device_0_non_retentive_end__
                0x80030000                        __tz_OSPI_DEVICE_1_S = ORIGIN (OSPI_DEVICE_1)

.OSPI_DEVICE_1  0x80030000        0x0
                0x80030000                        __ospi_device_1_start__ = .
 *(.ospi_device_1*)
 *(.code_in_ospi_device_1*)
                0x80030000                        __ospi_device_1_end__ = .
                0x00000000                        __ospi_device_1_code_size__ = (__ospi_device_1_end__ - __ospi_device_1_start__)
                0x00004a84                        __ospi_device_1_code_addr__ = (__etext + (__data_end__ - __data_start__))

.ospi_device_1_non_retentive
                0x80030000        0x0 load address 0x00004a84
                0x80030000                        __ospi_device_1_non_retentive_start__ = .
 *(.ospi_device_1_non_retentive*)
                0x80030000                        __ospi_device_1_non_retentive_end__ = .
                0x00000000                        __ospi_device_1_non_retentive_size__ = (__ospi_device_1_non_retentive_end__ - __ospi_device_1_non_retentive_start__)
                0x10000000                        __ospi_device_1_region_max_size__ = 0x10000000
                0x80030000                        __ospi_device_1_region_start_address__ = __ospi_device_1_start__
                0x90030000                        __ospi_device_1_region_end_address__ = (__ospi_device_1_start__ + __ospi_device_1_region_max_size__)
                0x80030000                        __tz_OSPI_DEVICE_1_N = __ospi_device_1_non_retentive_end__

.noinit         0x200000a8       0x18
                0x200000a8                        . = ALIGN (0x4)
                0x200000a8                        __noinit_start = .
 *(.noinit*)
 .noinit        0x200000a8       0x14 ./ra/fsp/src/bsp/mcu/all/bsp_clocks.o
                0x200000c0                        . = ALIGN (0x8)
 *fill*         0x200000bc        0x4 
 *(.heap.*)
                0x200000c0                        __noinit_end = .

.bss            0x200000c0      0x654
                0x200000c0                        . = ALIGN (0x4)
                0x200000c0                        __bss_start__ = .
 *(.bss*)
 .bss.completed.1
                0x200000c0        0x1 /opt/work/e2_studio_v2/toolchains/gcc_arm/12_2_MPACBTI-Rel1/arm-gnu-toolchain-12.2.mpacbti-rel1-x86_64-arm-none-eabi/bin/../lib/gcc/arm-none-eabi/12.2.1/thumb/v8-m.base/nofp/crtbegin.o
 *fill*         0x200000c1        0x3 
 .bss.object.0  0x200000c4       0x18 /opt/work/e2_studio_v2/toolchains/gcc_arm/12_2_MPACBTI-Rel1/arm-gnu-toolchain-12.2.mpacbti-rel1-x86_64-arm-none-eabi/bin/../lib/gcc/arm-none-eabi/12.2.1/thumb/v8-m.base/nofp/crtbegin.o
 .bss._SEGGER_RTT
                0x200000dc       0xa8 ./src/RTT/SEGGER_RTT.o
                0x200000dc                _SEGGER_RTT
 .bss._acUpBuffer
                0x20000184      0x400 ./src/RTT/SEGGER_RTT.o
 .bss._acDownBuffer
                0x20000584       0x10 ./src/RTT/SEGGER_RTT.o
 *fill*         0x20000594        0x4 
 .bss.Nor       0x20000598       0x50 ./src/hal_entry.o
                0x20000598                Nor
 .bss.err       0x200005e8        0x4 ./src/hal_entry.o
                0x200005e8                err
 .bss.g_transfer_complete
                0x200005ec        0x1 ./src/hal_entry.o
 *fill*         0x200005ed        0x3 
 .bss.g_ioport_ctrl
                0x200005f0        0x8 ./ra_gen/common_data.o
                0x200005f0                g_ioport_ctrl
 .bss.g_transfer1_ctrl
                0x200005f8        0x8 ./ra_gen/hal_data.o
                0x200005f8                g_transfer1_ctrl
 .bss.g_transfer0_ctrl
                0x20000600        0x8 ./ra_gen/hal_data.o
                0x20000600                g_transfer0_ctrl
 .bss.g_spi0_ctrl
                0x20000608       0x30 ./ra_gen/hal_data.o
                0x20000608                g_spi0_ctrl
 .bss.dummy_rx.1
                0x20000638        0x4 ./ra/fsp/src/r_spi/r_spi.o
 .bss.dummy_tx.0
                0x2000063c        0x4 ./ra/fsp/src/r_spi/r_spi.o
 .bss.g_dtc_state_initialized.0
                0x20000640        0x1 ./ra/fsp/src/r_dtc/r_dtc.o
 *fill*         0x20000641        0x3 
 .bss.g_bsp_group_irq_sources
                0x20000644       0x40 ./ra/fsp/src/bsp/mcu/all/bsp_group_irq.o
                0x20000644                g_bsp_group_irq_sources
 .bss.g_protect_pfswe_counter
                0x20000684        0x4 ./ra/fsp/src/bsp/mcu/all/bsp_io.o
                0x20000684                g_protect_pfswe_counter
 .bss.gp_renesas_isr_context
                0x20000688       0x80 ./ra/fsp/src/bsp/mcu/all/bsp_irq.o
                0x20000688                gp_renesas_isr_context
 .bss.g_protect_counters
                0x20000708        0x8 ./ra/fsp/src/bsp/mcu/all/bsp_register_protection.o
                0x20000708                g_protect_counters
 .bss.SystemCoreClock
                0x20000710        0x4 ./ra/fsp/src/bsp/cmsis/Device/RENESAS/Source/system.o
                0x20000710                SystemCoreClock
 *(COMMON)
                0x20000714                        . = ALIGN (0x4)
                0x20000714                        __bss_end__ = .

.heap           0x20000718      0x800
                0x20000718                        . = ALIGN (0x8)
                0x20000718                        __HeapBase = .
 *(.heap)
 .heap          0x20000718      0x800 ./ra/fsp/src/bsp/cmsis/Device/RENESAS/Source/startup.o
                0x20000f18                        __HeapLimit = .

.stack_dummy    0x20000f18      0x800
                0x20000f18                        . = ALIGN (0x8)
                0x20000f18                        __StackLimit = .
 *(.stack)
 .stack         0x20000f18      0x800 ./ra/fsp/src/bsp/cmsis/Device/RENESAS/Source/startup.o
                0x20001718                        __StackTop = .
 *(.stack*)
                0x20001718                        __StackTopAll = .
                0x20001718                        PROVIDE (__stack = __StackTopAll)
                0x20001718                        __RAM_segment_used_end__ = ALIGN (__StackTopAll, 0x4)
                0x20001800                        __tz_RAM_C = DEFINED (RAM_NSC_START)?ABSOLUTE ((RAM_NSC_START - RAM_NS_BUFFER_BLOCK_LENGTH)):__RESERVE_NS_RAM?ABSOLUTE (RAM_NS_BUFFER_BLOCK_START):ALIGN (__RAM_segment_used_end__, 0x400)
                0x20002000                        __tz_RAM_N = DEFINED (RAM_NS_START)?ABSOLUTE ((RAM_NS_START - RAM_NS_BUFFER_BLOCK_LENGTH)):__RESERVE_NS_RAM?ABSOLUTE (RAM_NS_BUFFER_BLOCK_START):ALIGN (__tz_RAM_C, 0x2000)

.ns_buffer      0x20001718        0x0
                0x20001718                        . = __RESERVE_NS_RAM?ABSOLUTE ((RAM_NS_BUFFER_START & 0xffffffe0)):.
 *(.ns_buffer*)

.data_flash     0x40100000        0x0
                0x40100000                        . = ORIGIN (DATA_FLASH)
                0x40100000                        __tz_DATA_FLASH_S = .
                0x40100000                        __Data_Flash_Start = .
 *(.data_flash*)
                0x40100000                        __Data_Flash_End = .
                0x40100000                        __tz_DATA_FLASH_N = DEFINED (DATA_FLASH_NS_START)?ABSOLUTE (DATA_FLASH_NS_START):__RESERVE_NS_RAM?ABSOLUTE ((DATA_FLASH_START + DATA_FLASH_LENGTH)):ALIGN (0x400)
                0x80010000                        __tz_SDRAM_S = ORIGIN (SDRAM)

.sdram          0x80010000        0x0
                0x80010000                        __SDRAM_Start = .
 *(.sdram*)
 *(.frame*)
                0x80010000                        __SDRAM_End = .
                0x80010000                        __tz_SDRAM_N = __SDRAM_End
                0x01010018                        __tz_ID_CODE_S = ORIGIN (ID_CODE)

.id_code        0x01010018       0x1c
                0x01010018                        __ID_Code_Start = .
 *(.id_code*)
 .id_code       0x01010018       0x1c ./ra/fsp/src/bsp/mcu/all/bsp_rom_registers.o
                0x01010034                        __ID_Code_End = .
                0x01010034                        __tz_ID_CODE_N = __ID_Code_End
                0x00000000                        __tz_OPTION_SETTING_S = ORIGIN (OPTION_SETTING_OFS)

.rel.dyn        0x01010034        0x0
 .rel.iplt      0x01010034        0x0 /opt/work/e2_studio_v2/toolchains/gcc_arm/12_2_MPACBTI-Rel1/arm-gnu-toolchain-12.2.mpacbti-rel1-x86_64-arm-none-eabi/bin/../lib/gcc/arm-none-eabi/12.2.1/thumb/v8-m.base/nofp/crtbegin.o

.option_setting_ofs
                0x00000000        0x0
                0x00000000                        __OPTION_SETTING_OFS_Start = .
 *(.option_setting_ofs0)
                0x00000000                        . = PROJECT_SECURE_OR_FLAT?(__OPTION_SETTING_OFS_Start + 0x4):__OPTION_SETTING_OFS_Start
 *(.option_setting_ofs2)
                0x00000000                        . = PROJECT_SECURE_OR_FLAT?(__OPTION_SETTING_OFS_Start + 0x10):__OPTION_SETTING_OFS_Start
 *(.option_setting_dualsel)
                0x00000000                        __OPTION_SETTING_OFS_End = .

.option_setting_sas
                0x00000034        0x0
                0x00000034                        __OPTION_SETTING_SAS_Start = .
 *(.option_setting_sas)
                0x00000034                        __OPTION_SETTING_SAS_End = .
                0x00000080                        __tz_OPTION_SETTING_N = ABSOLUTE (OPTION_SETTING_START_NS)

.option_setting_ns
                0x00000000        0x0
                0x00000000                        __OPTION_SETTING_NS_Start = .
 *(.option_setting_ofs1)
                0x00000000                        . = USE_OPTION_SETTING_NS?(__OPTION_SETTING_NS_Start + 0x4):__OPTION_SETTING_NS_Start
 *(.option_setting_ofs3)
                0x00000000                        . = USE_OPTION_SETTING_NS?(__OPTION_SETTING_NS_Start + 0x10):__OPTION_SETTING_NS_Start
 *(.option_setting_banksel)
                0x00000000                        . = USE_OPTION_SETTING_NS?(__OPTION_SETTING_NS_Start + 0x40):__OPTION_SETTING_NS_Start
 *(.option_setting_bps0)
                0x00000000                        . = USE_OPTION_SETTING_NS?(__OPTION_SETTING_NS_Start + 0x44):__OPTION_SETTING_NS_Start
 *(.option_setting_bps1)
                0x00000000                        . = USE_OPTION_SETTING_NS?(__OPTION_SETTING_NS_Start + 0x48):__OPTION_SETTING_NS_Start
 *(.option_setting_bps2)
                0x00000000                        . = USE_OPTION_SETTING_NS?(__OPTION_SETTING_NS_Start + 0x4c):__OPTION_SETTING_NS_Start
 *(.option_setting_bps3)
                0x00000000                        . = USE_OPTION_SETTING_NS?(__OPTION_SETTING_NS_Start + 0x60):__OPTION_SETTING_NS_Start
 *(.option_setting_pbps0)
                0x00000000                        . = USE_OPTION_SETTING_NS?(__OPTION_SETTING_NS_Start + 0x64):__OPTION_SETTING_NS_Start
 *(.option_setting_pbps1)
                0x00000000                        . = USE_OPTION_SETTING_NS?(__OPTION_SETTING_NS_Start + 0x68):__OPTION_SETTING_NS_Start
 *(.option_setting_pbps2)
                0x00000000                        . = USE_OPTION_SETTING_NS?(__OPTION_SETTING_NS_Start + 0x6c):__OPTION_SETTING_NS_Start
 *(.option_setting_pbps3)
                0x00000000                        __OPTION_SETTING_NS_End = .
                0x80000000                        __tz_OPTION_SETTING_S_S = ORIGIN (OPTION_SETTING_S)

.option_setting_s
                0x80000000        0x0
                0x80000000                        __OPTION_SETTING_S_Start = .
 *(.option_setting_ofs1_sec)
                0x80000000                        . = PROJECT_SECURE_OR_FLAT?(__OPTION_SETTING_S_Start + 0x4):__OPTION_SETTING_S_Start
 *(.option_setting_ofs3_sec)
                0x80000000                        . = PROJECT_SECURE_OR_FLAT?(__OPTION_SETTING_S_Start + 0x10):__OPTION_SETTING_S_Start
 *(.option_setting_banksel_sec)
                0x80000000                        . = PROJECT_SECURE_OR_FLAT?(__OPTION_SETTING_S_Start + 0x40):__OPTION_SETTING_S_Start
 *(.option_setting_bps_sec0)
                0x80000000                        . = PROJECT_SECURE_OR_FLAT?(__OPTION_SETTING_S_Start + 0x44):__OPTION_SETTING_S_Start
 *(.option_setting_bps_sec1)
                0x80000000                        . = PROJECT_SECURE_OR_FLAT?(__OPTION_SETTING_S_Start + 0x48):__OPTION_SETTING_S_Start
 *(.option_setting_bps_sec2)
                0x80000000                        . = PROJECT_SECURE_OR_FLAT?(__OPTION_SETTING_S_Start + 0x4c):__OPTION_SETTING_S_Start
 *(.option_setting_bps_sec3)
                0x80000000                        . = PROJECT_SECURE_OR_FLAT?(__OPTION_SETTING_S_Start + 0x60):__OPTION_SETTING_S_Start
 *(.option_setting_pbps_sec0)
                0x80000000                        . = PROJECT_SECURE_OR_FLAT?(__OPTION_SETTING_S_Start + 0x64):__OPTION_SETTING_S_Start
 *(.option_setting_pbps_sec1)
                0x80000000                        . = PROJECT_SECURE_OR_FLAT?(__OPTION_SETTING_S_Start + 0x68):__OPTION_SETTING_S_Start
 *(.option_setting_pbps_sec2)
                0x80000000                        . = PROJECT_SECURE_OR_FLAT?(__OPTION_SETTING_S_Start + 0x6c):__OPTION_SETTING_S_Start
 *(.option_setting_pbps_sec3)
                0x80000000                        . = PROJECT_SECURE_OR_FLAT?(__OPTION_SETTING_S_Start + 0x80):__OPTION_SETTING_S_Start
 *(.option_setting_ofs1_sel)
                0x80000000                        . = PROJECT_SECURE_OR_FLAT?(__OPTION_SETTING_S_Start + 0x84):__OPTION_SETTING_S_Start
 *(.option_setting_ofs3_sel)
                0x80000000                        . = PROJECT_SECURE_OR_FLAT?(__OPTION_SETTING_S_Start + 0x90):__OPTION_SETTING_S_Start
 *(.option_setting_banksel_sel)
                0x80000000                        . = PROJECT_SECURE_OR_FLAT?(__OPTION_SETTING_S_Start + 0xc0):__OPTION_SETTING_S_Start
 *(.option_setting_bps_sel0)
                0x80000000                        . = PROJECT_SECURE_OR_FLAT?(__OPTION_SETTING_S_Start + 0xc4):__OPTION_SETTING_S_Start
 *(.option_setting_bps_sel1)
                0x80000000                        . = PROJECT_SECURE_OR_FLAT?(__OPTION_SETTING_S_Start + 0xc8):__OPTION_SETTING_S_Start
 *(.option_setting_bps_sel2)
                0x80000000                        . = PROJECT_SECURE_OR_FLAT?(__OPTION_SETTING_S_Start + 0xcc):__OPTION_SETTING_S_Start
 *(.option_setting_bps_sel3)
                0x80000000                        __OPTION_SETTING_S_End = .
                0x80000000                        __tz_OPTION_SETTING_S_N = __OPTION_SETTING_S_End
OUTPUT(LittleFS.elf elf32-littlearm)
LOAD linker stubs

.ARM.attributes
                0x00000000       0x2c
 .ARM.attributes
                0x00000000       0x22 /opt/work/e2_studio_v2/toolchains/gcc_arm/12_2_MPACBTI-Rel1/arm-gnu-toolchain-12.2.mpacbti-rel1-x86_64-arm-none-eabi/bin/../lib/gcc/arm-none-eabi/12.2.1/thumb/v8-m.base/nofp/crti.o
 .ARM.attributes
                0x00000022       0x30 /opt/work/e2_studio_v2/toolchains/gcc_arm/12_2_MPACBTI-Rel1/arm-gnu-toolchain-12.2.mpacbti-rel1-x86_64-arm-none-eabi/bin/../lib/gcc/arm-none-eabi/12.2.1/thumb/v8-m.base/nofp/crtbegin.o
 .ARM.attributes
                0x00000052       0x30 ./src/RTT/SEGGER_RTT.o
 .ARM.attributes
                0x00000082       0x30 ./src/RTT/SEGGER_RTT_printf.o
 .ARM.attributes
                0x000000b2       0x30 ./src/hal_entry.o
 .ARM.attributes
                0x000000e2       0x30 ./src/nor.o
 .ARM.attributes
                0x00000112       0x30 ./src/nor_ids.o
 .ARM.attributes
                0x00000142       0x30 ./ra_gen/common_data.o
 .ARM.attributes
                0x00000172       0x30 ./ra_gen/hal_data.o
 .ARM.attributes
                0x000001a2       0x30 ./ra_gen/main.o
 .ARM.attributes
                0x000001d2       0x30 ./ra_gen/pin_data.o
 .ARM.attributes
                0x00000202       0x30 ./ra_gen/vector_data.o
 .ARM.attributes
                0x00000232       0x30 ./ra/fsp/src/r_spi/r_spi.o
 .ARM.attributes
                0x00000262       0x30 ./ra/fsp/src/r_ioport/r_ioport.o
 .ARM.attributes
                0x00000292       0x30 ./ra/fsp/src/r_dtc/r_dtc.o
 .ARM.attributes
                0x000002c2       0x30 ./ra/fsp/src/bsp/mcu/all/bsp_clocks.o
 .ARM.attributes
                0x000002f2       0x30 ./ra/fsp/src/bsp/mcu/all/bsp_common.o
 .ARM.attributes
                0x00000322       0x30 ./ra/fsp/src/bsp/mcu/all/bsp_delay.o
 .ARM.attributes
                0x00000352       0x30 ./ra/fsp/src/bsp/mcu/all/bsp_group_irq.o
 .ARM.attributes
                0x00000382       0x30 ./ra/fsp/src/bsp/mcu/all/bsp_io.o
 .ARM.attributes
                0x000003b2       0x30 ./ra/fsp/src/bsp/mcu/all/bsp_irq.o
 .ARM.attributes
                0x000003e2       0x30 ./ra/fsp/src/bsp/mcu/all/bsp_register_protection.o
 .ARM.attributes
                0x00000412       0x30 ./ra/fsp/src/bsp/mcu/all/bsp_rom_registers.o
 .ARM.attributes
                0x00000442       0x30 ./ra/fsp/src/bsp/cmsis/Device/RENESAS/Source/startup.o
 .ARM.attributes
                0x00000472       0x30 ./ra/fsp/src/bsp/cmsis/Device/RENESAS/Source/system.o
 .ARM.attributes
                0x000004a2       0x30 /opt/work/e2_studio_v2/toolchains/gcc_arm/12_2_MPACBTI-Rel1/arm-gnu-toolchain-12.2.mpacbti-rel1-x86_64-arm-none-eabi/bin/../lib/gcc/arm-none-eabi/12.2.1/thumb/v8-m.base/nofp/libgcc.a(_muldi3.o)
 .ARM.attributes
                0x000004d2       0x30 /opt/work/e2_studio_v2/toolchains/gcc_arm/12_2_MPACBTI-Rel1/arm-gnu-toolchain-12.2.mpacbti-rel1-x86_64-arm-none-eabi/bin/../lib/gcc/arm-none-eabi/12.2.1/../../../../arm-none-eabi/lib/thumb/v8-m.base/nofp/libg_nano.a(libc_a-memcpy-stub.o)
 .ARM.attributes
                0x00000502       0x30 /opt/work/e2_studio_v2/toolchains/gcc_arm/12_2_MPACBTI-Rel1/arm-gnu-toolchain-12.2.mpacbti-rel1-x86_64-arm-none-eabi/bin/../lib/gcc/arm-none-eabi/12.2.1/../../../../arm-none-eabi/lib/thumb/v8-m.base/nofp/libg_nano.a(libc_a-memset.o)
 .ARM.attributes
                0x00000532       0x30 /opt/work/e2_studio_v2/toolchains/gcc_arm/12_2_MPACBTI-Rel1/arm-gnu-toolchain-12.2.mpacbti-rel1-x86_64-arm-none-eabi/bin/../lib/gcc/arm-none-eabi/12.2.1/thumb/v8-m.base/nofp/crtend.o
 .ARM.attributes
                0x00000562       0x22 /opt/work/e2_studio_v2/toolchains/gcc_arm/12_2_MPACBTI-Rel1/arm-gnu-toolchain-12.2.mpacbti-rel1-x86_64-arm-none-eabi/bin/../lib/gcc/arm-none-eabi/12.2.1/thumb/v8-m.base/nofp/crtn.o

.comment        0x00000000       0x55
 .comment       0x00000000       0x55 ./src/RTT/SEGGER_RTT.o
                                 0x56 (size before relaxing)
 .comment       0x00000055       0x56 ./src/RTT/SEGGER_RTT_printf.o
 .comment       0x00000055       0x56 ./src/hal_entry.o
 .comment       0x00000055       0x56 ./src/nor.o
 .comment       0x00000055       0x56 ./src/nor_ids.o
 .comment       0x00000055       0x56 ./ra_gen/common_data.o
 .comment       0x00000055       0x56 ./ra_gen/hal_data.o
 .comment       0x00000055       0x56 ./ra_gen/main.o
 .comment       0x00000055       0x56 ./ra_gen/pin_data.o
 .comment       0x00000055       0x56 ./ra_gen/vector_data.o
 .comment       0x00000055       0x56 ./ra/fsp/src/r_spi/r_spi.o
 .comment       0x00000055       0x56 ./ra/fsp/src/r_ioport/r_ioport.o
 .comment       0x00000055       0x56 ./ra/fsp/src/r_dtc/r_dtc.o
 .comment       0x00000055       0x56 ./ra/fsp/src/bsp/mcu/all/bsp_clocks.o
 .comment       0x00000055       0x56 ./ra/fsp/src/bsp/mcu/all/bsp_common.o
 .comment       0x00000055       0x56 ./ra/fsp/src/bsp/mcu/all/bsp_delay.o
 .comment       0x00000055       0x56 ./ra/fsp/src/bsp/mcu/all/bsp_group_irq.o
 .comment       0x00000055       0x56 ./ra/fsp/src/bsp/mcu/all/bsp_io.o
 .comment       0x00000055       0x56 ./ra/fsp/src/bsp/mcu/all/bsp_irq.o
 .comment       0x00000055       0x56 ./ra/fsp/src/bsp/mcu/all/bsp_register_protection.o
 .comment       0x00000055       0x56 ./ra/fsp/src/bsp/mcu/all/bsp_rom_registers.o
 .comment       0x00000055       0x56 ./ra/fsp/src/bsp/cmsis/Device/RENESAS/Source/startup.o
 .comment       0x00000055       0x56 ./ra/fsp/src/bsp/cmsis/Device/RENESAS/Source/system.o

.debug_info     0x00000000    0x2838d
 .debug_info    0x00000000     0x16b2 ./src/RTT/SEGGER_RTT.o
 .debug_info    0x000016b2      0x440 ./src/RTT/SEGGER_RTT_printf.o
 .debug_info    0x00001af2     0x4159 ./src/hal_entry.o
 .debug_info    0x00005c4b     0x130f ./src/nor.o
 .debug_info    0x00006f5a      0x22f ./src/nor_ids.o
 .debug_info    0x00007189     0x1207 ./ra_gen/common_data.o
 .debug_info    0x00008390     0x1f3f ./ra_gen/hal_data.o
 .debug_info    0x0000a2cf       0x91 ./ra_gen/main.o
 .debug_info    0x0000a360      0xa07 ./ra_gen/pin_data.o
 .debug_info    0x0000ad67      0x4e8 ./ra_gen/vector_data.o
 .debug_info    0x0000b24f     0x75da ./ra/fsp/src/r_spi/r_spi.o
 .debug_info    0x00012829     0x2bd0 ./ra/fsp/src/r_ioport/r_ioport.o
 .debug_info    0x000153f9     0x5806 ./ra/fsp/src/r_dtc/r_dtc.o
 .debug_info    0x0001abff     0x4cf9 ./ra/fsp/src/bsp/mcu/all/bsp_clocks.o
 .debug_info    0x0001f8f8      0x916 ./ra/fsp/src/bsp/mcu/all/bsp_common.o
 .debug_info    0x0002020e      0x190 ./ra/fsp/src/bsp/mcu/all/bsp_delay.o
 .debug_info    0x0002039e     0x13af ./ra/fsp/src/bsp/mcu/all/bsp_group_irq.o
 .debug_info    0x0002174d       0xa3 ./ra/fsp/src/bsp/mcu/all/bsp_io.o
 .debug_info    0x000217f0      0xffc ./ra/fsp/src/bsp/mcu/all/bsp_irq.o
 .debug_info    0x000227ec     0x3c70 ./ra/fsp/src/bsp/mcu/all/bsp_register_protection.o
 .debug_info    0x0002645c       0xd6 ./ra/fsp/src/bsp/mcu/all/bsp_rom_registers.o
 .debug_info    0x00026532      0x159 ./ra/fsp/src/bsp/cmsis/Device/RENESAS/Source/startup.o
 .debug_info    0x0002668b     0x1d02 ./ra/fsp/src/bsp/cmsis/Device/RENESAS/Source/system.o

.debug_abbrev   0x00000000     0x2ccb
 .debug_abbrev  0x00000000      0x213 ./src/RTT/SEGGER_RTT.o
 .debug_abbrev  0x00000213      0x1b0 ./src/RTT/SEGGER_RTT_printf.o
 .debug_abbrev  0x000003c3      0x412 ./src/hal_entry.o
 .debug_abbrev  0x000007d5      0x29b ./src/nor.o
 .debug_abbrev  0x00000a70       0xcb ./src/nor_ids.o
 .debug_abbrev  0x00000b3b      0x150 ./ra_gen/common_data.o
 .debug_abbrev  0x00000c8b      0x27c ./ra_gen/hal_data.o
 .debug_abbrev  0x00000f07       0x59 ./ra_gen/main.o
 .debug_abbrev  0x00000f60       0xdc ./ra_gen/pin_data.o
 .debug_abbrev  0x0000103c       0xb1 ./ra_gen/vector_data.o
 .debug_abbrev  0x000010ed      0x4d9 ./ra/fsp/src/r_spi/r_spi.o
 .debug_abbrev  0x000015c6      0x38e ./ra/fsp/src/r_ioport/r_ioport.o
 .debug_abbrev  0x00001954      0x400 ./ra/fsp/src/r_dtc/r_dtc.o
 .debug_abbrev  0x00001d54      0x2c9 ./ra/fsp/src/bsp/mcu/all/bsp_clocks.o
 .debug_abbrev  0x0000201d      0x15e ./ra/fsp/src/bsp/mcu/all/bsp_common.o
 .debug_abbrev  0x0000217b       0xd2 ./ra/fsp/src/bsp/mcu/all/bsp_delay.o
 .debug_abbrev  0x0000224d      0x210 ./ra/fsp/src/bsp/mcu/all/bsp_group_irq.o
 .debug_abbrev  0x0000245d       0x5e ./ra/fsp/src/bsp/mcu/all/bsp_io.o
 .debug_abbrev  0x000024bb      0x1a3 ./ra/fsp/src/bsp/mcu/all/bsp_irq.o
 .debug_abbrev  0x0000265e      0x20e ./ra/fsp/src/bsp/mcu/all/bsp_register_protection.o
 .debug_abbrev  0x0000286c       0x5f ./ra/fsp/src/bsp/mcu/all/bsp_rom_registers.o
 .debug_abbrev  0x000028cb       0xee ./ra/fsp/src/bsp/cmsis/Device/RENESAS/Source/startup.o
 .debug_abbrev  0x000029b9      0x312 ./ra/fsp/src/bsp/cmsis/Device/RENESAS/Source/system.o

.debug_aranges  0x00000000      0x860
 .debug_aranges
                0x00000000      0x140 ./src/RTT/SEGGER_RTT.o
 .debug_aranges
                0x00000140       0x40 ./src/RTT/SEGGER_RTT_printf.o
 .debug_aranges
                0x00000180       0xb0 ./src/hal_entry.o
 .debug_aranges
                0x00000230      0x148 ./src/nor.o
 .debug_aranges
                0x00000378       0x30 ./src/nor_ids.o
 .debug_aranges
                0x000003a8       0x20 ./ra_gen/common_data.o
 .debug_aranges
                0x000003c8       0x20 ./ra_gen/hal_data.o
 .debug_aranges
                0x000003e8       0x20 ./ra_gen/main.o
 .debug_aranges
                0x00000408       0x18 ./ra_gen/pin_data.o
 .debug_aranges
                0x00000420       0x18 ./ra_gen/vector_data.o
 .debug_aranges
                0x00000438      0x120 ./ra/fsp/src/r_spi/r_spi.o
 .debug_aranges
                0x00000558       0xb0 ./ra/fsp/src/r_ioport/r_ioport.o
 .debug_aranges
                0x00000608       0x80 ./ra/fsp/src/r_dtc/r_dtc.o
 .debug_aranges
                0x00000688       0x80 ./ra/fsp/src/bsp/mcu/all/bsp_clocks.o
 .debug_aranges
                0x00000708       0x30 ./ra/fsp/src/bsp/mcu/all/bsp_common.o
 .debug_aranges
                0x00000738       0x28 ./ra/fsp/src/bsp/mcu/all/bsp_delay.o
 .debug_aranges
                0x00000760       0x30 ./ra/fsp/src/bsp/mcu/all/bsp_group_irq.o
 .debug_aranges
                0x00000790       0x18 ./ra/fsp/src/bsp/mcu/all/bsp_io.o
 .debug_aranges
                0x000007a8       0x20 ./ra/fsp/src/bsp/mcu/all/bsp_irq.o
 .debug_aranges
                0x000007c8       0x28 ./ra/fsp/src/bsp/mcu/all/bsp_register_protection.o
 .debug_aranges
                0x000007f0       0x18 ./ra/fsp/src/bsp/mcu/all/bsp_rom_registers.o
 .debug_aranges
                0x00000808       0x28 ./ra/fsp/src/bsp/cmsis/Device/RENESAS/Source/startup.o
 .debug_aranges
                0x00000830       0x30 ./ra/fsp/src/bsp/cmsis/Device/RENESAS/Source/system.o

.debug_ranges   0x00000000      0x6e8
 .debug_ranges  0x00000000      0x130 ./src/RTT/SEGGER_RTT.o
 .debug_ranges  0x00000130       0x48 ./src/RTT/SEGGER_RTT_printf.o
 .debug_ranges  0x00000178       0xa0 ./src/hal_entry.o
 .debug_ranges  0x00000218      0x138 ./src/nor.o
 .debug_ranges  0x00000350       0x20 ./src/nor_ids.o
 .debug_ranges  0x00000370       0x10 ./ra_gen/common_data.o
 .debug_ranges  0x00000380       0x10 ./ra_gen/hal_data.o
 .debug_ranges  0x00000390       0x10 ./ra_gen/main.o
 .debug_ranges  0x000003a0      0x110 ./ra/fsp/src/r_spi/r_spi.o
 .debug_ranges  0x000004b0       0xa0 ./ra/fsp/src/r_ioport/r_ioport.o
 .debug_ranges  0x00000550       0x70 ./ra/fsp/src/r_dtc/r_dtc.o
 .debug_ranges  0x000005c0       0x70 ./ra/fsp/src/bsp/mcu/all/bsp_clocks.o
 .debug_ranges  0x00000630       0x20 ./ra/fsp/src/bsp/mcu/all/bsp_common.o
 .debug_ranges  0x00000650       0x18 ./ra/fsp/src/bsp/mcu/all/bsp_delay.o
 .debug_ranges  0x00000668       0x20 ./ra/fsp/src/bsp/mcu/all/bsp_group_irq.o
 .debug_ranges  0x00000688       0x10 ./ra/fsp/src/bsp/mcu/all/bsp_irq.o
 .debug_ranges  0x00000698       0x18 ./ra/fsp/src/bsp/mcu/all/bsp_register_protection.o
 .debug_ranges  0x000006b0       0x18 ./ra/fsp/src/bsp/cmsis/Device/RENESAS/Source/startup.o
 .debug_ranges  0x000006c8       0x20 ./ra/fsp/src/bsp/cmsis/Device/RENESAS/Source/system.o

.debug_line     0x00000000     0x6f52
 .debug_line    0x00000000      0xc9b ./src/RTT/SEGGER_RTT.o
 .debug_line    0x00000c9b      0x471 ./src/RTT/SEGGER_RTT_printf.o
 .debug_line    0x0000110c      0x68f ./src/hal_entry.o
 .debug_line    0x0000179b      0xc49 ./src/nor.o
 .debug_line    0x000023e4      0x20d ./src/nor_ids.o
 .debug_line    0x000025f1      0x30d ./ra_gen/common_data.o
 .debug_line    0x000028fe      0x36a ./ra_gen/hal_data.o
 .debug_line    0x00002c68       0x57 ./ra_gen/main.o
 .debug_line    0x00002cbf      0x214 ./ra_gen/pin_data.o
 .debug_line    0x00002ed3      0x13e ./ra_gen/vector_data.o
 .debug_line    0x00003011      0xfba ./ra/fsp/src/r_spi/r_spi.o
 .debug_line    0x00003fcb      0x79e ./ra/fsp/src/r_ioport/r_ioport.o
 .debug_line    0x00004769      0x7c7 ./ra/fsp/src/r_dtc/r_dtc.o
 .debug_line    0x00004f30      0x544 ./ra/fsp/src/bsp/mcu/all/bsp_clocks.o
 .debug_line    0x00005474      0x2c0 ./ra/fsp/src/bsp/mcu/all/bsp_common.o
 .debug_line    0x00005734      0x2af ./ra/fsp/src/bsp/mcu/all/bsp_delay.o
 .debug_line    0x000059e3      0x31a ./ra/fsp/src/bsp/mcu/all/bsp_group_irq.o
 .debug_line    0x00005cfd      0x1dc ./ra/fsp/src/bsp/mcu/all/bsp_io.o
 .debug_line    0x00005ed9      0x30c ./ra/fsp/src/bsp/mcu/all/bsp_irq.o
 .debug_line    0x000061e5      0x396 ./ra/fsp/src/bsp/mcu/all/bsp_register_protection.o
 .debug_line    0x0000657b      0x191 ./ra/fsp/src/bsp/mcu/all/bsp_rom_registers.o
 .debug_line    0x0000670c      0x23a ./ra/fsp/src/bsp/cmsis/Device/RENESAS/Source/startup.o
 .debug_line    0x00006946      0x60c ./ra/fsp/src/bsp/cmsis/Device/RENESAS/Source/system.o

.debug_str      0x00000000     0xa7ff
 .debug_str     0x00000000      0x649 ./src/RTT/SEGGER_RTT.o
                                0x6d5 (size before relaxing)
 .debug_str     0x00000649      0x119 ./src/RTT/SEGGER_RTT_printf.o
                                0x2ec (size before relaxing)
 .debug_str     0x00000762     0x4c1c ./src/hal_entry.o
                               0x4ef3 (size before relaxing)
 .debug_str     0x0000537e      0x3ff ./src/nor.o
                                0xa11 (size before relaxing)
 .debug_str     0x0000577d       0x1f ./src/nor_ids.o
                                0x335 (size before relaxing)
 .debug_str     0x0000579c       0x47 ./ra_gen/common_data.o
                               0x3242 (size before relaxing)
 .debug_str     0x000057e3      0x5ab ./ra_gen/hal_data.o
                               0x2eed (size before relaxing)
 .debug_str     0x00005d8e       0x16 ./ra_gen/main.o
                                0x1a0 (size before relaxing)
 .debug_str     0x00005da4      0x648 ./ra_gen/pin_data.o
                               0x1d28 (size before relaxing)
 .debug_str     0x000063ec     0x101b ./ra_gen/vector_data.o
                               0x119b (size before relaxing)
 .debug_str     0x00007407     0x1f0e ./ra/fsp/src/r_spi/r_spi.o
                               0x4ef7 (size before relaxing)
 .debug_str     0x00009315      0x793 ./ra/fsp/src/r_ioport/r_ioport.o
                               0x3a3c (size before relaxing)
 .debug_str     0x00009aa8      0x1ec ./ra/fsp/src/r_dtc/r_dtc.o
                               0x3ca4 (size before relaxing)
 .debug_str     0x00009c94      0x455 ./ra/fsp/src/bsp/mcu/all/bsp_clocks.o
                               0x215c (size before relaxing)
 .debug_str     0x0000a0e9      0x10b ./ra/fsp/src/bsp/mcu/all/bsp_common.o
                               0x1b56 (size before relaxing)
 .debug_str     0x0000a1f4       0x99 ./ra/fsp/src/bsp/mcu/all/bsp_delay.o
                                0x2cf (size before relaxing)
 .debug_str     0x0000a28d      0x1de ./ra/fsp/src/bsp/mcu/all/bsp_group_irq.o
                               0x2061 (size before relaxing)
 .debug_str     0x0000a46b       0x23 ./ra/fsp/src/bsp/mcu/all/bsp_io.o
                                0x1cf (size before relaxing)
 .debug_str     0x0000a48e       0x30 ./ra/fsp/src/bsp/mcu/all/bsp_irq.o
                               0x15e7 (size before relaxing)
 .debug_str     0x0000a4be      0x12b ./ra/fsp/src/bsp/mcu/all/bsp_register_protection.o
                               0x19a5 (size before relaxing)
 .debug_str     0x0000a5e9       0x51 ./ra/fsp/src/bsp/mcu/all/bsp_rom_registers.o
                                0x1e5 (size before relaxing)
 .debug_str     0x0000a63a       0x89 ./ra/fsp/src/bsp/cmsis/Device/RENESAS/Source/startup.o
                                0x23e (size before relaxing)
 .debug_str     0x0000a6c3      0x13c ./ra/fsp/src/bsp/cmsis/Device/RENESAS/Source/system.o
                                0xd1e (size before relaxing)

.debug_frame    0x00000000     0x1a78
 .debug_frame   0x00000000      0x4ac ./src/RTT/SEGGER_RTT.o
 .debug_frame   0x000004ac       0xb4 ./src/RTT/SEGGER_RTT_printf.o
 .debug_frame   0x00000560      0x260 ./src/hal_entry.o
 .debug_frame   0x000007c0      0x4d8 ./src/nor.o
 .debug_frame   0x00000c98       0x78 ./src/nor_ids.o
 .debug_frame   0x00000d10       0x2c ./ra_gen/common_data.o
 .debug_frame   0x00000d3c       0x2c ./ra_gen/hal_data.o
 .debug_frame   0x00000d68       0x2c ./ra_gen/main.o
 .debug_frame   0x00000d94      0x438 ./ra/fsp/src/r_spi/r_spi.o
 .debug_frame   0x000011cc      0x280 ./ra/fsp/src/r_ioport/r_ioport.o
 .debug_frame   0x0000144c      0x1b0 ./ra/fsp/src/r_dtc/r_dtc.o
 .debug_frame   0x000015fc      0x1a4 ./ra/fsp/src/bsp/mcu/all/bsp_clocks.o
 .debug_frame   0x000017a0       0x70 ./ra/fsp/src/bsp/mcu/all/bsp_common.o
 .debug_frame   0x00001810       0x44 ./ra/fsp/src/bsp/mcu/all/bsp_delay.o
 .debug_frame   0x00001854       0x70 ./ra/fsp/src/bsp/mcu/all/bsp_group_irq.o
 .debug_frame   0x000018c4       0x30 ./ra/fsp/src/bsp/mcu/all/bsp_irq.o
 .debug_frame   0x000018f4       0x50 ./ra/fsp/src/bsp/mcu/all/bsp_register_protection.o
 .debug_frame   0x00001944       0x48 ./ra/fsp/src/bsp/cmsis/Device/RENESAS/Source/startup.o
 .debug_frame   0x0000198c       0x70 ./ra/fsp/src/bsp/cmsis/Device/RENESAS/Source/system.o
 .debug_frame   0x000019fc       0x34 /opt/work/e2_studio_v2/toolchains/gcc_arm/12_2_MPACBTI-Rel1/arm-gnu-toolchain-12.2.mpacbti-rel1-x86_64-arm-none-eabi/bin/../lib/gcc/arm-none-eabi/12.2.1/thumb/v8-m.base/nofp/libgcc.a(_muldi3.o)
 .debug_frame   0x00001a30       0x28 /opt/work/e2_studio_v2/toolchains/gcc_arm/12_2_MPACBTI-Rel1/arm-gnu-toolchain-12.2.mpacbti-rel1-x86_64-arm-none-eabi/bin/../lib/gcc/arm-none-eabi/12.2.1/../../../../arm-none-eabi/lib/thumb/v8-m.base/nofp/libg_nano.a(libc_a-memcpy-stub.o)
 .debug_frame   0x00001a58       0x20 /opt/work/e2_studio_v2/toolchains/gcc_arm/12_2_MPACBTI-Rel1/arm-gnu-toolchain-12.2.mpacbti-rel1-x86_64-arm-none-eabi/bin/../lib/gcc/arm-none-eabi/12.2.1/../../../../arm-none-eabi/lib/thumb/v8-m.base/nofp/libg_nano.a(libc_a-memset.o)
