Archive member included to satisfy reference by file (symbol)

/opt/work/e2_studio_v2/toolchains/gcc_arm/12_2_MPACBTI-Rel1/arm-gnu-toolchain-12.2.mpacbti-rel1-x86_64-arm-none-eabi/bin/../lib/gcc/arm-none-eabi/12.2.1/thumb/v8-m.base/nofp/libgcc.a(_clzsi2.o)
                              ./ra/fsp/src/r_adc/r_adc.o (__clzsi2)
/opt/work/e2_studio_v2/toolchains/gcc_arm/12_2_MPACBTI-Rel1/arm-gnu-toolchain-12.2.mpacbti-rel1-x86_64-arm-none-eabi/bin/../lib/gcc/arm-none-eabi/12.2.1/thumb/v8-m.base/nofp/libgcc.a(_aeabi_ldivmod.o)
                              ./ra/fsp/src/r_sci_uart/r_sci_uart.o (__aeabi_ldivmod)
/opt/work/e2_studio_v2/toolchains/gcc_arm/12_2_MPACBTI-Rel1/arm-gnu-toolchain-12.2.mpacbti-rel1-x86_64-arm-none-eabi/bin/../lib/gcc/arm-none-eabi/12.2.1/thumb/v8-m.base/nofp/libgcc.a(_muldi3.o)
                              ./ra/fsp/src/r_sci_uart/r_sci_uart.o (__aeabi_lmul)
/opt/work/e2_studio_v2/toolchains/gcc_arm/12_2_MPACBTI-Rel1/arm-gnu-toolchain-12.2.mpacbti-rel1-x86_64-arm-none-eabi/bin/../lib/gcc/arm-none-eabi/12.2.1/thumb/v8-m.base/nofp/libgcc.a(bpabi.o)
                              /opt/work/e2_studio_v2/toolchains/gcc_arm/12_2_MPACBTI-Rel1/arm-gnu-toolchain-12.2.mpacbti-rel1-x86_64-arm-none-eabi/bin/../lib/gcc/arm-none-eabi/12.2.1/thumb/v8-m.base/nofp/libgcc.a(_aeabi_ldivmod.o) (__gnu_ldivmod_helper)
/opt/work/e2_studio_v2/toolchains/gcc_arm/12_2_MPACBTI-Rel1/arm-gnu-toolchain-12.2.mpacbti-rel1-x86_64-arm-none-eabi/bin/../lib/gcc/arm-none-eabi/12.2.1/thumb/v8-m.base/nofp/libgcc.a(mulsf3.o)
                              ./src/task_battery_entry.o (__aeabi_fmul)
/opt/work/e2_studio_v2/toolchains/gcc_arm/12_2_MPACBTI-Rel1/arm-gnu-toolchain-12.2.mpacbti-rel1-x86_64-arm-none-eabi/bin/../lib/gcc/arm-none-eabi/12.2.1/thumb/v8-m.base/nofp/libgcc.a(subsf3.o)
                              ./src/task_battery_entry.o (__aeabi_fsub)
/opt/work/e2_studio_v2/toolchains/gcc_arm/12_2_MPACBTI-Rel1/arm-gnu-toolchain-12.2.mpacbti-rel1-x86_64-arm-none-eabi/bin/../lib/gcc/arm-none-eabi/12.2.1/thumb/v8-m.base/nofp/libgcc.a(fixsfsi.o)
                              ./src/task_battery_entry.o (__aeabi_f2iz)
/opt/work/e2_studio_v2/toolchains/gcc_arm/12_2_MPACBTI-Rel1/arm-gnu-toolchain-12.2.mpacbti-rel1-x86_64-arm-none-eabi/bin/../lib/gcc/arm-none-eabi/12.2.1/thumb/v8-m.base/nofp/libgcc.a(floatsisf.o)
                              ./src/task_battery_entry.o (__aeabi_i2f)
/opt/work/e2_studio_v2/toolchains/gcc_arm/12_2_MPACBTI-Rel1/arm-gnu-toolchain-12.2.mpacbti-rel1-x86_64-arm-none-eabi/bin/../lib/gcc/arm-none-eabi/12.2.1/thumb/v8-m.base/nofp/libgcc.a(_dvmd_tls.o)
                              /opt/work/e2_studio_v2/toolchains/gcc_arm/12_2_MPACBTI-Rel1/arm-gnu-toolchain-12.2.mpacbti-rel1-x86_64-arm-none-eabi/bin/../lib/gcc/arm-none-eabi/12.2.1/thumb/v8-m.base/nofp/libgcc.a(_aeabi_ldivmod.o) (__aeabi_ldiv0)
/opt/work/e2_studio_v2/toolchains/gcc_arm/12_2_MPACBTI-Rel1/arm-gnu-toolchain-12.2.mpacbti-rel1-x86_64-arm-none-eabi/bin/../lib/gcc/arm-none-eabi/12.2.1/thumb/v8-m.base/nofp/libgcc.a(_divdi3.o)
                              /opt/work/e2_studio_v2/toolchains/gcc_arm/12_2_MPACBTI-Rel1/arm-gnu-toolchain-12.2.mpacbti-rel1-x86_64-arm-none-eabi/bin/../lib/gcc/arm-none-eabi/12.2.1/thumb/v8-m.base/nofp/libgcc.a(bpabi.o) (__divdi3)
/opt/work/e2_studio_v2/toolchains/gcc_arm/12_2_MPACBTI-Rel1/arm-gnu-toolchain-12.2.mpacbti-rel1-x86_64-arm-none-eabi/bin/../lib/gcc/arm-none-eabi/12.2.1/../../../../arm-none-eabi/lib/thumb/v8-m.base/nofp/libg_nano.a(libc_a-exit.o)
                              /opt/work/e2_studio_v2/toolchains/gcc_arm/12_2_MPACBTI-Rel1/arm-gnu-toolchain-12.2.mpacbti-rel1-x86_64-arm-none-eabi/bin/../lib/gcc/arm-none-eabi/12.2.1/../../../../arm-none-eabi/lib/thumb/v8-m.base/nofp/rdimon-crt0.o (exit)
/opt/work/e2_studio_v2/toolchains/gcc_arm/12_2_MPACBTI-Rel1/arm-gnu-toolchain-12.2.mpacbti-rel1-x86_64-arm-none-eabi/bin/../lib/gcc/arm-none-eabi/12.2.1/../../../../arm-none-eabi/lib/thumb/v8-m.base/nofp/libg_nano.a(libc_a-init.o)
                              /opt/work/e2_studio_v2/toolchains/gcc_arm/12_2_MPACBTI-Rel1/arm-gnu-toolchain-12.2.mpacbti-rel1-x86_64-arm-none-eabi/bin/../lib/gcc/arm-none-eabi/12.2.1/../../../../arm-none-eabi/lib/thumb/v8-m.base/nofp/rdimon-crt0.o (__libc_init_array)
/opt/work/e2_studio_v2/toolchains/gcc_arm/12_2_MPACBTI-Rel1/arm-gnu-toolchain-12.2.mpacbti-rel1-x86_64-arm-none-eabi/bin/../lib/gcc/arm-none-eabi/12.2.1/../../../../arm-none-eabi/lib/thumb/v8-m.base/nofp/libg_nano.a(libc_a-memcpy-stub.o)
                              ./src/RTT/SEGGER_RTT.o (memcpy)
/opt/work/e2_studio_v2/toolchains/gcc_arm/12_2_MPACBTI-Rel1/arm-gnu-toolchain-12.2.mpacbti-rel1-x86_64-arm-none-eabi/bin/../lib/gcc/arm-none-eabi/12.2.1/../../../../arm-none-eabi/lib/thumb/v8-m.base/nofp/libg_nano.a(libc_a-findfp.o)
[...]
Memory Configuration

Name             Origin             Length             Attributes
ITCM             0x00000000         0x00000000         xr
DTCM             0x00000000         0x00000000         xrw
FLASH            0x00000000         0x00020000         xr
RAM              0x20000000         0x00008000         xrw
DATA_FLASH       0x40100000         0x00002000         xr
QSPI_FLASH       0x60000000         0x00000000         xr
OSPI_DEVICE_0    0x80020000         0x00000000         xr
OSPI_DEVICE_1    0x80030000         0x00000000         xr
OSPI_DEVICE_0_RAM 0x80020000         0x00000000         xrw
OSPI_DEVICE_1_RAM 0x80030000         0x00000000         xrw
SDRAM            0x80010000         0x00000000         xrw
OPTION_SETTING   0x00000000         0x00000000         r
OPTION_SETTING_OFS 0x00000000         0x00000018         r
OPTION_SETTING_SAS 0x00000034         0xffffffcc         r
OPTION_SETTING_S 0x80000000         0x00000000         r
ID_CODE          0x01010018         0x00000020         xr
*default*        0x00000000         0xffffffff

Linker script and memory map

LOAD /opt/work/e2_studio_v2/toolchains/gcc_arm/12_2_MPACBTI-Rel1/arm-gnu-toolchain-12.2.mpacbti-rel1-x86_64-arm-none-eabi/bin/../lib/gcc/arm-none-eabi/12.2.1/thumb/v8-m.base/nofp/crti.o
LOAD /opt/work/e2_studio_v2/toolchains/gcc_arm/12_2_MPACBTI-Rel1/arm-gnu-toolchain-12.2.mpacbti-rel1-x86_64-arm-none-eabi/bin/../lib/gcc/arm-none-eabi/12.2.1/thumb/v8-m.base/nofp/crtbegin.o
LOAD /opt/work/e2_studio_v2/toolchains/gcc_arm/12_2_MPACBTI-Rel1/arm-gnu-toolchain-12.2.mpacbti-rel1-x86_64-arm-none-eabi/bin/../lib/gcc/arm-none-eabi/12.2.1/../../../../arm-none-eabi/lib/thumb/v8-m.base/nofp/rdimon-crt0.o
START GROUP
LOAD ./src/RTT/SEGGER_RTT.o
LOAD ./src/RTT/SEGGER_RTT_ASM_ARMv7M.o
LOAD ./src/RTT/SEGGER_RTT_printf.o
LOAD ./src/basic_io.o
LOAD ./src/hal_entry.o
LOAD ./src/task_battery_entry.o
LOAD ./src/task_uart_entry.o
LOAD ./ra_gen/common_data.o
LOAD ./ra_gen/hal_data.o
LOAD ./ra_gen/main.o
LOAD ./ra_gen/pin_data.o
LOAD ./ra_gen/task_battery.o
LOAD ./ra_gen/task_uart.o
LOAD ./ra_gen/vector_data.o
LOAD ./ra/fsp/src/rm_freertos_port/port.o
LOAD ./ra/fsp/src/r_sci_uart/r_sci_uart.o
LOAD ./ra/fsp/src/r_ioport/r_ioport.o
LOAD ./ra/fsp/src/r_adc/r_adc.o
LOAD ./ra/fsp/src/bsp/mcu/ra2l1/bsp_power.o
LOAD ./ra/fsp/src/bsp/mcu/all/bsp_clocks.o
LOAD ./ra/fsp/src/bsp/mcu/all/bsp_common.o
LOAD ./ra/fsp/src/bsp/mcu/all/bsp_delay.o
LOAD ./ra/fsp/src/bsp/mcu/all/bsp_group_irq.o
LOAD ./ra/fsp/src/bsp/mcu/all/bsp_guard.o
LOAD ./ra/fsp/src/bsp/mcu/all/bsp_io.o
LOAD ./ra/fsp/src/bsp/mcu/all/bsp_irq.o
LOAD ./ra/fsp/src/bsp/mcu/all/bsp_register_protection.o
LOAD ./ra/fsp/src/bsp/mcu/all/bsp_rom_registers.o
LOAD ./ra/fsp/src/bsp/mcu/all/bsp_sbrk.o
LOAD ./ra/fsp/src/bsp/mcu/all/bsp_security.o
LOAD ./ra/fsp/src/bsp/cmsis/Device/RENESAS/Source/startup.o
LOAD ./ra/fsp/src/bsp/cmsis/Device/RENESAS/Source/system.o
LOAD ./ra/aws/FreeRTOS/FreeRTOS/Source/event_groups.o
LOAD ./ra/aws/FreeRTOS/FreeRTOS/Source/list.o
LOAD ./ra/aws/FreeRTOS/FreeRTOS/Source/queue.o
LOAD ./ra/aws/FreeRTOS/FreeRTOS/Source/stream_buffer.o
LOAD ./ra/aws/FreeRTOS/FreeRTOS/Source/tasks.o
LOAD ./ra/aws/FreeRTOS/FreeRTOS/Source/timers.o
END GROUP
START GROUP
LOAD /opt/work/e2_studio_v2/toolchains/gcc_arm/12_2_MPACBTI-Rel1/arm-gnu-toolchain-12.2.mpacbti-rel1-x86_64-arm-none-eabi/bin/../lib/gcc/arm-none-eabi/12.2.1/thumb/v8-m.base/nofp/libgcc.a
LOAD /opt/work/e2_studio_v2/toolchains/gcc_arm/12_2_MPACBTI-Rel1/arm-gnu-toolchain-12.2.mpacbti-rel1-x86_64-arm-none-eabi/bin/../lib/gcc/arm-none-eabi/12.2.1/../../../../arm-none-eabi/lib/thumb/v8-m.base/nofp/libg_nano.a
LOAD /opt/work/e2_studio_v2/toolchains/gcc_arm/12_2_MPACBTI-Rel1/arm-gnu-toolchain-12.2.mpacbti-rel1-x86_64-arm-none-eabi/bin/../lib/gcc/arm-none-eabi/12.2.1/../../../../arm-none-eabi/lib/thumb/v8-m.base/nofp/libc_nano.a
END GROUP
START GROUP
LOAD /opt/work/e2_studio_v2/toolchains/gcc_arm/12_2_MPACBTI-Rel1/arm-gnu-toolchain-12.2.mpacbti-rel1-x86_64-arm-none-eabi/bin/../lib/gcc/arm-none-eabi/12.2.1/thumb/v8-m.base/nofp/libgcc.a
LOAD /opt/work/e2_studio_v2/toolchains/gcc_arm/12_2_MPACBTI-Rel1/arm-gnu-toolchain-12.2.mpacbti-rel1-x86_64-arm-none-eabi/bin/../lib/gcc/arm-none-eabi/12.2.1/../../../../arm-none-eabi/lib/thumb/v8-m.base/nofp/libc_nano.a
LOAD /opt/work/e2_studio_v2/toolchains/gcc_arm/12_2_MPACBTI-Rel1/arm-gnu-toolchain-12.2.mpacbti-rel1-x86_64-arm-none-eabi/bin/../lib/gcc/arm-none-eabi/12.2.1/../../../../arm-none-eabi/lib/thumb/v8-m.base/nofp/librdimon_nano.a
END GROUP
START GROUP
LOAD /opt/work/e2_studio_v2/toolchains/gcc_arm/12_2_MPACBTI-Rel1/arm-gnu-toolchain-12.2.mpacbti-rel1-x86_64-arm-none-eabi/bin/../lib/gcc/arm-none-eabi/12.2.1/thumb/v8-m.base/nofp/libgcc.a
LOAD /opt/work/e2_studio_v2/toolchains/gcc_arm/12_2_MPACBTI-Rel1/arm-gnu-toolchain-12.2.mpacbti-rel1-x86_64-arm-none-eabi/bin/../lib/gcc/arm-none-eabi/12.2.1/../../../../arm-none-eabi/lib/thumb/v8-m.base/nofp/libc_nano.a
LOAD /opt/work/e2_studio_v2/toolchains/gcc_arm/12_2_MPACBTI-Rel1/arm-gnu-toolchain-12.2.mpacbti-rel1-x86_64-arm-none-eabi/bin/../lib/gcc/arm-none-eabi/12.2.1/../../../../arm-none-eabi/lib/thumb/v8-m.base/nofp/librdimon_nano.a
END GROUP
LOAD /opt/work/e2_studio_v2/toolchains/gcc_arm/12_2_MPACBTI-Rel1/arm-gnu-toolchain-12.2.mpacbti-rel1-x86_64-arm-none-eabi/bin/../lib/gcc/arm-none-eabi/12.2.1/thumb/v8-m.base/nofp/crtend.o
LOAD /opt/work/e2_studio_v2/toolchains/gcc_arm/12_2_MPACBTI-Rel1/arm-gnu-toolchain-12.2.mpacbti-rel1-x86_64-arm-none-eabi/bin/../lib/gcc/arm-none-eabi/12.2.1/thumb/v8-m.base/nofp/crtn.o
                0x20000000                        RAM_START = 0x20000000
                0x00008000                        RAM_LENGTH = 0x8000
                0x00000000                        FLASH_START = 0x0
                0x00020000                        FLASH_LENGTH = 0x20000
                0x40100000                        DATA_FLASH_START = 0x40100000
                0x00002000                        DATA_FLASH_LENGTH = 0x2000
                0x00000000                        OPTION_SETTING_START = 0x0
                0x00000000                        OPTION_SETTING_LENGTH = 0x0
                0x80000000                        OPTION_SETTING_S_START = 0x80000000
                0x00000000                        OPTION_SETTING_S_LENGTH = 0x0
                0x01010018                        ID_CODE_START = 0x1010018
                0x00000020                        ID_CODE_LENGTH = 0x20
                0x80010000                        SDRAM_START = 0x80010000
                0x00000000                        SDRAM_LENGTH = 0x0
                0x60000000                        QSPI_FLASH_START = 0x60000000
                0x00000000                        QSPI_FLASH_LENGTH = 0x0
                0x80020000                        OSPI_DEVICE_0_START = 0x80020000
                0x00000000                        OSPI_DEVICE_0_LENGTH = 0x0
                0x80030000                        OSPI_DEVICE_1_START = 0x80030000
                0x00000000                        OSPI_DEVICE_1_LENGTH = 0x0
                0x00000000                        QSPI_FLASH_PRV_LENGTH = DEFINED (QSPI_FLASH_SIZE)?ABSOLUTE (QSPI_FLASH_SIZE):ABSOLUTE (QSPI_FLASH_LENGTH)
                0x00000000                        OSPI_DEVICE_0_PRV_LENGTH = DEFINED (OSPI_DEVICE_0_SIZE)?ABSOLUTE (OSPI_DEVICE_0_SIZE):ABSOLUTE (OSPI_DEVICE_0_LENGTH)
                0x00000000                        OSPI_DEVICE_1_PRV_LENGTH = DEFINED (OSPI_DEVICE_1_SIZE)?ABSOLUTE (OSPI_DEVICE_1_SIZE):ABSOLUTE (OSPI_DEVICE_1_LENGTH)
                0x00000000                        __RESERVE_NS_RAM = ((! (DEFINED (PROJECT_NONSECURE)) && DEFINED (RAM_NS_BUFFER_LENGTH)) && (OPTION_SETTING_S_LENGTH != 0x0))
                0x00000000                        ITCM_START = DEFINED (ITCM_START)?ITCM_START:0x0
                0x00000000                        ITCM_LENGTH = DEFINED (ITCM_LENGTH)?ITCM_LENGTH:0x0
                0x00000000                        DTCM_START = DEFINED (DTCM_START)?DTCM_START:0x0
                0x00000000                        DTCM_LENGTH = DEFINED (DTCM_LENGTH)?DTCM_LENGTH:0x0
                0x00000000                        NS_OFFSET_START = DEFINED (NS_OFFSET_START)?NS_OFFSET_START:0x0
                0x00000000                        NS_IMAGE_OFFSET = DEFINED (PROJECT_NONSECURE)?NS_OFFSET_START:0x0
                0x00000000                        RAM_NS_BUFFER_BLOCK_LENGTH = DEFINED (RAM_NS_BUFFER_LENGTH)?ALIGN (RAM_NS_BUFFER_LENGTH, 0x2000):0x0
                0x00000000                        RAM_NS_BUFFER_LENGTH = DEFINED (RAM_NS_BUFFER_LENGTH)?RAM_NS_BUFFER_LENGTH:0x0
                0x20008000                        RAM_NS_BUFFER_START = ((RAM_START + RAM_LENGTH) - RAM_NS_BUFFER_LENGTH)
                0x20008000                        RAM_NS_BUFFER_BLOCK_START = ((RAM_START + RAM_LENGTH) - RAM_NS_BUFFER_BLOCK_LENGTH)
                0x00000080                        OPTION_SETTING_START_NS = DEFINED (PROJECT_NONSECURE)?OPTION_SETTING_START:(OPTION_SETTING_START + 0x80)
                0x00000001                        __bl_FSP_BOOTABLE_IMAGE = 0x1
                0x00000001                        __bln_FSP_BOOTABLE_IMAGE = 0x1
                0x00000000                        PROJECT_SECURE_OR_FLAT = (((! (DEFINED (PROJECT_NONSECURE)) || DEFINED (PROJECT_SECURE)) && OPTION_SETTING_LENGTH) && ! (DEFINED (FSP_BOOTABLE_IMAGE)))
                0x00000000                        USE_OPTION_SETTING_NS = (DEFINED (PROJECT_NONSECURE) && ! (DEFINED (FSP_BOOTABLE_IMAGE)))
                0x00000000                        __bl_FLASH_IMAGE_START = ! (DEFINED (FLASH_BOOTLOADER_LENGTH))?0x0:(FLASH_APPLICATION_IMAGE_NUMBER == 0x1)?(FLASH_BOOTLOADER_LENGTH + FLASH_BOOTLOADER_HEADER_LENGTH):(((FLASH_BOOTLOADER_LENGTH + FLASH_BOOTLOADER_SCRATCH_LENGTH) + FLASH_APPLICATION_S_LENGTH) + FLASH_BOOTLOADER_HEADER_LENGTH)
                0x00000000                        __bl_FLASH_IMAGE_LENGTH = ! (DEFINED (FLASH_BOOTLOADER_LENGTH))?0x0:(FLASH_APPLICATION_S_LENGTH - FLASH_BOOTLOADER_HEADER_LENGTH)
                0x00000000                        __bl_FLASH_IMAGE_END = (__bl_FLASH_IMAGE_START + __bl_FLASH_IMAGE_LENGTH)
                0x00000000                        __bl_XIP_SECONDARY_FLASH_IMAGE_START = ! (DEFINED (FLASH_BOOTLOADER_LENGTH))?0x0:((FLASH_BOOTLOADER_LENGTH + FLASH_APPLICATION_S_LENGTH) + FLASH_BOOTLOADER_HEADER_LENGTH)
                0x00000000                        __bl_XIP_SECONDARY_FLASH_IMAGE_END = (__bl_XIP_SECONDARY_FLASH_IMAGE_START + __bl_FLASH_IMAGE_LENGTH)
                0x00000000                        __bl_FLASH_NS_START = ! (DEFINED (FLASH_BOOTLOADER_LENGTH))?0x0:(FLASH_APPLICATION_NS_LENGTH == 0x0)?__bl_FLASH_IMAGE_END:((__bl_FLASH_IMAGE_START - FLASH_BOOTLOADER_HEADER_LENGTH) + FLASH_APPLICATION_S_LENGTH)
                0x00000000                        __bl_FLASH_NSC_START = ! (DEFINED (FLASH_BOOTLOADER_LENGTH))?0x0:(FLASH_APPLICATION_NS_LENGTH == 0x0)?__bl_FLASH_IMAGE_END:(__bl_FLASH_NS_START - FLASH_APPLICATION_NSC_LENGTH)
                0x00000000                        __bl_RAM_NS_START = ! (DEFINED (FLASH_BOOTLOADER_LENGTH))?0x0:(FLASH_APPLICATION_NS_LENGTH == 0x0)?(RAM_START + RAM_LENGTH):((RAM_START + RAM_LENGTH) - RAM_APPLICATION_NS_LENGTH)
                0x00000000                        __bl_RAM_NSC_START = ! (DEFINED (FLASH_BOOTLOADER_LENGTH))?0x0:(FLASH_APPLICATION_NS_LENGTH == 0x0)?(RAM_START + RAM_LENGTH):(__bl_RAM_NS_START - RAM_APPLICATION_NSC_LENGTH)
                0x00000000                        __bl_FLASH_NS_IMAGE_START = ! (DEFINED (FLASH_BOOTLOADER_LENGTH))?0x0:(FLASH_APPLICATION_NS_LENGTH == 0x0)?__bl_FLASH_IMAGE_END:(__bl_FLASH_NS_START + FLASH_BOOTLOADER_HEADER_LENGTH_2)
                0x00000000                        __bln_FLASH_IMAGE_START = __bl_FLASH_NS_IMAGE_START
                0x00000000                        __bln_FLASH_IMAGE_LENGTH = ! (DEFINED (FLASH_BOOTLOADER_LENGTH))?0x0:(FLASH_APPLICATION_NS_LENGTH == 0x0)?__bl_FLASH_IMAGE_END:(FLASH_APPLICATION_NS_LENGTH - FLASH_BOOTLOADER_HEADER_LENGTH_2)
                0x00000000                        XIP_SECONDARY_SLOT_IMAGE = DEFINED (XIP_SECONDARY_SLOT_IMAGE)?XIP_SECONDARY_SLOT_IMAGE:0x0
                0x00000000                        FLASH_ORIGIN = ! (DEFINED (FLASH_IMAGE_START))?FLASH_START:(XIP_SECONDARY_SLOT_IMAGE == 0x1)?XIP_SECONDARY_FLASH_IMAGE_START:FLASH_IMAGE_START
                0x00020000                        LIMITED_FLASH_LENGTH = DEFINED (FLASH_IMAGE_LENGTH)?FLASH_IMAGE_LENGTH:DEFINED (FLASH_BOOTLOADER_LENGTH)?FLASH_BOOTLOADER_LENGTH:FLASH_LENGTH
START GROUP
LOAD /opt/work/e2_studio_v2/toolchains/gcc_arm/12_2_MPACBTI-Rel1/arm-gnu-toolchain-12.2.mpacbti-rel1-x86_64-arm-none-eabi/bin/../lib/gcc/arm-none-eabi/12.2.1/thumb/v8-m.base/nofp/libgcc.a
LOAD /opt/work/e2_studio_v2/toolchains/gcc_arm/12_2_MPACBTI-Rel1/arm-gnu-toolchain-12.2.mpacbti-rel1-x86_64-arm-none-eabi/bin/../lib/gcc/arm-none-eabi/12.2.1/../../../../arm-none-eabi/lib/thumb/v8-m.base/nofp/libc.a
LOAD /opt/work/e2_studio_v2/toolchains/gcc_arm/12_2_MPACBTI-Rel1/arm-gnu-toolchain-12.2.mpacbti-rel1-x86_64-arm-none-eabi/bin/../lib/gcc/arm-none-eabi/12.2.1/../../../../arm-none-eabi/lib/thumb/v8-m.base/nofp/libm.a
LOAD /opt/work/e2_studio_v2/toolchains/gcc_arm/12_2_MPACBTI-Rel1/arm-gnu-toolchain-12.2.mpacbti-rel1-x86_64-arm-none-eabi/bin/../lib/gcc/arm-none-eabi/12.2.1/../../../../arm-none-eabi/lib/thumb/v8-m.base/nofp/libnosys.a
END GROUP

.itcm_data      0x00000000        0x0
                0x00000000                        __tz_ITCM_S = ABSOLUTE (ITCM_START)
                0x00000000                        __itcm_data_start__ = .
 *(.itcm_data*)
                0x00000000                        __itcm_data_end__ = .
                0x00000000                        __tz_ITCM_N = DEFINED (ITCM_NS_START)?ABSOLUTE (ITCM_NS_START):ALIGN (__itcm_data_end__, 0x2000)

.text           0x00000000     0x5408
                0x00000000                        __tz_FLASH_S = ABSOLUTE (FLASH_START)
                0x00000000                        __ROM_Start = .
 *(.fixed_vectors*)
 .fixed_vectors
                0x00000000       0x40 ./ra/fsp/src/bsp/cmsis/Device/RENESAS/Source/startup.o
                0x00000000                __Vectors
 *(.application_vectors*)
 .application_vectors
                0x00000040       0x80 ./ra_gen/vector_data.o
                0x00000040                g_vector_table
                0x000000c0                        __Vectors_End = .
                0x00000400                        . = (OPTION_SETTING_LENGTH > 0x0)?.:(__ROM_Start + 0x400)
 *fill*         0x000000c0      0x340 ff
 *(.rom_registers*)
 .rom_registers
                0x00000400       0x3c ./ra/fsp/src/bsp/mcu/all/bsp_rom_registers.o
                0x00000500                        . = (OPTION_SETTING_LENGTH > 0x0)?.:(__ROM_Start + 0x500)
 *fill*         0x0000043c       0xc4 ff
                0x00000500                        . = ALIGN (0x80)
 *(.mcuboot_sce9_key*)
 *(.text*)
 .text.deregister_tm_clones
                0x00000500       0x24 /opt/work/e2_studio_v2/toolchains/gcc_arm/12_2_MPACBTI-Rel1/arm-gnu-toolchain-12.2.mpacbti-rel1-x86_64-arm-none-eabi/bin/../lib/gcc/arm-none-eabi/12.2.1/thumb/v8-m.base/nofp/crtbegin.o
 .text.register_tm_clones
                0x00000524       0x2c /opt/work/e2_studio_v2/toolchains/gcc_arm/12_2_MPACBTI-Rel1/arm-gnu-toolchain-12.2.mpacbti-rel1-x86_64-arm-none-eabi/bin/../lib/gcc/arm-none-eabi/12.2.1/thumb/v8-m.base/nofp/crtbegin.o
 .text.__do_global_dtors_aux
                0x00000550       0x30 /opt/work/e2_studio_v2/toolchains/gcc_arm/12_2_MPACBTI-Rel1/arm-gnu-toolchain-12.2.mpacbti-rel1-x86_64-arm-none-eabi/bin/../lib/gcc/arm-none-eabi/12.2.1/thumb/v8-m.base/nofp/crtbegin.o
 .text.frame_dummy
                0x00000580       0x28 /opt/work/e2_studio_v2/toolchains/gcc_arm/12_2_MPACBTI-Rel1/arm-gnu-toolchain-12.2.mpacbti-rel1-x86_64-arm-none-eabi/bin/../lib/gcc/arm-none-eabi/12.2.1/thumb/v8-m.base/nofp/crtbegin.o
 .text._WriteNoCheck
                0x000005a8       0x4c ./src/RTT/SEGGER_RTT.o
 .text._WriteBlocking
                0x000005f4       0x6c ./src/RTT/SEGGER_RTT.o
 .text._DoInit  0x00000660       0x70 ./src/RTT/SEGGER_RTT.o
 .text.SEGGER_RTT_WriteNoLock
                0x000006d0       0x88 ./src/RTT/SEGGER_RTT.o
                0x000006d0                SEGGER_RTT_WriteNoLock
 .text.SEGGER_RTT_Write
                0x00000758       0x34 ./src/RTT/SEGGER_RTT.o
                0x00000758                SEGGER_RTT_Write
 .text._StoreChar
                0x0000078c       0x40 ./src/RTT/SEGGER_RTT_printf.o
 .text._PrintUnsigned
                0x000007cc      0x108 ./src/RTT/SEGGER_RTT_printf.o
 .text.SEGGER_RTT_vprintf
                0x000008d4      0x334 ./src/RTT/SEGGER_RTT_printf.o
                0x000008d4                SEGGER_RTT_vprintf
 .text.SEGGER_RTT_printf
                0x00000c08       0x1c ./src/RTT/SEGGER_RTT_printf.o
                0x00000c08                SEGGER_RTT_printf
 .text.print_string
                0x00000c24       0x14 ./src/basic_io.o
                0x00000c24                print_string
 .text.R_BSP_WarmStart
                0x00000c38       0x30 ./src/hal_entry.o
                0x00000c38                R_BSP_WarmStart
 .text.adc_callback
                0x00000c68       0x10 ./src/task_battery_entry.o
                0x00000c68                adc_callback
 .text.floatToCharArray
                0x00000c78       0xf8 ./src/task_battery_entry.o
                0x00000c78                floatToCharArray
 .text.task_battery_entry
                0x00000d70      0x160 ./src/task_battery_entry.o
                0x00000d70                task_battery_entry
 .text.task_uart_entry
                0x00000ed0      0x140 ./src/task_uart_entry.o
                0x00000ed0                task_uart_entry
 .text.example_callback
                0x00001010       0x6c ./src/task_uart_entry.o
                0x00001010                example_callback
 .text.g_common_init
                0x0000107c        0x4 ./ra_gen/common_data.o
                0x0000107c                g_common_init
 .text.g_hal_init
                0x00001080        0x8 ./ra_gen/hal_data.o
                0x00001080                g_hal_init
 .text.rtos_startup_err_callback_internal
                0x00001088        0x4 ./ra_gen/main.o
                0x00001088                rtos_startup_err_callback_internal
                0x00001088                rtos_startup_err_callback
 .text.rtos_startup_common_init
                0x0000108c       0x6c ./ra_gen/main.o
                0x0000108c                rtos_startup_common_init
 .text.startup.main
                0x000010f8       0x50 ./ra_gen/main.o
                0x000010f8                main
 .text.vApplicationGetIdleTaskMemory
                0x00001148       0x1c ./ra_gen/main.o
                0x00001148                vApplicationGetIdleTaskMemory
 .text.vApplicationGetTimerTaskMemory
                0x00001164       0x1c ./ra_gen/main.o
                0x00001164                vApplicationGetTimerTaskMemory
 .text.task_battery_func
                0x00001180       0x10 ./ra_gen/task_battery.o
 .text.task_battery_create
                0x00001190       0x64 ./ra_gen/task_battery.o
                0x00001190                task_battery_create
 .text.task_uart_func
                0x000011f4       0x10 ./ra_gen/task_uart.o
 .text.task_uart_create
                0x00001204       0x64 ./ra_gen/task_uart.o
                0x00001204                task_uart_create
 .text.prvTaskExitError
                0x00001268        0x4 ./ra/fsp/src/rm_freertos_port/port.o
 .text.SVC_Handler
                0x0000126c       0x1c ./ra/fsp/src/rm_freertos_port/port.o
                0x0000126c                SVC_Handler
 .text.PendSV_Handler
                0x00001288       0x28 ./ra/fsp/src/rm_freertos_port/port.o
                0x00001288                PendSV_Handler
 .text.rm_freertos_port_restore_task_stackless
                0x000012b0       0x28 ./ra/fsp/src/rm_freertos_port/port.o
                0x000012b0                rm_freertos_port_restore_task_stackless
 .text.SysTick_Handler
                0x000012d8       0x28 ./ra/fsp/src/rm_freertos_port/port.o
                0x000012d8                SysTick_Handler
 .text.vPortSVCHandler_C
                0x00001300       0x38 ./ra/fsp/src/rm_freertos_port/port.o
                0x00001300                vPortSVCHandler_C
 .text.pxPortInitialiseStack
                0x00001338       0x28 ./ra/fsp/src/rm_freertos_port/port.o
                0x00001338                pxPortInitialiseStack
 .text.vPortEnterCritical
                0x00001360       0x58 ./ra/fsp/src/rm_freertos_port/port.o
                0x00001360                vPortEnterCritical
 .text.vPortExitCritical
                0x000013b8       0x44 ./ra/fsp/src/rm_freertos_port/port.o
                0x000013b8                vPortExitCritical
 .text.rm_freertos_port_sleep_preserving_lpm
                0x000013fc       0x68 ./ra/fsp/src/rm_freertos_port/port.o
                0x000013fc                rm_freertos_port_sleep_preserving_lpm
 .text.vApplicationIdleHook
                0x00001464       0x18 ./ra/fsp/src/rm_freertos_port/port.o
                0x00001464                vApplicationIdleHook
 .text.vPortSetupTimerInterrupt
                0x0000147c       0x48 ./ra/fsp/src/rm_freertos_port/port.o
                0x0000147c                vPortSetupTimerInterrupt
 .text.xPortStartScheduler
                0x000014c4       0x2c ./ra/fsp/src/rm_freertos_port/port.o
                0x000014c4                xPortStartScheduler
 .text.R_SCI_UART_Read
                0x000014f0        0x8 ./ra/fsp/src/r_sci_uart/r_sci_uart.o
                0x000014f0                R_SCI_UART_Read
 .text.R_SCI_UART_Write
                0x000014f8       0x40 ./ra/fsp/src/r_sci_uart/r_sci_uart.o
                0x000014f8                R_SCI_UART_Write
 .text.r_sci_irq_cfg
                0x00001538       0x94 ./ra/fsp/src/r_sci_uart/r_sci_uart.o
 .text.r_sci_uart_call_callback
                0x000015cc       0x50 ./ra/fsp/src/r_sci_uart/r_sci_uart.o
 .text.R_SCI_UART_Open
                0x0000161c      0x2a8 ./ra/fsp/src/r_sci_uart/r_sci_uart.o
                0x0000161c                R_SCI_UART_Open
 .text.sci_uart_txi_isr
                0x000018c4       0x94 ./ra/fsp/src/r_sci_uart/r_sci_uart.o
                0x000018c4                sci_uart_txi_isr
 .text.sci_uart_rxi_isr
                0x00001958       0xa0 ./ra/fsp/src/r_sci_uart/r_sci_uart.o
                0x00001958                sci_uart_rxi_isr
 .text.sci_uart_tei_isr
                0x000019f8       0x48 ./ra/fsp/src/r_sci_uart/r_sci_uart.o
                0x000019f8                sci_uart_tei_isr
 .text.sci_uart_eri_isr
                0x00001a40       0x74 ./ra/fsp/src/r_sci_uart/r_sci_uart.o
                0x00001a40                sci_uart_eri_isr
 .text.R_IOPORT_Close
                0x00001ab4        0x8 ./ra/fsp/src/r_ioport/r_ioport.o
                0x00001ab4                R_IOPORT_Close
 .text.R_IOPORT_PinRead
                0x00001abc       0x24 ./ra/fsp/src/r_ioport/r_ioport.o
                0x00001abc                R_IOPORT_PinRead
 .text.R_IOPORT_PortRead
                0x00001ae0       0x18 ./ra/fsp/src/r_ioport/r_ioport.o
                0x00001ae0                R_IOPORT_PortRead
 .text.R_IOPORT_PortWrite
                0x00001af8       0x20 ./ra/fsp/src/r_ioport/r_ioport.o
                0x00001af8                R_IOPORT_PortWrite
 .text.R_IOPORT_PinWrite
                0x00001b18       0x28 ./ra/fsp/src/r_ioport/r_ioport.o
                0x00001b18                R_IOPORT_PinWrite
 .text.R_IOPORT_PortDirectionSet
                0x00001b40       0x24 ./ra/fsp/src/r_ioport/r_ioport.o
                0x00001b40                R_IOPORT_PortDirectionSet
 .text.R_IOPORT_PortEventInputRead
                0x00001b64       0x18 ./ra/fsp/src/r_ioport/r_ioport.o
                0x00001b64                R_IOPORT_PortEventInputRead
 .text.R_IOPORT_PinEventInputRead
                0x00001b7c       0x2c ./ra/fsp/src/r_ioport/r_ioport.o
                0x00001b7c                R_IOPORT_PinEventInputRead
 .text.R_IOPORT_PortEventOutputWrite
                0x00001ba8       0x20 ./ra/fsp/src/r_ioport/r_ioport.o
                0x00001ba8                R_IOPORT_PortEventOutputWrite
 .text.R_IOPORT_PinEventOutputWrite
                0x00001bc8       0x38 ./ra/fsp/src/r_ioport/r_ioport.o
                0x00001bc8                R_IOPORT_PinEventOutputWrite
 .text.r_ioport_pins_config
                0x00001c00       0xdc ./ra/fsp/src/r_ioport/r_ioport.o
 .text.R_IOPORT_Open
                0x00001cdc       0x18 ./ra/fsp/src/r_ioport/r_ioport.o
                0x00001cdc                R_IOPORT_Open
 .text.R_IOPORT_PinsCfg
                0x00001cf4        0xc ./ra/fsp/src/r_ioport/r_ioport.o
                0x00001cf4                R_IOPORT_PinsCfg
 .text.R_IOPORT_PinCfg
                0x00001d00       0x94 ./ra/fsp/src/r_ioport/r_ioport.o
                0x00001d00                R_IOPORT_PinCfg
 .text.R_ADC_ScanStart
                0x00001d94        0xc ./ra/fsp/src/r_adc/r_adc.o
                0x00001d94                R_ADC_ScanStart
 .text.R_ADC_Read
                0x00001da0       0x10 ./ra/fsp/src/r_adc/r_adc.o
                0x00001da0                R_ADC_Read
 .text.r_adc_call_callback
                0x00001db0       0x3c ./ra/fsp/src/r_adc/r_adc.o
 .text.r_adc_scan_end_common_isr
                0x00001dec       0x60 ./ra/fsp/src/r_adc/r_adc.o
 .text.R_ADC_ScanCfg
                0x00001e4c      0x240 ./ra/fsp/src/r_adc/r_adc.o
                0x00001e4c                R_ADC_ScanCfg
 .text.r_adc_irq_enable.part.0
                0x0000208c       0x8c ./ra/fsp/src/r_adc/r_adc.o
 .text.R_ADC_Open
                0x00002118      0x16c ./ra/fsp/src/r_adc/r_adc.o
                0x00002118                R_ADC_Open
 .text.adc_scan_end_isr
                0x00002284        0xc ./ra/fsp/src/r_adc/r_adc.o
                0x00002284                adc_scan_end_isr
 .text.adc_window_compare_isr
                0x00002290      0x148 ./ra/fsp/src/r_adc/r_adc.o
                0x00002290                adc_window_compare_isr
 .text.SystemCoreClockUpdate
                0x000023d8       0x2c ./ra/fsp/src/bsp/mcu/all/bsp_clocks.o
                0x000023d8                SystemCoreClockUpdate
 .text.bsp_clock_init
                0x00002404      0x140 ./ra/fsp/src/bsp/mcu/all/bsp_clocks.o
                0x00002404                bsp_clock_init
 .text.bsp_init_internal
                0x00002544        0x4 ./ra/fsp/src/bsp/mcu/all/bsp_common.o
                0x00002544                bsp_init
                0x00002544                bsp_init_internal
 .text.__assert_func
                0x00002548        0x4 ./ra/fsp/src/bsp/mcu/all/bsp_common.o
                0x00002548                __assert_func
 .text.bsp_prv_software_delay_loop
                0x0000254c        0x8 ./ra/fsp/src/bsp/mcu/all/bsp_delay.o
                0x0000254c                bsp_prv_software_delay_loop
 .text.R_BSP_SoftwareDelay
                0x00002554       0x5c ./ra/fsp/src/bsp/mcu/all/bsp_delay.o
                0x00002554                R_BSP_SoftwareDelay
 .text.NMI_Handler
                0x000025b0       0x48 ./ra/fsp/src/bsp/mcu/all/bsp_group_irq.o
                0x000025b0                NMI_Handler
 .text.bsp_irq_cfg
                0x000025f8       0x28 ./ra/fsp/src/bsp/mcu/all/bsp_irq.o
                0x000025f8                bsp_irq_cfg
 .text.R_BSP_RegisterProtectEnable
                0x00002620       0x54 ./ra/fsp/src/bsp/mcu/all/bsp_register_protection.o
                0x00002620                R_BSP_RegisterProtectEnable
 .text.R_BSP_RegisterProtectDisable
                0x00002674       0x4c ./ra/fsp/src/bsp/mcu/all/bsp_register_protection.o
                0x00002674                R_BSP_RegisterProtectDisable
 .text.Default_Handler
                0x000026c0        0x4 ./ra/fsp/src/bsp/cmsis/Device/RENESAS/Source/startup.o
                0x000026c0                DebugMon_Handler
                0x000026c0                HardFault_Handler
                0x000026c0                UsageFault_Handler
                0x000026c0                SecureFault_Handler
                0x000026c0                Default_Handler
                0x000026c0                MemManage_Handler
                0x000026c0                BusFault_Handler
 .text.Reset_Handler
                0x000026c4        0xc ./ra/fsp/src/bsp/cmsis/Device/RENESAS/Source/startup.o
                0x000026c4                Reset_Handler
 .text.SystemInit
                0x000026d0      0x140 ./ra/fsp/src/bsp/cmsis/Device/RENESAS/Source/system.o
                0x000026d0                SystemInit
 .text.vListInitialise
                0x00002810       0x18 ./ra/aws/FreeRTOS/FreeRTOS/Source/list.o
                0x00002810                vListInitialise
 .text.vListInitialiseItem
                0x00002828        0x8 ./ra/aws/FreeRTOS/FreeRTOS/Source/list.o
                0x00002828                vListInitialiseItem
 .text.vListInsert
                0x00002830       0x30 ./ra/aws/FreeRTOS/FreeRTOS/Source/list.o
                0x00002830                vListInsert
 .text.uxListRemove
                0x00002860       0x24 ./ra/aws/FreeRTOS/FreeRTOS/Source/list.o
                0x00002860                uxListRemove
 .text.prvCopyDataToQueue
                0x00002884       0x58 ./ra/aws/FreeRTOS/FreeRTOS/Source/queue.o
 .text.prvUnlockQueue
                0x000028dc       0x8c ./ra/aws/FreeRTOS/FreeRTOS/Source/queue.o
 .text.xQueueGenericReset
                0x00002968       0xe8 ./ra/aws/FreeRTOS/FreeRTOS/Source/queue.o
                0x00002968                xQueueGenericReset
 .text.xQueueGenericCreateStatic
                0x00002a50       0xa4 ./ra/aws/FreeRTOS/FreeRTOS/Source/queue.o
                0x00002a50                xQueueGenericCreateStatic
 .text.xQueueCreateCountingSemaphoreStatic
                0x00002af4       0x98 ./ra/aws/FreeRTOS/FreeRTOS/Source/queue.o
                0x00002af4                xQueueCreateCountingSemaphoreStatic
 .text.xQueueGenericSend
                0x00002b8c      0x1e0 ./ra/aws/FreeRTOS/FreeRTOS/Source/queue.o
                0x00002b8c                xQueueGenericSend
 .text.xQueueReceive
                0x00002d6c      0x1c0 ./ra/aws/FreeRTOS/FreeRTOS/Source/queue.o
                0x00002d6c                xQueueReceive
 .text.xQueueSemaphoreTake
                0x00002f2c      0x188 ./ra/aws/FreeRTOS/FreeRTOS/Source/queue.o
                0x00002f2c                xQueueSemaphoreTake
 .text.vQueueAddToRegistry
                0x000030b4       0x6c ./ra/aws/FreeRTOS/FreeRTOS/Source/queue.o
                0x000030b4                vQueueAddToRegistry
 .text.vQueueWaitForMessageRestricted
                0x00003120       0x48 ./ra/aws/FreeRTOS/FreeRTOS/Source/queue.o
                0x00003120                vQueueWaitForMessageRestricted
 .text.prvAddCurrentTaskToDelayedList
                0x00003168       0x98 ./ra/aws/FreeRTOS/FreeRTOS/Source/tasks.o
 .text.prvIdleTask
                0x00003200       0x78 ./ra/aws/FreeRTOS/FreeRTOS/Source/tasks.o
 .text.xTaskIncrementTick.part.0
                0x00003278      0x1ac ./ra/aws/FreeRTOS/FreeRTOS/Source/tasks.o
 .text.xTaskCreateStatic
                0x00003424      0x29c ./ra/aws/FreeRTOS/FreeRTOS/Source/tasks.o
                0x00003424                xTaskCreateStatic
 .text.uxTaskPriorityGet
                0x000036c0       0x20 ./ra/aws/FreeRTOS/FreeRTOS/Source/tasks.o
                0x000036c0                uxTaskPriorityGet
 .text.vTaskPrioritySet
                0x000036e0      0x110 ./ra/aws/FreeRTOS/FreeRTOS/Source/tasks.o
                0x000036e0                vTaskPrioritySet
 .text.vTaskStartScheduler
                0x000037f0       0xa0 ./ra/aws/FreeRTOS/FreeRTOS/Source/tasks.o
                0x000037f0                vTaskStartScheduler
 .text.vTaskSuspendAll
                0x00003890       0x10 ./ra/aws/FreeRTOS/FreeRTOS/Source/tasks.o
                0x00003890                vTaskSuspendAll
 .text.xTaskResumeAll
                0x000038a0      0x1d4 ./ra/aws/FreeRTOS/FreeRTOS/Source/tasks.o
                0x000038a0                xTaskResumeAll
 .text.xTaskGetTickCount
                0x00003a74        0xc ./ra/aws/FreeRTOS/FreeRTOS/Source/tasks.o
                0x00003a74                xTaskGetTickCount
 .text.xTaskIncrementTick
                0x00003a80       0x28 ./ra/aws/FreeRTOS/FreeRTOS/Source/tasks.o
                0x00003a80                xTaskIncrementTick
 .text.vTaskSwitchContext
                0x00003aa8       0xa8 ./ra/aws/FreeRTOS/FreeRTOS/Source/tasks.o
                0x00003aa8                vTaskSwitchContext
 .text.vTaskPlaceOnEventList
                0x00003b50       0x40 ./ra/aws/FreeRTOS/FreeRTOS/Source/tasks.o
                0x00003b50                vTaskPlaceOnEventList
 .text.vTaskPlaceOnEventListRestricted
                0x00003b90       0x60 ./ra/aws/FreeRTOS/FreeRTOS/Source/tasks.o
                0x00003b90                vTaskPlaceOnEventListRestricted
 .text.xTaskRemoveFromEventList
                0x00003bf0       0xec ./ra/aws/FreeRTOS/FreeRTOS/Source/tasks.o
                0x00003bf0                xTaskRemoveFromEventList
 .text.vTaskInternalSetTimeOutState
                0x00003cdc       0x1c ./ra/aws/FreeRTOS/FreeRTOS/Source/tasks.o
                0x00003cdc                vTaskInternalSetTimeOutState
 .text.xTaskCheckForTimeOut
                0x00003cf8       0xa8 ./ra/aws/FreeRTOS/FreeRTOS/Source/tasks.o
                0x00003cf8                xTaskCheckForTimeOut
 .text.vTaskMissedYield
                0x00003da0       0x10 ./ra/aws/FreeRTOS/FreeRTOS/Source/tasks.o
                0x00003da0                vTaskMissedYield
 .text.xTaskGetSchedulerState
                0x00003db0       0x20 ./ra/aws/FreeRTOS/FreeRTOS/Source/tasks.o
                0x00003db0                xTaskGetSchedulerState
 .text.prvCheckForValidListAndQueue
                0x00003dd0       0x7c ./ra/aws/FreeRTOS/FreeRTOS/Source/timers.o
 .text.prvProcessExpiredTimer
                0x00003e4c       0x84 ./ra/aws/FreeRTOS/FreeRTOS/Source/timers.o
 .text.prvTimerTask
                0x00003ed0      0x224 ./ra/aws/FreeRTOS/FreeRTOS/Source/timers.o
 .text.xTimerCreateTimerTask
                0x000040f4       0x7c ./ra/aws/FreeRTOS/FreeRTOS/Source/timers.o
                0x000040f4                xTimerCreateTimerTask
 .text          0x00004170       0x3c /opt/work/e2_studio_v2/toolchains/gcc_arm/12_2_MPACBTI-Rel1/arm-gnu-toolchain-12.2.mpacbti-rel1-x86_64-arm-none-eabi/bin/../lib/gcc/arm-none-eabi/12.2.1/thumb/v8-m.base/nofp/libgcc.a(_clzsi2.o)
                0x00004170                __clzsi2
 .text.__muldi3
                0x000041ac       0x5c /opt/work/e2_studio_v2/toolchains/gcc_arm/12_2_MPACBTI-Rel1/arm-gnu-toolchain-12.2.mpacbti-rel1-x86_64-arm-none-eabi/bin/../lib/gcc/arm-none-eabi/12.2.1/thumb/v8-m.base/nofp/libgcc.a(_muldi3.o)
                0x000041ac                __aeabi_lmul
                0x000041ac                __muldi3
 .text.__aeabi_fmul
                0x00004208      0x27c /opt/work/e2_studio_v2/toolchains/gcc_arm/12_2_MPACBTI-Rel1/arm-gnu-toolchain-12.2.mpacbti-rel1-x86_64-arm-none-eabi/bin/../lib/gcc/arm-none-eabi/12.2.1/thumb/v8-m.base/nofp/libgcc.a(mulsf3.o)
                0x00004208                __aeabi_fmul
 .text.__aeabi_fsub
                0x00004484      0x344 /opt/work/e2_studio_v2/toolchains/gcc_arm/12_2_MPACBTI-Rel1/arm-gnu-toolchain-12.2.mpacbti-rel1-x86_64-arm-none-eabi/bin/../lib/gcc/arm-none-eabi/12.2.1/thumb/v8-m.base/nofp/libgcc.a(subsf3.o)
                0x00004484                __aeabi_fsub
 .text.__aeabi_f2iz
                0x000047c8       0x40 /opt/work/e2_studio_v2/toolchains/gcc_arm/12_2_MPACBTI-Rel1/arm-gnu-toolchain-12.2.mpacbti-rel1-x86_64-arm-none-eabi/bin/../lib/gcc/arm-none-eabi/12.2.1/thumb/v8-m.base/nofp/libgcc.a(fixsfsi.o)
                0x000047c8                __aeabi_f2iz
 .text.__aeabi_i2f
                0x00004808       0x98 /opt/work/e2_studio_v2/toolchains/gcc_arm/12_2_MPACBTI-Rel1/arm-gnu-toolchain-12.2.mpacbti-rel1-x86_64-arm-none-eabi/bin/../lib/gcc/arm-none-eabi/12.2.1/thumb/v8-m.base/nofp/libgcc.a(floatsisf.o)
                0x00004808                __aeabi_i2f
 .text.memcpy   0x000048a0       0x12 /opt/work/e2_studio_v2/toolchains/gcc_arm/12_2_MPACBTI-Rel1/arm-gnu-toolchain-12.2.mpacbti-rel1-x86_64-arm-none-eabi/bin/../lib/gcc/arm-none-eabi/12.2.1/../../../../arm-none-eabi/lib/thumb/v8-m.base/nofp/libg_nano.a(libc_a-memcpy-stub.o)
                0x000048a0                memcpy
 .text.memset   0x000048b2       0x10 /opt/work/e2_studio_v2/toolchains/gcc_arm/12_2_MPACBTI-Rel1/arm-gnu-toolchain-12.2.mpacbti-rel1-x86_64-arm-none-eabi/bin/../lib/gcc/arm-none-eabi/12.2.1/../../../../arm-none-eabi/lib/thumb/v8-m.base/nofp/libg_nano.a(libc_a-memset.o)
                0x000048b2                memset
 *(.version)
 *fill*         0x000048c2        0x2 ff
 .version       0x000048c4       0x50 ./ra/fsp/src/bsp/mcu/all/bsp_common.o
 *(.init)
 .init          0x00004914        0x4 /opt/work/e2_studio_v2/toolchains/gcc_arm/12_2_MPACBTI-Rel1/arm-gnu-toolchain-12.2.mpacbti-rel1-x86_64-arm-none-eabi/bin/../lib/gcc/arm-none-eabi/12.2.1/thumb/v8-m.base/nofp/crti.o
                0x00004914                _init
 .init          0x00004918        0x8 /opt/work/e2_studio_v2/toolchains/gcc_arm/12_2_MPACBTI-Rel1/arm-gnu-toolchain-12.2.mpacbti-rel1-x86_64-arm-none-eabi/bin/../lib/gcc/arm-none-eabi/12.2.1/thumb/v8-m.base/nofp/crtn.o
 *(.fini)
 .fini          0x00004920        0x4 /opt/work/e2_studio_v2/toolchains/gcc_arm/12_2_MPACBTI-Rel1/arm-gnu-toolchain-12.2.mpacbti-rel1-x86_64-arm-none-eabi/bin/../lib/gcc/arm-none-eabi/12.2.1/thumb/v8-m.base/nofp/crti.o
                0x00004920                _fini
 .fini          0x00004924        0x8 /opt/work/e2_studio_v2/toolchains/gcc_arm/12_2_MPACBTI-Rel1/arm-gnu-toolchain-12.2.mpacbti-rel1-x86_64-arm-none-eabi/bin/../lib/gcc/arm-none-eabi/12.2.1/thumb/v8-m.base/nofp/crtn.o
 *crtbegin.o(.ctors)
 *crtbegin?.o(.ctors)
 *(EXCLUDE_FILE(*crtend.o *crtend?.o) .ctors)
 *(SORT_BY_NAME(.ctors.*))
 *(.ctors)
 *crtbegin.o(.dtors)
 *crtbegin?.o(.dtors)
 *(EXCLUDE_FILE(*crtend.o *crtend?.o) .dtors)
 *(SORT_BY_NAME(.dtors.*))
 *(.dtors)
 *(.rodata*)
 .rodata._DoInit.str1.4
                0x0000492c        0x9 ./src/RTT/SEGGER_RTT.o
 *fill*         0x00004935        0x3 ff
 .rodata._aInitStr.0
                0x00004938       0x11 ./src/RTT/SEGGER_RTT.o
 *fill*         0x00004949        0x3 ff
 .rodata.SEGGER_RTT_vprintf
                0x0000494c       0x84 ./src/RTT/SEGGER_RTT_printf.o
 .rodata._aV2C.0
                0x000049d0       0x10 ./src/RTT/SEGGER_RTT_printf.o
 .rodata.print_string.str1.4
                0x000049e0        0x3 ./src/basic_io.o
 *fill*         0x000049e3        0x1 ff
 .rodata.task_battery_entry.str1.4
                0x000049e4       0xd5 ./src/task_battery_entry.o
                                 0xdb (size before relaxing)
 *fill*         0x00004ab9        0x3 ff
 .rodata.task_uart_entry.str1.4
                0x00004abc       0x53 ./src/task_uart_entry.o
 *fill*         0x00004b0f        0x1 ff
 .rodata.g_ioport
                0x00004b10        0xc ./ra_gen/common_data.o
                0x00004b10                g_ioport
 .rodata.g_adc0_channel_cfg
                0x00004b1c       0x14 ./ra_gen/hal_data.o
                0x00004b1c                g_adc0_channel_cfg
 .rodata.g_adc0_cfg
                0x00004b30       0x18 ./ra_gen/hal_data.o
                0x00004b30                g_adc0_cfg
 .rodata.g_adc0_cfg_extend
                0x00004b48        0xa ./ra_gen/hal_data.o
                0x00004b48                g_adc0_cfg_extend
 *fill*         0x00004b52        0x2 ff
 .rodata.g_uart0_cfg
                0x00004b54       0x20 ./ra_gen/hal_data.o
                0x00004b54                g_uart0_cfg
 .rodata.g_uart0_cfg_extend
                0x00004b74       0x14 ./ra_gen/hal_data.o
                0x00004b74                g_uart0_cfg_extend
 .rodata.g_bsp_pin_cfg
                0x00004b88        0x8 ./ra_gen/pin_data.o
                0x00004b88                g_bsp_pin_cfg
 .rodata.g_bsp_pin_cfg_data
                0x00004b90       0x88 ./ra_gen/pin_data.o
                0x00004b90                g_bsp_pin_cfg_data
 .rodata.task_battery_create.str1.4
                0x00004c18        0xd ./ra_gen/task_battery.o
 *fill*         0x00004c25        0x3 ff
 .rodata.task_battery_parameters
                0x00004c28        0x4 ./ra_gen/task_battery.o
                0x00004c28                task_battery_parameters
 .rodata.task_uart_create.str1.4
                0x00004c2c        0xa ./ra_gen/task_uart.o
 *fill*         0x00004c36        0x2 ff
 .rodata.task_uart_parameters
                0x00004c38        0x4 ./ra_gen/task_uart.o
                0x00004c38                task_uart_parameters
 .rodata.g_interrupt_event_link_select
                0x00004c3c       0x20 ./ra_gen/vector_data.o
                0x00004c3c                g_interrupt_event_link_select
 .rodata.vPortSVCHandler_C.str1.4
                0x00004c5c       0x3a ./ra/fsp/src/rm_freertos_port/port.o
 *fill*         0x00004c96        0x2 ff
 .rodata.vPortEnterCritical.str1.4
                0x00004c98       0x46 ./ra/fsp/src/rm_freertos_port/port.o
 *fill*         0x00004cde        0x2 ff
 .rodata.vPortExitCritical.str1.4
                0x00004ce0       0x12 ./ra/fsp/src/rm_freertos_port/port.o
 *fill*         0x00004cf2        0x2 ff
 .rodata.__func__.1
                0x00004cf4       0x12 ./ra/fsp/src/rm_freertos_port/port.o
 *fill*         0x00004d06        0x2 ff
 .rodata.__func__.2
                0x00004d08       0x13 ./ra/fsp/src/rm_freertos_port/port.o
 *fill*         0x00004d1b        0x1 ff
 .rodata.__func__.3
                0x00004d1c       0x12 ./ra/fsp/src/rm_freertos_port/port.o
 *fill*         0x00004d2e        0x2 ff
 .rodata.g_ioport_on_ioport
                0x00004d30       0x34 ./ra/fsp/src/r_ioport/r_ioport.o
                0x00004d30                g_ioport_on_ioport
 .rodata.adc_elc_trigger_lut
                0x00004d64        0xc ./ra/fsp/src/r_adc/r_adc.o
 .rodata.g_prcr_masks
                0x00004d70        0x8 ./ra/fsp/src/bsp/mcu/all/bsp_register_protection.o
 .rodata.vQueueUnregisterQueue.part.0.str1.4
                0x00004d78       0x33 ./ra/aws/FreeRTOS/FreeRTOS/Source/queue.o
 *fill*         0x00004dab        0x1 ff
 .rodata.xQueueGenericReset.str1.4
                0x00004dac       0x2c ./ra/aws/FreeRTOS/FreeRTOS/Source/queue.o
 .rodata.xQueueGenericCreateStatic.str1.4
                0x00004dd8       0x37 ./ra/aws/FreeRTOS/FreeRTOS/Source/queue.o
 *fill*         0x00004e0f        0x1 ff
 .rodata.xQueueCreateCountingSemaphoreStatic.str1.4
                0x00004e10        0x8 ./ra/aws/FreeRTOS/FreeRTOS/Source/queue.o
 .rodata.xQueueGenericSend.str1.4
                0x00004e18       0xfb ./ra/aws/FreeRTOS/FreeRTOS/Source/queue.o
 *fill*         0x00004f13        0x1 ff
 .rodata.xQueueGiveFromISR.str1.4
                0x00004f14       0x7d ./ra/aws/FreeRTOS/FreeRTOS/Source/queue.o
 *fill*         0x00004f91        0x3 ff
 .rodata.xQueueReceive.str1.4
                0x00004f94       0x66 ./ra/aws/FreeRTOS/FreeRTOS/Source/queue.o
 *fill*         0x00004ffa        0x2 ff
 .rodata.__func__.2
                0x00004ffc       0x14 ./ra/aws/FreeRTOS/FreeRTOS/Source/queue.o
 .rodata.__func__.12
                0x00005010       0x14 ./ra/aws/FreeRTOS/FreeRTOS/Source/queue.o
 .rodata.__func__.13
                0x00005024        0xe ./ra/aws/FreeRTOS/FreeRTOS/Source/queue.o
 *fill*         0x00005032        0x2 ff
 .rodata.__func__.16
                0x00005034       0x12 ./ra/aws/FreeRTOS/FreeRTOS/Source/queue.o
 *fill*         0x00005046        0x2 ff
 .rodata.__func__.17
                0x00005048       0x24 ./ra/aws/FreeRTOS/FreeRTOS/Source/queue.o
 .rodata.__func__.18
                0x0000506c       0x1a ./ra/aws/FreeRTOS/FreeRTOS/Source/queue.o
 *fill*         0x00005086        0x2 ff
 .rodata.__func__.19
                0x00005088       0x13 ./ra/aws/FreeRTOS/FreeRTOS/Source/queue.o
 *fill*         0x0000509b        0x1 ff
 .rodata.prvTaskIsTaskSuspended.part.0.str1.4
                0x0000509c       0x33 ./ra/aws/FreeRTOS/FreeRTOS/Source/tasks.o
 *fill*         0x000050cf        0x1 ff
 .rodata.xTaskIncrementTick.part.0.str1.4
                0x000050d0       0x76 ./ra/aws/FreeRTOS/FreeRTOS/Source/tasks.o
 *fill*         0x00005146        0x2 ff
 .rodata.xTaskCreateStatic.str1.4
                0x00005148       0x69 ./ra/aws/FreeRTOS/FreeRTOS/Source/tasks.o
 *fill*         0x000051b1        0x3 ff
 .rodata.vTaskPrioritySet.str1.4
                0x000051b4       0x14 ./ra/aws/FreeRTOS/FreeRTOS/Source/tasks.o
 .rodata.vTaskStartScheduler.str1.4
                0x000051c8       0x1a ./ra/aws/FreeRTOS/FreeRTOS/Source/tasks.o
 *fill*         0x000051e2        0x2 ff
 .rodata.xTaskResumeAll.str1.4
                0x000051e4       0x15 ./ra/aws/FreeRTOS/FreeRTOS/Source/tasks.o
 *fill*         0x000051f9        0x3 ff
 .rodata.vTaskSwitchContext.str1.4
                0x000051fc        0xe ./ra/aws/FreeRTOS/FreeRTOS/Source/tasks.o
 *fill*         0x0000520a        0x2 ff
 .rodata.vTaskPlaceOnEventList.str1.4
                0x0000520c        0xc ./ra/aws/FreeRTOS/FreeRTOS/Source/tasks.o
 .rodata.xTaskRemoveFromEventList.str1.4
                0x00005218        0xf ./ra/aws/FreeRTOS/FreeRTOS/Source/tasks.o
 *fill*         0x00005227        0x1 ff
 .rodata.vTaskSetTimeOutState.str1.4
                0x00005228        0xa ./ra/aws/FreeRTOS/FreeRTOS/Source/tasks.o
 *fill*         0x00005232        0x2 ff
 .rodata.xTaskCheckForTimeOut.str1.4
                0x00005234        0xe ./ra/aws/FreeRTOS/FreeRTOS/Source/tasks.o
 *fill*         0x00005242        0x2 ff
 .rodata.__func__.7
                0x00005244       0x15 ./ra/aws/FreeRTOS/FreeRTOS/Source/tasks.o
 *fill*         0x00005259        0x3 ff
 .rodata.__func__.10
                0x0000525c       0x19 ./ra/aws/FreeRTOS/FreeRTOS/Source/tasks.o
 *fill*         0x00005275        0x3 ff
 .rodata.__func__.11
                0x00005278       0x20 ./ra/aws/FreeRTOS/FreeRTOS/Source/tasks.o
 .rodata.__func__.13
                0x00005298       0x16 ./ra/aws/FreeRTOS/FreeRTOS/Source/tasks.o
 *fill*         0x000052ae        0x2 ff
 .rodata.__func__.14
                0x000052b0       0x13 ./ra/aws/FreeRTOS/FreeRTOS/Source/tasks.o
 *fill*         0x000052c3        0x1 ff
 .rodata.__func__.15
                0x000052c4       0x13 ./ra/aws/FreeRTOS/FreeRTOS/Source/tasks.o
 *fill*         0x000052d7        0x1 ff
 .rodata.__func__.18
                0x000052d8        0xf ./ra/aws/FreeRTOS/FreeRTOS/Source/tasks.o
 *fill*         0x000052e7        0x1 ff
 .rodata.__func__.19
                0x000052e8       0x14 ./ra/aws/FreeRTOS/FreeRTOS/Source/tasks.o
 .rodata.__func__.24
                0x000052fc       0x11 ./ra/aws/FreeRTOS/FreeRTOS/Source/tasks.o
 *fill*         0x0000530d        0x3 ff
 .rodata.__func__.28
                0x00005310       0x15 ./ra/aws/FreeRTOS/FreeRTOS/Source/tasks.o
 *fill*         0x00005325        0x3 ff
 .rodata.__func__.29
                0x00005328       0x12 ./ra/aws/FreeRTOS/FreeRTOS/Source/tasks.o
 *fill*         0x0000533a        0x2 ff
 .rodata.prvCheckForValidListAndQueue.str1.4
                0x0000533c        0x5 ./ra/aws/FreeRTOS/FreeRTOS/Source/timers.o
 *fill*         0x00005341        0x3 ff
 .rodata.prvTimerTask.str1.4
                0x00005344       0x54 ./ra/aws/FreeRTOS/FreeRTOS/Source/timers.o
 .rodata.prvTimerTask
                0x00005398       0x28 ./ra/aws/FreeRTOS/FreeRTOS/Source/timers.o
 .rodata.xTimerCreateTimerTask.str1.4
                0x000053c0       0x10 ./ra/aws/FreeRTOS/FreeRTOS/Source/timers.o
 .rodata.__func__.14
                0x000053d0       0x1b ./ra/aws/FreeRTOS/FreeRTOS/Source/timers.o
 *fill*         0x000053eb        0x1 ff
 .rodata.__func__.16
                0x000053ec       0x16 ./ra/aws/FreeRTOS/FreeRTOS/Source/timers.o
                0x00005402                        __usb_dev_descriptor_start_fs = .
 *(.usb_device_desc_fs*)
                0x00005402                        __usb_cfg_descriptor_start_fs = .
 *(.usb_config_desc_fs*)
                0x00005402                        __usb_interface_descriptor_start_fs = .
 *(.usb_interface_desc_fs*)
                0x00005402                        __usb_descriptor_end_fs = .
                0x00005402                        __usb_dev_descriptor_start_hs = .
 *(.usb_device_desc_hs*)
                0x00005402                        __usb_cfg_descriptor_start_hs = .
 *(.usb_config_desc_hs*)
                0x00005402                        __usb_interface_descriptor_start_hs = .
 *(.usb_interface_desc_hs*)
                0x00005402                        __usb_descriptor_end_hs = .
 *(.eh_frame*)
 *fill*         0x00005402        0x2 ff
 .eh_frame      0x00005404        0x0 /opt/work/e2_studio_v2/toolchains/gcc_arm/12_2_MPACBTI-Rel1/arm-gnu-toolchain-12.2.mpacbti-rel1-x86_64-arm-none-eabi/bin/../lib/gcc/arm-none-eabi/12.2.1/thumb/v8-m.base/nofp/crtbegin.o
 .eh_frame      0x00005404        0x4 /opt/work/e2_studio_v2/toolchains/gcc_arm/12_2_MPACBTI-Rel1/arm-gnu-toolchain-12.2.mpacbti-rel1-x86_64-arm-none-eabi/bin/../lib/gcc/arm-none-eabi/12.2.1/thumb/v8-m.base/nofp/crtend.o
                0x00005408                        __ROM_End = .
                0x000000c0                        __Vectors_Size = (__Vectors_End - __Vectors)

.glue_7         0x00005408        0x0
 .glue_7        0x00005408        0x0 linker stubs

.glue_7t        0x00005408        0x0
 .glue_7t       0x00005408        0x0 linker stubs

.vfp11_veneer   0x00005408        0x0
 .vfp11_veneer  0x00005408        0x0 linker stubs

.v4_bx          0x00005408        0x0
 .v4_bx         0x00005408        0x0 linker stubs

.iplt           0x00005408        0x0
 .iplt          0x00005408        0x0 /opt/work/e2_studio_v2/toolchains/gcc_arm/12_2_MPACBTI-Rel1/arm-gnu-toolchain-12.2.mpacbti-rel1-x86_64-arm-none-eabi/bin/../lib/gcc/arm-none-eabi/12.2.1/thumb/v8-m.base/nofp/crtbegin.o

.ARM.extab
 *(.ARM.extab* .gnu.linkonce.armextab.*)
                0x00005408                        __exidx_start = .

.ARM.exidx
 *(.ARM.exidx* .gnu.linkonce.armexidx.*)
                0x00005408                        __exidx_end = .
                0x00005408                        __etext = .
                0x20000000                        __tz_RAM_S = ORIGIN (RAM)

.fsp_dtc_vector_table
                0x20000000        0x0
                0x20000000                        . = ORIGIN (RAM)
 *(.fsp_dtc_vector_table)

.data           0x20000000       0x10 load address 0x00005408
                0x20000000                        __data_start__ = .
                0x20000000                        . = ALIGN (0x4)
                0x20000000                        __Code_In_RAM_Start = .
 *(.code_in_ram*)
                0x20000000                        __Code_In_RAM_End = .
 *(vtable)
 *(.data.*)
 .data.g_uart0_baud_setting
                0x20000000        0x4 ./ra_gen/hal_data.o
                0x20000000                g_uart0_baud_setting
 .data.uxTopUsedPriority
                0x20000004        0x4 ./ra/aws/FreeRTOS/FreeRTOS/Source/tasks.o
                0x20000004                uxTopUsedPriority
 *(.data)
                0x20000008                        . = ALIGN (0x4)
                0x20000008                        PROVIDE (__preinit_array_start = .)
 *(.preinit_array)
                0x20000008                        PROVIDE (__preinit_array_end = .)
                0x20000008                        . = ALIGN (0x4)
                0x20000008                        PROVIDE (__init_array_start = .)
 *(SORT_BY_NAME(.init_array.*))
 *(.init_array)
 .init_array    0x20000008        0x4 /opt/work/e2_studio_v2/toolchains/gcc_arm/12_2_MPACBTI-Rel1/arm-gnu-toolchain-12.2.mpacbti-rel1-x86_64-arm-none-eabi/bin/../lib/gcc/arm-none-eabi/12.2.1/thumb/v8-m.base/nofp/crtbegin.o
                0x2000000c                        PROVIDE (__init_array_end = .)
                0x2000000c                        . = ALIGN (0x4)
                [!provide]                        PROVIDE (__fini_array_start = .)
 *(SORT_BY_NAME(.fini_array.*))
 *(.fini_array)
 .fini_array    0x2000000c        0x4 /opt/work/e2_studio_v2/toolchains/gcc_arm/12_2_MPACBTI-Rel1/arm-gnu-toolchain-12.2.mpacbti-rel1-x86_64-arm-none-eabi/bin/../lib/gcc/arm-none-eabi/12.2.1/thumb/v8-m.base/nofp/crtbegin.o
                [!provide]                        PROVIDE (__fini_array_end = .)
 *(.jcr*)
                0x20000010                        . = ALIGN (0x4)
                0x20000010                        __data_end__ = .
                0x00005418                        __dtcm_data_init_start = ((__etext + __data_end__) - __data_start__)

.tm_clone_table
                0x20000010        0x0 load address 0x00005418
 .tm_clone_table
                0x20000010        0x0 /opt/work/e2_studio_v2/toolchains/gcc_arm/12_2_MPACBTI-Rel1/arm-gnu-toolchain-12.2.mpacbti-rel1-x86_64-arm-none-eabi/bin/../lib/gcc/arm-none-eabi/12.2.1/thumb/v8-m.base/nofp/crtbegin.o
 .tm_clone_table
                0x20000010        0x0 /opt/work/e2_studio_v2/toolchains/gcc_arm/12_2_MPACBTI-Rel1/arm-gnu-toolchain-12.2.mpacbti-rel1-x86_64-arm-none-eabi/bin/../lib/gcc/arm-none-eabi/12.2.1/thumb/v8-m.base/nofp/crtend.o

.igot.plt       0x20000010        0x0 load address 0x00005418
 .igot.plt      0x20000010        0x0 /opt/work/e2_studio_v2/toolchains/gcc_arm/12_2_MPACBTI-Rel1/arm-gnu-toolchain-12.2.mpacbti-rel1-x86_64-arm-none-eabi/bin/../lib/gcc/arm-none-eabi/12.2.1/thumb/v8-m.base/nofp/crtbegin.o

.dtcm_data      0x00000000        0x0 load address 0x00005418
                0x00000000                        __tz_DTCM_S = ABSOLUTE (DTCM_START)
                0x00000000                        __dtcm_data_start__ = .
 *(.dtcm_data*)
                0x00000000                        __dtcm_data_end__ = .

.dtcm_noinit    0x00000000        0x0 load address 0x00005418
                0x00000000                        __dtcm_noinit_start = .
 *(.dtcm_noinit*)
                0x00000000                        __dtcm_noinit_end = .
                0x00000000                        __tz_DTCM_N = DEFINED (DTCM_NS_START)?ABSOLUTE (DTCM_NS_START):ALIGN (__dtcm_noinit_end, 0x2000)
                0x00005418                        DATA_END = (LOADADDR (.data) + SIZEOF (.data))
                0x00005800                        SGSTUBS_LOC = (DEFINED (PROJECT_SECURE) && DEFINED (FLASH_NSC_START))?ABSOLUTE (FLASH_NSC_START):ALIGN (DATA_END, 0x400)

.gnu.sgstubs    0x00005800        0x0
                0x00005800                        __tz_FLASH_C = DEFINED (FLASH_NSC_START)?ABSOLUTE (FLASH_NSC_START):__RESERVE_NS_RAM?ABSOLUTE ((FLASH_START + FLASH_LENGTH)):ALIGN (0x400)
                0x00005800                        _start_sg = .
 *(.gnu.sgstubs*)
                0x00005800                        . = ALIGN (0x20)
                0x00005800                        _end_sg = .
                0x00008000                        __tz_FLASH_N = DEFINED (FLASH_NS_START)?ABSOLUTE (FLASH_NS_START):__RESERVE_NS_RAM?ABSOLUTE ((FLASH_START + FLASH_LENGTH)):(FLASH_LENGTH < 0x8000)?FLASH_LENGTH:ALIGN (0x8000)
                0x00008000                        FLASH_NS_IMAGE_START = DEFINED (FLASH_NS_IMAGE_START)?FLASH_NS_IMAGE_START:__tz_FLASH_N
                0x60000000                        __tz_QSPI_FLASH_S = ORIGIN (QSPI_FLASH)

.qspi_flash     0x60000000        0x0
                0x60000000                        __qspi_flash_start__ = .
 *(.qspi_flash*)
 *(.code_in_qspi*)
                0x60000000                        __qspi_flash_end__ = .
                0x00000000                        __qspi_flash_code_size__ = (__qspi_flash_end__ - __qspi_flash_start__)
                0x00005418                        __qspi_flash_code_addr__ = (__etext + (__data_end__ - __data_start__))

.qspi_non_retentive
                0x60000000        0x0 load address 0x00005418
                0x60000000                        __qspi_non_retentive_start__ = .
 *(.qspi_non_retentive*)
                0x60000000                        __qspi_non_retentive_end__ = .
                0x00000000                        __qspi_non_retentive_size__ = (__qspi_non_retentive_end__ - __qspi_non_retentive_start__)
                0x04000000                        __qspi_region_max_size__ = 0x4000000
                0x60000000                        __qspi_region_start_address__ = __qspi_flash_start__
                0x64000000                        __qspi_region_end_address__ = (__qspi_flash_start__ + __qspi_region_max_size__)
                0x60000000                        __tz_QSPI_FLASH_N = __qspi_non_retentive_end__

.OSPI_DEVICE_0_NO_LOAD
                0x80020000        0x0
                0x80020000                        . = ALIGN (0x4)
                0x80020000                        __ospi_device_0_start__ = .
 *(.ospi_device_0_no_load*)
                0x80020000                        . = ALIGN (0x4)
                0x80020000                        __ospi_device_0_end__ = .

.OSPI_DEVICE_1_NO_LOAD
                0x80030000        0x0
                0x80030000                        . = ALIGN (0x4)
                0x80030000                        __ospi_device_1_start__ = .
 *(.ospi_device_1_no_load*)
                0x80030000                        . = ALIGN (0x4)
                0x80030000                        __ospi_device_1_end__ = .
                0x80020000                        __tz_OSPI_DEVICE_0_S = ORIGIN (OSPI_DEVICE_0)

.OSPI_DEVICE_0  0x80020000        0x0
                0x80020000                        __ospi_device_0_start__ = .
 *(.ospi_device_0*)
 *(.code_in_ospi_device_0*)
                0x80020000                        __ospi_device_0_end__ = .
                0x00000000                        __ospi_device_0_code_size__ = (__ospi_device_0_end__ - __ospi_device_0_start__)
                0x00005418                        __ospi_device_0_code_addr__ = (__etext + (__data_end__ - __data_start__))

.ospi_device_0_non_retentive
                0x80020000        0x0 load address 0x00005418
                0x80020000                        __ospi_device_0_non_retentive_start__ = .
 *(.ospi_device_0_non_retentive*)
                0x80020000                        __ospi_device_0_non_retentive_end__ = .
                0x00000000                        __ospi_device_0_non_retentive_size__ = (__ospi_device_0_non_retentive_end__ - __ospi_device_0_non_retentive_start__)
                0x08000000                        __ospi_device_0_region_max_size__ = 0x8000000
                0x80020000                        __ospi_device_0_region_start_address__ = __ospi_device_0_start__
                0x88020000                        __ospi_device_0_region_end_address__ = (__ospi_device_0_start__ + __ospi_device_0_region_max_size__)
                0x80020000                        __tz_OSPI_DEVICE_0_N = __ospi_device_0_non_retentive_end__
                0x80030000                        __tz_OSPI_DEVICE_1_S = ORIGIN (OSPI_DEVICE_1)

.OSPI_DEVICE_1  0x80030000        0x0
                0x80030000                        __ospi_device_1_start__ = .
 *(.ospi_device_1*)
 *(.code_in_ospi_device_1*)
                0x80030000                        __ospi_device_1_end__ = .
                0x00000000                        __ospi_device_1_code_size__ = (__ospi_device_1_end__ - __ospi_device_1_start__)
                0x00005418                        __ospi_device_1_code_addr__ = (__etext + (__data_end__ - __data_start__))

.ospi_device_1_non_retentive
                0x80030000        0x0 load address 0x00005418
                0x80030000                        __ospi_device_1_non_retentive_start__ = .
 *(.ospi_device_1_non_retentive*)
                0x80030000                        __ospi_device_1_non_retentive_end__ = .
                0x00000000                        __ospi_device_1_non_retentive_size__ = (__ospi_device_1_non_retentive_end__ - __ospi_device_1_non_retentive_start__)
                0x10000000                        __ospi_device_1_region_max_size__ = 0x10000000
                0x80030000                        __ospi_device_1_region_start_address__ = __ospi_device_1_start__
                0x90030000                        __ospi_device_1_region_end_address__ = (__ospi_device_1_start__ + __ospi_device_1_region_max_size__)
                0x80030000                        __tz_OSPI_DEVICE_1_N = __ospi_device_1_non_retentive_end__

.noinit         0x20000010       0x18
                0x20000010                        . = ALIGN (0x4)
                0x20000010                        __noinit_start = .
 *(.noinit*)
 .noinit        0x20000010       0x14 ./ra/fsp/src/bsp/mcu/all/bsp_clocks.o
                0x20000028                        . = ALIGN (0x8)
 *fill*         0x20000024        0x4 
 *(.heap.*)
                0x20000028                        __noinit_end = .

.bss            0x20000028     0x1264
                0x20000028                        . = ALIGN (0x4)
                0x20000028                        __bss_start__ = .
 *(.bss*)
 .bss.completed.1
                0x20000028        0x1 /opt/work/e2_studio_v2/toolchains/gcc_arm/12_2_MPACBTI-Rel1/arm-gnu-toolchain-12.2.mpacbti-rel1-x86_64-arm-none-eabi/bin/../lib/gcc/arm-none-eabi/12.2.1/thumb/v8-m.base/nofp/crtbegin.o
 *fill*         0x20000029        0x3 
 .bss.object.0  0x2000002c       0x18 /opt/work/e2_studio_v2/toolchains/gcc_arm/12_2_MPACBTI-Rel1/arm-gnu-toolchain-12.2.mpacbti-rel1-x86_64-arm-none-eabi/bin/../lib/gcc/arm-none-eabi/12.2.1/thumb/v8-m.base/nofp/crtbegin.o
 .bss._acDownBuffer
                0x20000044       0x10 ./src/RTT/SEGGER_RTT.o
 .bss._acUpBuffer
                0x20000054      0x400 ./src/RTT/SEGGER_RTT.o
 .bss._SEGGER_RTT
                0x20000454       0xa8 ./src/RTT/SEGGER_RTT.o
                0x20000454                _SEGGER_RTT
 .bss.scan_complete_flag
                0x200004fc        0x1 ./src/task_battery_entry.o
                0x200004fc                scan_complete_flag
 *fill*         0x200004fd        0x3 
 .bss.err       0x20000500        0x4 ./src/task_battery_entry.o
                0x20000500                err
 .bss.adc_volt  0x20000504        0x4 ./src/task_battery_entry.o
                0x20000504                adc_volt
 .bss.volt_str  0x20000508        0x5 ./src/task_battery_entry.o
                0x20000508                volt_str
 *fill*         0x2000050d        0x1 
 .bss.channel0_conversion_result
                0x2000050e        0x2 ./src/task_battery_entry.o
 .bss.g_out_of_band_index
                0x20000510        0x4 ./src/task_uart_entry.o
                0x20000510                g_out_of_band_index
 .bss.g_receive_complete
                0x20000514        0x4 ./src/task_uart_entry.o
                0x20000514                g_receive_complete
 .bss.g_transfer_complete
                0x20000518        0x4 ./src/task_uart_entry.o
                0x20000518                g_transfer_complete
 .bss.g_out_of_band_received
                0x2000051c       0x10 ./src/task_uart_entry.o
                0x2000051c                g_out_of_band_received
 .bss.g_src     0x2000052c      0x200 ./src/task_uart_entry.o
                0x2000052c                g_src
 .bss.g_dest    0x2000072c      0x200 ./src/task_uart_entry.o
                0x2000072c                g_dest
 .bss.g_ioport_ctrl
                0x2000092c        0x8 ./ra_gen/common_data.o
                0x2000092c                g_ioport_ctrl
 .bss.g_adc0_ctrl
                0x20000934       0x24 ./ra_gen/hal_data.o
                0x20000934                g_adc0_ctrl
 .bss.g_uart0_ctrl
                0x20000958       0x30 ./ra_gen/hal_data.o
                0x20000958                g_uart0_ctrl
 .bss.uxTimerTaskStack.3
                0x20000988      0x200 ./ra_gen/main.o
 .bss.xTimerTaskTCB.2
                0x20000b88       0x60 ./ra_gen/main.o
 .bss.uxIdleTaskStack.1
                0x20000be8      0x200 ./ra_gen/main.o
 .bss.xIdleTaskTCB.0
                0x20000de8       0x60 ./ra_gen/main.o
 .bss.g_fsp_common_initialized_semaphore_memory
                0x20000e48       0x48 ./ra_gen/main.o
                0x20000e48                g_fsp_common_initialized_semaphore_memory
 .bss.g_fsp_common_initialized_semaphore
                0x20000e90        0x4 ./ra_gen/main.o
                0x20000e90                g_fsp_common_initialized_semaphore
 .bss.g_fsp_common_initialized
                0x20000e94        0x1 ./ra_gen/main.o
                0x20000e94                g_fsp_common_initialized
 *fill*         0x20000e95        0x3 
 .bss.g_fsp_common_thread_count
                0x20000e98        0x4 ./ra_gen/main.o
                0x20000e98                g_fsp_common_thread_count
 .bss.task_battery
                0x20000e9c        0x4 ./ra_gen/task_battery.o
                0x20000e9c                task_battery
 .bss.task_battery_memory
                0x20000ea0       0x60 ./ra_gen/task_battery.o
 .bss.task_uart
                0x20000f00        0x4 ./ra_gen/task_uart.o
                0x20000f00                task_uart
 .bss.task_uart_memory
                0x20000f04       0x60 ./ra_gen/task_uart.o
 .bss.g_mask_level_before_disable
                0x20000f64        0x4 ./ra/fsp/src/rm_freertos_port/port.o
 .bss.uxCriticalNesting
                0x20000f68        0x4 ./ra/fsp/src/rm_freertos_port/port.o
 .bss.g_bsp_group_irq_sources
                0x20000f6c       0x40 ./ra/fsp/src/bsp/mcu/all/bsp_group_irq.o
                0x20000f6c                g_bsp_group_irq_sources
 .bss.g_protect_pfswe_counter
                0x20000fac        0x4 ./ra/fsp/src/bsp/mcu/all/bsp_io.o
                0x20000fac                g_protect_pfswe_counter
 .bss.gp_renesas_isr_context
                0x20000fb0       0x80 ./ra/fsp/src/bsp/mcu/all/bsp_irq.o
                0x20000fb0                gp_renesas_isr_context
 .bss.g_protect_counters
                0x20001030        0x8 ./ra/fsp/src/bsp/mcu/all/bsp_register_protection.o
                0x20001030                g_protect_counters
 .bss.SystemCoreClock
                0x20001038        0x4 ./ra/fsp/src/bsp/cmsis/Device/RENESAS/Source/system.o
                0x20001038                SystemCoreClock
 *fill*         0x2000103c        0x4 
 .bss.xQueueRegistry
                0x20001040       0x50 ./ra/aws/FreeRTOS/FreeRTOS/Source/queue.o
                0x20001040                xQueueRegistry
 .bss.uxSchedulerSuspended
                0x20001090        0x4 ./ra/aws/FreeRTOS/FreeRTOS/Source/tasks.o
 .bss.xNextTaskUnblockTime
                0x20001094        0x4 ./ra/aws/FreeRTOS/FreeRTOS/Source/tasks.o
 .bss.uxTaskNumber
                0x20001098        0x4 ./ra/aws/FreeRTOS/FreeRTOS/Source/tasks.o
 .bss.xNumOfOverflows
                0x2000109c        0x4 ./ra/aws/FreeRTOS/FreeRTOS/Source/tasks.o
 .bss.xYieldPending
                0x200010a0        0x4 ./ra/aws/FreeRTOS/FreeRTOS/Source/tasks.o
 .bss.xPendedTicks
                0x200010a4        0x4 ./ra/aws/FreeRTOS/FreeRTOS/Source/tasks.o
 .bss.xSchedulerRunning
                0x200010a8        0x4 ./ra/aws/FreeRTOS/FreeRTOS/Source/tasks.o
 .bss.uxTopReadyPriority
                0x200010ac        0x4 ./ra/aws/FreeRTOS/FreeRTOS/Source/tasks.o
 .bss.xTickCount
                0x200010b0        0x4 ./ra/aws/FreeRTOS/FreeRTOS/Source/tasks.o
 .bss.uxCurrentNumberOfTasks
                0x200010b4        0x4 ./ra/aws/FreeRTOS/FreeRTOS/Source/tasks.o
 .bss.xSuspendedTaskList
                0x200010b8       0x14 ./ra/aws/FreeRTOS/FreeRTOS/Source/tasks.o
 .bss.uxDeletedTasksWaitingCleanUp
                0x200010cc        0x4 ./ra/aws/FreeRTOS/FreeRTOS/Source/tasks.o
 .bss.xTasksWaitingTermination
                0x200010d0       0x14 ./ra/aws/FreeRTOS/FreeRTOS/Source/tasks.o
 .bss.xPendingReadyList
                0x200010e4       0x14 ./ra/aws/FreeRTOS/FreeRTOS/Source/tasks.o
 .bss.pxOverflowDelayedTaskList
                0x200010f8        0x4 ./ra/aws/FreeRTOS/FreeRTOS/Source/tasks.o
 .bss.pxDelayedTaskList
                0x200010fc        0x4 ./ra/aws/FreeRTOS/FreeRTOS/Source/tasks.o
 .bss.xDelayedTaskList2
                0x20001100       0x14 ./ra/aws/FreeRTOS/FreeRTOS/Source/tasks.o
 .bss.xDelayedTaskList1
                0x20001114       0x14 ./ra/aws/FreeRTOS/FreeRTOS/Source/tasks.o
 .bss.pxReadyTasksLists
                0x20001128       0x64 ./ra/aws/FreeRTOS/FreeRTOS/Source/tasks.o
 .bss.pxCurrentTCB
                0x2000118c        0x4 ./ra/aws/FreeRTOS/FreeRTOS/Source/tasks.o
                0x2000118c                pxCurrentTCB
 .bss.xStaticTimerQueue.12
                0x20001190       0x48 ./ra/aws/FreeRTOS/FreeRTOS/Source/timers.o
 .bss.ucStaticTimerQueueStorage.13
                0x200011d8       0x78 ./ra/aws/FreeRTOS/FreeRTOS/Source/timers.o
 .bss.xLastTime.15
                0x20001250        0x4 ./ra/aws/FreeRTOS/FreeRTOS/Source/timers.o
 .bss.xTimerTaskHandle
                0x20001254        0x4 ./ra/aws/FreeRTOS/FreeRTOS/Source/timers.o
 .bss.xTimerQueue
                0x20001258        0x4 ./ra/aws/FreeRTOS/FreeRTOS/Source/timers.o
 .bss.pxOverflowTimerList
                0x2000125c        0x4 ./ra/aws/FreeRTOS/FreeRTOS/Source/timers.o
 .bss.pxCurrentTimerList
                0x20001260        0x4 ./ra/aws/FreeRTOS/FreeRTOS/Source/timers.o
 .bss.xActiveTimerList2
                0x20001264       0x14 ./ra/aws/FreeRTOS/FreeRTOS/Source/timers.o
 .bss.xActiveTimerList1
                0x20001278       0x14 ./ra/aws/FreeRTOS/FreeRTOS/Source/timers.o
 *(COMMON)
                0x2000128c                        . = ALIGN (0x4)
                0x2000128c                        __bss_end__ = .

.heap           0x2000128c        0x4
                0x20001290                        . = ALIGN (0x8)
 *fill*         0x2000128c        0x4 
                0x20001290                        __HeapBase = .
 *(.heap)
                0x20001290                        __HeapLimit = .

.stack_dummy    0x20001290      0xc00
                0x20001290                        . = ALIGN (0x8)
                0x20001290                        __StackLimit = .
 *(.stack)
 .stack         0x20001290      0x400 ./ra/fsp/src/bsp/cmsis/Device/RENESAS/Source/startup.o
                0x20001690                        __StackTop = .
 *(.stack*)
 .stack.task_battery
                0x20001690      0x400 ./ra_gen/task_battery.o
 .stack.task_uart
                0x20001a90      0x400 ./ra_gen/task_uart.o
                0x20001e90                        __StackTopAll = .
                0x20001e90                        PROVIDE (__stack = __StackTopAll)
                0x20001e90                        __RAM_segment_used_end__ = ALIGN (__StackTopAll, 0x4)
                0x20002000                        __tz_RAM_C = DEFINED (RAM_NSC_START)?ABSOLUTE ((RAM_NSC_START - RAM_NS_BUFFER_BLOCK_LENGTH)):__RESERVE_NS_RAM?ABSOLUTE (RAM_NS_BUFFER_BLOCK_START):ALIGN (__RAM_segment_used_end__, 0x400)
                0x20002000                        __tz_RAM_N = DEFINED (RAM_NS_START)?ABSOLUTE ((RAM_NS_START - RAM_NS_BUFFER_BLOCK_LENGTH)):__RESERVE_NS_RAM?ABSOLUTE (RAM_NS_BUFFER_BLOCK_START):ALIGN (__tz_RAM_C, 0x2000)

.ns_buffer      0x20001e90        0x0
                0x20001e90                        . = __RESERVE_NS_RAM?ABSOLUTE ((RAM_NS_BUFFER_START & 0xffffffe0)):.
 *(.ns_buffer*)

.data_flash     0x40100000        0x0
                0x40100000                        . = ORIGIN (DATA_FLASH)
                0x40100000                        __tz_DATA_FLASH_S = .
                0x40100000                        __Data_Flash_Start = .
 *(.data_flash*)
                0x40100000                        __Data_Flash_End = .
                0x40100000                        __tz_DATA_FLASH_N = DEFINED (DATA_FLASH_NS_START)?ABSOLUTE (DATA_FLASH_NS_START):__RESERVE_NS_RAM?ABSOLUTE ((DATA_FLASH_START + DATA_FLASH_LENGTH)):ALIGN (0x400)
                0x80010000                        __tz_SDRAM_S = ORIGIN (SDRAM)

.sdram          0x80010000        0x0
                0x80010000                        __SDRAM_Start = .
 *(.sdram*)
 *(.frame*)
                0x80010000                        __SDRAM_End = .
                0x80010000                        __tz_SDRAM_N = __SDRAM_End
                0x01010018                        __tz_ID_CODE_S = ORIGIN (ID_CODE)

.id_code        0x01010018       0x1c
                0x01010018                        __ID_Code_Start = .
 *(.id_code*)
 .id_code       0x01010018       0x1c ./ra/fsp/src/bsp/mcu/all/bsp_rom_registers.o
                0x01010034                        __ID_Code_End = .
                0x01010034                        __tz_ID_CODE_N = __ID_Code_End
                0x00000000                        __tz_OPTION_SETTING_S = ORIGIN (OPTION_SETTING_OFS)

.rel.dyn        0x01010034        0x0
 .rel.iplt      0x01010034        0x0 /opt/work/e2_studio_v2/toolchains/gcc_arm/12_2_MPACBTI-Rel1/arm-gnu-toolchain-12.2.mpacbti-rel1-x86_64-arm-none-eabi/bin/../lib/gcc/arm-none-eabi/12.2.1/thumb/v8-m.base/nofp/crtbegin.o

.option_setting_ofs
                0x00000000        0x0
                0x00000000                        __OPTION_SETTING_OFS_Start = .
 *(.option_setting_ofs0)
                0x00000000                        . = PROJECT_SECURE_OR_FLAT?(__OPTION_SETTING_OFS_Start + 0x4):__OPTION_SETTING_OFS_Start
 *(.option_setting_ofs2)
                0x00000000                        . = PROJECT_SECURE_OR_FLAT?(__OPTION_SETTING_OFS_Start + 0x10):__OPTION_SETTING_OFS_Start
 *(.option_setting_dualsel)
                0x00000000                        __OPTION_SETTING_OFS_End = .

.option_setting_sas
                0x00000034        0x0
                0x00000034                        __OPTION_SETTING_SAS_Start = .
 *(.option_setting_sas)
                0x00000034                        __OPTION_SETTING_SAS_End = .
                0x00000080                        __tz_OPTION_SETTING_N = ABSOLUTE (OPTION_SETTING_START_NS)

.option_setting_ns
                0x00000000        0x0
                0x00000000                        __OPTION_SETTING_NS_Start = .
 *(.option_setting_ofs1)
                0x00000000                        . = USE_OPTION_SETTING_NS?(__OPTION_SETTING_NS_Start + 0x4):__OPTION_SETTING_NS_Start
 *(.option_setting_ofs3)
                0x00000000                        . = USE_OPTION_SETTING_NS?(__OPTION_SETTING_NS_Start + 0x10):__OPTION_SETTING_NS_Start
 *(.option_setting_banksel)
                0x00000000                        . = USE_OPTION_SETTING_NS?(__OPTION_SETTING_NS_Start + 0x40):__OPTION_SETTING_NS_Start
 *(.option_setting_bps0)
                0x00000000                        . = USE_OPTION_SETTING_NS?(__OPTION_SETTING_NS_Start + 0x44):__OPTION_SETTING_NS_Start
 *(.option_setting_bps1)
                0x00000000                        . = USE_OPTION_SETTING_NS?(__OPTION_SETTING_NS_Start + 0x48):__OPTION_SETTING_NS_Start
 *(.option_setting_bps2)
                0x00000000                        . = USE_OPTION_SETTING_NS?(__OPTION_SETTING_NS_Start + 0x4c):__OPTION_SETTING_NS_Start
 *(.option_setting_bps3)
                0x00000000                        . = USE_OPTION_SETTING_NS?(__OPTION_SETTING_NS_Start + 0x60):__OPTION_SETTING_NS_Start
 *(.option_setting_pbps0)
                0x00000000                        . = USE_OPTION_SETTING_NS?(__OPTION_SETTING_NS_Start + 0x64):__OPTION_SETTING_NS_Start
 *(.option_setting_pbps1)
                0x00000000                        . = USE_OPTION_SETTING_NS?(__OPTION_SETTING_NS_Start + 0x68):__OPTION_SETTING_NS_Start
 *(.option_setting_pbps2)
                0x00000000                        . = USE_OPTION_SETTING_NS?(__OPTION_SETTING_NS_Start + 0x6c):__OPTION_SETTING_NS_Start
 *(.option_setting_pbps3)
                0x00000000                        __OPTION_SETTING_NS_End = .
                0x80000000                        __tz_OPTION_SETTING_S_S = ORIGIN (OPTION_SETTING_S)

.option_setting_s
                0x80000000        0x0
                0x80000000                        __OPTION_SETTING_S_Start = .
 *(.option_setting_ofs1_sec)
                0x80000000                        . = PROJECT_SECURE_OR_FLAT?(__OPTION_SETTING_S_Start + 0x4):__OPTION_SETTING_S_Start
 *(.option_setting_ofs3_sec)
                0x80000000                        . = PROJECT_SECURE_OR_FLAT?(__OPTION_SETTING_S_Start + 0x10):__OPTION_SETTING_S_Start
 *(.option_setting_banksel_sec)
                0x80000000                        . = PROJECT_SECURE_OR_FLAT?(__OPTION_SETTING_S_Start + 0x40):__OPTION_SETTING_S_Start
 *(.option_setting_bps_sec0)
                0x80000000                        . = PROJECT_SECURE_OR_FLAT?(__OPTION_SETTING_S_Start + 0x44):__OPTION_SETTING_S_Start
 *(.option_setting_bps_sec1)
                0x80000000                        . = PROJECT_SECURE_OR_FLAT?(__OPTION_SETTING_S_Start + 0x48):__OPTION_SETTING_S_Start
 *(.option_setting_bps_sec2)
                0x80000000                        . = PROJECT_SECURE_OR_FLAT?(__OPTION_SETTING_S_Start + 0x4c):__OPTION_SETTING_S_Start
 *(.option_setting_bps_sec3)
                0x80000000                        . = PROJECT_SECURE_OR_FLAT?(__OPTION_SETTING_S_Start + 0x60):__OPTION_SETTING_S_Start
 *(.option_setting_pbps_sec0)
                0x80000000                        . = PROJECT_SECURE_OR_FLAT?(__OPTION_SETTING_S_Start + 0x64):__OPTION_SETTING_S_Start
 *(.option_setting_pbps_sec1)
                0x80000000                        . = PROJECT_SECURE_OR_FLAT?(__OPTION_SETTING_S_Start + 0x68):__OPTION_SETTING_S_Start
 *(.option_setting_pbps_sec2)
                0x80000000                        . = PROJECT_SECURE_OR_FLAT?(__OPTION_SETTING_S_Start + 0x6c):__OPTION_SETTING_S_Start
 *(.option_setting_pbps_sec3)
                0x80000000                        . = PROJECT_SECURE_OR_FLAT?(__OPTION_SETTING_S_Start + 0x80):__OPTION_SETTING_S_Start
 *(.option_setting_ofs1_sel)
                0x80000000                        . = PROJECT_SECURE_OR_FLAT?(__OPTION_SETTING_S_Start + 0x84):__OPTION_SETTING_S_Start
 *(.option_setting_ofs3_sel)
                0x80000000                        . = PROJECT_SECURE_OR_FLAT?(__OPTION_SETTING_S_Start + 0x90):__OPTION_SETTING_S_Start
 *(.option_setting_banksel_sel)
                0x80000000                        . = PROJECT_SECURE_OR_FLAT?(__OPTION_SETTING_S_Start + 0xc0):__OPTION_SETTING_S_Start
 *(.option_setting_bps_sel0)
                0x80000000                        . = PROJECT_SECURE_OR_FLAT?(__OPTION_SETTING_S_Start + 0xc4):__OPTION_SETTING_S_Start
 *(.option_setting_bps_sel1)
                0x80000000                        . = PROJECT_SECURE_OR_FLAT?(__OPTION_SETTING_S_Start + 0xc8):__OPTION_SETTING_S_Start
 *(.option_setting_bps_sel2)
                0x80000000                        . = PROJECT_SECURE_OR_FLAT?(__OPTION_SETTING_S_Start + 0xcc):__OPTION_SETTING_S_Start
 *(.option_setting_bps_sel3)
                0x80000000                        __OPTION_SETTING_S_End = .
                0x80000000                        __tz_OPTION_SETTING_S_N = __OPTION_SETTING_S_End
OUTPUT(ADC_UART_FREERTOS.elf elf32-littlearm)
LOAD linker stubs

.ARM.attributes
                0x00000000       0x2c
 .ARM.attributes
                0x00000000       0x22 /opt/work/e2_studio_v2/toolchains/gcc_arm/12_2_MPACBTI-Rel1/arm-gnu-toolchain-12.2.mpacbti-rel1-x86_64-arm-none-eabi/bin/../lib/gcc/arm-none-eabi/12.2.1/thumb/v8-m.base/nofp/crti.o
 .ARM.attributes
                0x00000022       0x30 /opt/work/e2_studio_v2/toolchains/gcc_arm/12_2_MPACBTI-Rel1/arm-gnu-toolchain-12.2.mpacbti-rel1-x86_64-arm-none-eabi/bin/../lib/gcc/arm-none-eabi/12.2.1/thumb/v8-m.base/nofp/crtbegin.o
 .ARM.attributes
                0x00000052       0x30 ./src/RTT/SEGGER_RTT.o
 .ARM.attributes
                0x00000082       0x30 ./src/RTT/SEGGER_RTT_printf.o
 .ARM.attributes
                0x000000b2       0x30 ./src/basic_io.o
 .ARM.attributes
                0x000000e2       0x30 ./src/hal_entry.o
 .ARM.attributes
                0x00000112       0x30 ./src/task_battery_entry.o
 .ARM.attributes
                0x00000142       0x30 ./src/task_uart_entry.o
 .ARM.attributes
                0x00000172       0x30 ./ra_gen/common_data.o
 .ARM.attributes
                0x000001a2       0x30 ./ra_gen/hal_data.o
 .ARM.attributes
                0x000001d2       0x30 ./ra_gen/main.o
 .ARM.attributes
                0x00000202       0x30 ./ra_gen/pin_data.o
 .ARM.attributes
                0x00000232       0x30 ./ra_gen/task_battery.o
 .ARM.attributes
                0x00000262       0x30 ./ra_gen/task_uart.o
 .ARM.attributes
                0x00000292       0x30 ./ra_gen/vector_data.o
 .ARM.attributes
                0x000002c2       0x30 ./ra/fsp/src/rm_freertos_port/port.o
 .ARM.attributes
                0x000002f2       0x30 ./ra/fsp/src/r_sci_uart/r_sci_uart.o
 .ARM.attributes
                0x00000322       0x30 ./ra/fsp/src/r_ioport/r_ioport.o
 .ARM.attributes
                0x00000352       0x30 ./ra/fsp/src/r_adc/r_adc.o
 .ARM.attributes
                0x00000382       0x30 ./ra/fsp/src/bsp/mcu/all/bsp_clocks.o
 .ARM.attributes
                0x000003b2       0x30 ./ra/fsp/src/bsp/mcu/all/bsp_common.o
 .ARM.attributes
                0x000003e2       0x30 ./ra/fsp/src/bsp/mcu/all/bsp_delay.o
 .ARM.attributes
                0x00000412       0x30 ./ra/fsp/src/bsp/mcu/all/bsp_group_irq.o
 .ARM.attributes
                0x00000442       0x30 ./ra/fsp/src/bsp/mcu/all/bsp_io.o
 .ARM.attributes
                0x00000472       0x30 ./ra/fsp/src/bsp/mcu/all/bsp_irq.o
 .ARM.attributes
                0x000004a2       0x30 ./ra/fsp/src/bsp/mcu/all/bsp_register_protection.o
 .ARM.attributes
                0x000004d2       0x30 ./ra/fsp/src/bsp/mcu/all/bsp_rom_registers.o
 .ARM.attributes
                0x00000502       0x30 ./ra/fsp/src/bsp/cmsis/Device/RENESAS/Source/startup.o
 .ARM.attributes
                0x00000532       0x30 ./ra/fsp/src/bsp/cmsis/Device/RENESAS/Source/system.o
 .ARM.attributes
                0x00000562       0x30 ./ra/aws/FreeRTOS/FreeRTOS/Source/list.o
 .ARM.attributes
                0x00000592       0x30 ./ra/aws/FreeRTOS/FreeRTOS/Source/queue.o
 .ARM.attributes
                0x000005c2       0x30 ./ra/aws/FreeRTOS/FreeRTOS/Source/tasks.o
 .ARM.attributes
                0x000005f2       0x30 ./ra/aws/FreeRTOS/FreeRTOS/Source/timers.o
 .ARM.attributes
                0x00000622       0x22 /opt/work/e2_studio_v2/toolchains/gcc_arm/12_2_MPACBTI-Rel1/arm-gnu-toolchain-12.2.mpacbti-rel1-x86_64-arm-none-eabi/bin/../lib/gcc/arm-none-eabi/12.2.1/thumb/v8-m.base/nofp/libgcc.a(_clzsi2.o)
 .ARM.attributes
                0x00000644       0x30 /opt/work/e2_studio_v2/toolchains/gcc_arm/12_2_MPACBTI-Rel1/arm-gnu-toolchain-12.2.mpacbti-rel1-x86_64-arm-none-eabi/bin/../lib/gcc/arm-none-eabi/12.2.1/thumb/v8-m.base/nofp/libgcc.a(_muldi3.o)
 .ARM.attributes
                0x00000674       0x30 /opt/work/e2_studio_v2/toolchains/gcc_arm/12_2_MPACBTI-Rel1/arm-gnu-toolchain-12.2.mpacbti-rel1-x86_64-arm-none-eabi/bin/../lib/gcc/arm-none-eabi/12.2.1/thumb/v8-m.base/nofp/libgcc.a(mulsf3.o)
 .ARM.attributes
                0x000006a4       0x30 /opt/work/e2_studio_v2/toolchains/gcc_arm/12_2_MPACBTI-Rel1/arm-gnu-toolchain-12.2.mpacbti-rel1-x86_64-arm-none-eabi/bin/../lib/gcc/arm-none-eabi/12.2.1/thumb/v8-m.base/nofp/libgcc.a(subsf3.o)
 .ARM.attributes
                0x000006d4       0x30 /opt/work/e2_studio_v2/toolchains/gcc_arm/12_2_MPACBTI-Rel1/arm-gnu-toolchain-12.2.mpacbti-rel1-x86_64-arm-none-eabi/bin/../lib/gcc/arm-none-eabi/12.2.1/thumb/v8-m.base/nofp/libgcc.a(fixsfsi.o)
 .ARM.attributes
                0x00000704       0x30 /opt/work/e2_studio_v2/toolchains/gcc_arm/12_2_MPACBTI-Rel1/arm-gnu-toolchain-12.2.mpacbti-rel1-x86_64-arm-none-eabi/bin/../lib/gcc/arm-none-eabi/12.2.1/thumb/v8-m.base/nofp/libgcc.a(floatsisf.o)
 .ARM.attributes
                0x00000734       0x30 /opt/work/e2_studio_v2/toolchains/gcc_arm/12_2_MPACBTI-Rel1/arm-gnu-toolchain-12.2.mpacbti-rel1-x86_64-arm-none-eabi/bin/../lib/gcc/arm-none-eabi/12.2.1/../../../../arm-none-eabi/lib/thumb/v8-m.base/nofp/libg_nano.a(libc_a-memcpy-stub.o)
 .ARM.attributes
                0x00000764       0x30 /opt/work/e2_studio_v2/toolchains/gcc_arm/12_2_MPACBTI-Rel1/arm-gnu-toolchain-12.2.mpacbti-rel1-x86_64-arm-none-eabi/bin/../lib/gcc/arm-none-eabi/12.2.1/../../../../arm-none-eabi/lib/thumb/v8-m.base/nofp/libg_nano.a(libc_a-memset.o)
 .ARM.attributes
                0x00000794       0x30 /opt/work/e2_studio_v2/toolchains/gcc_arm/12_2_MPACBTI-Rel1/arm-gnu-toolchain-12.2.mpacbti-rel1-x86_64-arm-none-eabi/bin/../lib/gcc/arm-none-eabi/12.2.1/thumb/v8-m.base/nofp/crtend.o
 .ARM.attributes
                0x000007c4       0x22 /opt/work/e2_studio_v2/toolchains/gcc_arm/12_2_MPACBTI-Rel1/arm-gnu-toolchain-12.2.mpacbti-rel1-x86_64-arm-none-eabi/bin/../lib/gcc/arm-none-eabi/12.2.1/thumb/v8-m.base/nofp/crtn.o

.comment        0x00000000       0x55
 .comment       0x00000000       0x55 ./src/RTT/SEGGER_RTT.o
                                 0x56 (size before relaxing)
 .comment       0x00000055       0x56 ./src/RTT/SEGGER_RTT_printf.o
 .comment       0x00000055       0x56 ./src/basic_io.o
 .comment       0x00000055       0x56 ./src/hal_entry.o
 .comment       0x00000055       0x56 ./src/task_battery_entry.o
 .comment       0x00000055       0x56 ./src/task_uart_entry.o
 .comment       0x00000055       0x56 ./ra_gen/common_data.o
 .comment       0x00000055       0x56 ./ra_gen/hal_data.o
 .comment       0x00000055       0x56 ./ra_gen/main.o
 .comment       0x00000055       0x56 ./ra_gen/pin_data.o
 .comment       0x00000055       0x56 ./ra_gen/task_battery.o
 .comment       0x00000055       0x56 ./ra_gen/task_uart.o
 .comment       0x00000055       0x56 ./ra_gen/vector_data.o
 .comment       0x00000055       0x56 ./ra/fsp/src/rm_freertos_port/port.o
 .comment       0x00000055       0x56 ./ra/fsp/src/r_sci_uart/r_sci_uart.o
 .comment       0x00000055       0x56 ./ra/fsp/src/r_ioport/r_ioport.o
 .comment       0x00000055       0x56 ./ra/fsp/src/r_adc/r_adc.o
 .comment       0x00000055       0x56 ./ra/fsp/src/bsp/mcu/all/bsp_clocks.o
 .comment       0x00000055       0x56 ./ra/fsp/src/bsp/mcu/all/bsp_common.o
 .comment       0x00000055       0x56 ./ra/fsp/src/bsp/mcu/all/bsp_delay.o
 .comment       0x00000055       0x56 ./ra/fsp/src/bsp/mcu/all/bsp_group_irq.o
 .comment       0x00000055       0x56 ./ra/fsp/src/bsp/mcu/all/bsp_io.o
 .comment       0x00000055       0x56 ./ra/fsp/src/bsp/mcu/all/bsp_irq.o
 .comment       0x00000055       0x56 ./ra/fsp/src/bsp/mcu/all/bsp_register_protection.o
 .comment       0x00000055       0x56 ./ra/fsp/src/bsp/mcu/all/bsp_rom_registers.o
 .comment       0x00000055       0x56 ./ra/fsp/src/bsp/cmsis/Device/RENESAS/Source/startup.o
 .comment       0x00000055       0x56 ./ra/fsp/src/bsp/cmsis/Device/RENESAS/Source/system.o
 .comment       0x00000055       0x56 ./ra/aws/FreeRTOS/FreeRTOS/Source/list.o
 .comment       0x00000055       0x56 ./ra/aws/FreeRTOS/FreeRTOS/Source/queue.o
 .comment       0x00000055       0x56 ./ra/aws/FreeRTOS/FreeRTOS/Source/tasks.o
 .comment       0x00000055       0x56 ./ra/aws/FreeRTOS/FreeRTOS/Source/timers.o

.debug_info     0x00000000    0x48029
 .debug_info    0x00000000     0x23c9 ./src/RTT/SEGGER_RTT.o
 .debug_info    0x000023c9      0x723 ./src/RTT/SEGGER_RTT_printf.o
 .debug_info    0x00002aec      0x1d9 ./src/basic_io.o
 .debug_info    0x00002cc5     0x20f8 ./src/hal_entry.o
 .debug_info    0x00004dbd     0x44bc ./src/task_battery_entry.o
 .debug_info    0x00009279     0x3606 ./src/task_uart_entry.o
 .debug_info    0x0000c87f     0x1207 ./ra_gen/common_data.o
 .debug_info    0x0000da86     0x6f62 ./ra_gen/hal_data.o
 .debug_info    0x000149e8      0x67a ./ra_gen/main.o
 .debug_info    0x00015062      0xa07 ./ra_gen/pin_data.o
 .debug_info    0x00015a69      0x400 ./ra_gen/task_battery.o
 .debug_info    0x00015e69      0x400 ./ra_gen/task_uart.o
 .debug_info    0x00016269      0x4f8 ./ra_gen/vector_data.o
 .debug_info    0x00016761     0x46a0 ./ra/fsp/src/rm_freertos_port/port.o
 .debug_info    0x0001ae01     0x974f ./ra/fsp/src/r_sci_uart/r_sci_uart.o
 .debug_info    0x00024550     0x2f6c ./ra/fsp/src/r_ioport/r_ioport.o
 .debug_info    0x000274bc     0xab94 ./ra/fsp/src/r_adc/r_adc.o
 .debug_info    0x00032050     0x4ef6 ./ra/fsp/src/bsp/mcu/all/bsp_clocks.o
 .debug_info    0x00036f46      0x916 ./ra/fsp/src/bsp/mcu/all/bsp_common.o
 .debug_info    0x0003785c      0x1e8 ./ra/fsp/src/bsp/mcu/all/bsp_delay.o
 .debug_info    0x00037a44     0x13dc ./ra/fsp/src/bsp/mcu/all/bsp_group_irq.o
 .debug_info    0x00038e20       0xa3 ./ra/fsp/src/bsp/mcu/all/bsp_io.o
 .debug_info    0x00038ec3     0x1001 ./ra/fsp/src/bsp/mcu/all/bsp_irq.o
 .debug_info    0x00039ec4     0x3cc4 ./ra/fsp/src/bsp/mcu/all/bsp_register_protection.o
 .debug_info    0x0003db88       0xd6 ./ra/fsp/src/bsp/mcu/all/bsp_rom_registers.o
 .debug_info    0x0003dc5e      0x159 ./ra/fsp/src/bsp/cmsis/Device/RENESAS/Source/startup.o
 .debug_info    0x0003ddb7     0x1e48 ./ra/fsp/src/bsp/cmsis/Device/RENESAS/Source/system.o
 .debug_info    0x0003fbff      0x2d9 ./ra/aws/FreeRTOS/FreeRTOS/Source/list.o
 .debug_info    0x0003fed8     0x2d33 ./ra/aws/FreeRTOS/FreeRTOS/Source/queue.o
 .debug_info    0x00042c0b     0x373d ./ra/aws/FreeRTOS/FreeRTOS/Source/tasks.o
 .debug_info    0x00046348     0x1ce1 ./ra/aws/FreeRTOS/FreeRTOS/Source/timers.o

.debug_abbrev   0x00000000     0x4ee8
 .debug_abbrev  0x00000000      0x376 ./src/RTT/SEGGER_RTT.o
 .debug_abbrev  0x00000376      0x2af ./src/RTT/SEGGER_RTT_printf.o
 .debug_abbrev  0x00000625       0xe9 ./src/basic_io.o
 .debug_abbrev  0x0000070e      0x248 ./src/hal_entry.o
 .debug_abbrev  0x00000956      0x340 ./src/task_battery_entry.o
 .debug_abbrev  0x00000c96      0x3f9 ./src/task_uart_entry.o
 .debug_abbrev  0x0000108f      0x150 ./ra_gen/common_data.o
 .debug_abbrev  0x000011df      0x2c6 ./ra_gen/hal_data.o
 .debug_abbrev  0x000014a5      0x1e9 ./ra_gen/main.o
 .debug_abbrev  0x0000168e       0xdc ./ra_gen/pin_data.o
 .debug_abbrev  0x0000176a      0x1d8 ./ra_gen/task_battery.o
 .debug_abbrev  0x00001942      0x1d8 ./ra_gen/task_uart.o
 .debug_abbrev  0x00001b1a       0xb1 ./ra_gen/vector_data.o
 .debug_abbrev  0x00001bcb      0x3f5 ./ra/fsp/src/rm_freertos_port/port.o
 .debug_abbrev  0x00001fc0      0x59a ./ra/fsp/src/r_sci_uart/r_sci_uart.o
 .debug_abbrev  0x0000255a      0x3c9 ./ra/fsp/src/r_ioport/r_ioport.o
 .debug_abbrev  0x00002923      0x5d6 ./ra/fsp/src/r_adc/r_adc.o
 .debug_abbrev  0x00002ef9      0x3ac ./ra/fsp/src/bsp/mcu/all/bsp_clocks.o
 .debug_abbrev  0x000032a5      0x172 ./ra/fsp/src/bsp/mcu/all/bsp_common.o
 .debug_abbrev  0x00003417      0x10d ./ra/fsp/src/bsp/mcu/all/bsp_delay.o
 .debug_abbrev  0x00003524      0x256 ./ra/fsp/src/bsp/mcu/all/bsp_group_irq.o
 .debug_abbrev  0x0000377a       0x5e ./ra/fsp/src/bsp/mcu/all/bsp_io.o
 .debug_abbrev  0x000037d8      0x1a6 ./ra/fsp/src/bsp/mcu/all/bsp_irq.o
 .debug_abbrev  0x0000397e      0x252 ./ra/fsp/src/bsp/mcu/all/bsp_register_protection.o
 .debug_abbrev  0x00003bd0       0x5f ./ra/fsp/src/bsp/mcu/all/bsp_rom_registers.o
 .debug_abbrev  0x00003c2f       0xf9 ./ra/fsp/src/bsp/cmsis/Device/RENESAS/Source/startup.o
 .debug_abbrev  0x00003d28      0x381 ./ra/fsp/src/bsp/cmsis/Device/RENESAS/Source/system.o
 .debug_abbrev  0x000040a9      0x106 ./ra/aws/FreeRTOS/FreeRTOS/Source/list.o
 .debug_abbrev  0x000041af      0x46a ./ra/aws/FreeRTOS/FreeRTOS/Source/queue.o
 .debug_abbrev  0x00004619      0x4df ./ra/aws/FreeRTOS/FreeRTOS/Source/tasks.o
 .debug_abbrev  0x00004af8      0x3f0 ./ra/aws/FreeRTOS/FreeRTOS/Source/timers.o

.debug_loc      0x00000000     0xeed2
 .debug_loc     0x00000000     0x32be ./src/RTT/SEGGER_RTT.o
 .debug_loc     0x000032be      0xa93 ./src/RTT/SEGGER_RTT_printf.o
 .debug_loc     0x00003d51       0xc8 ./src/basic_io.o
 .debug_loc     0x00003e19       0x42 ./src/hal_entry.o
 .debug_loc     0x00003e5b      0x302 ./src/task_battery_entry.o
 .debug_loc     0x0000415d      0x291 ./src/task_uart_entry.o
 .debug_loc     0x000043ee       0x22 ./ra_gen/main.o
 .debug_loc     0x00004410       0x32 ./ra_gen/task_battery.o
 .debug_loc     0x00004442       0x32 ./ra_gen/task_uart.o
 .debug_loc     0x00004474      0x3d7 ./ra/fsp/src/rm_freertos_port/port.o
 .debug_loc     0x0000484b     0x12e2 ./ra/fsp/src/r_sci_uart/r_sci_uart.o
 .debug_loc     0x00005b2d      0xbb7 ./ra/fsp/src/r_ioport/r_ioport.o
 .debug_loc     0x000066e4     0x1789 ./ra/fsp/src/r_adc/r_adc.o
 .debug_loc     0x00007e6d      0x277 ./ra/fsp/src/bsp/mcu/all/bsp_clocks.o
 .debug_loc     0x000080e4       0x25 ./ra/fsp/src/bsp/mcu/all/bsp_common.o
 .debug_loc     0x00008109      0x185 ./ra/fsp/src/bsp/mcu/all/bsp_delay.o
 .debug_loc     0x0000828e       0x92 ./ra/fsp/src/bsp/mcu/all/bsp_group_irq.o
 .debug_loc     0x00008320       0x3f ./ra/fsp/src/bsp/mcu/all/bsp_irq.o
 .debug_loc     0x0000835f      0x110 ./ra/fsp/src/bsp/mcu/all/bsp_register_protection.o
 .debug_loc     0x0000846f      0x11a ./ra/fsp/src/bsp/cmsis/Device/RENESAS/Source/system.o
 .debug_loc     0x00008589       0xd7 ./ra/aws/FreeRTOS/FreeRTOS/Source/list.o
 .debug_loc     0x00008660     0x2871 ./ra/aws/FreeRTOS/FreeRTOS/Source/queue.o
 .debug_loc     0x0000aed1     0x2cfe ./ra/aws/FreeRTOS/FreeRTOS/Source/tasks.o
 .debug_loc     0x0000dbcf     0x1303 ./ra/aws/FreeRTOS/FreeRTOS/Source/timers.o

.debug_aranges  0x00000000      0xa60
 .debug_aranges
                0x00000000      0x130 ./src/RTT/SEGGER_RTT.o
 .debug_aranges
                0x00000130       0x38 ./src/RTT/SEGGER_RTT_printf.o
 .debug_aranges
                0x00000168       0x30 ./src/basic_io.o
 .debug_aranges
                0x00000198       0x28 ./src/hal_entry.o
 .debug_aranges
                0x000001c0       0x30 ./src/task_battery_entry.o
 .debug_aranges
                0x000001f0       0x38 ./src/task_uart_entry.o
 .debug_aranges
                0x00000228       0x20 ./ra_gen/common_data.o
 .debug_aranges
                0x00000248       0x20 ./ra_gen/hal_data.o
 .debug_aranges